Archive member included to satisfy reference by file (symbol)

/usr/local/Cellar/gcc-arm-none-eabi/20180627/bin/../lib/gcc/arm-none-eabi/7.3.1/../../../../arm-none-eabi/lib/thumb/v7e-m/fpv4-sp/hard/libc_nano.a(lib_a-exit.o)
                              /usr/local/Cellar/gcc-arm-none-eabi/20180627/bin/../lib/gcc/arm-none-eabi/7.3.1/../../../../arm-none-eabi/lib/thumb/v7e-m/fpv4-sp/hard/crt0.o (exit)
/usr/local/Cellar/gcc-arm-none-eabi/20180627/bin/../lib/gcc/arm-none-eabi/7.3.1/../../../../arm-none-eabi/lib/thumb/v7e-m/fpv4-sp/hard/libc_nano.a(lib_a-impure.o)
                              /usr/local/Cellar/gcc-arm-none-eabi/20180627/bin/../lib/gcc/arm-none-eabi/7.3.1/../../../../arm-none-eabi/lib/thumb/v7e-m/fpv4-sp/hard/libc_nano.a(lib_a-exit.o) (_global_impure_ptr)
/usr/local/Cellar/gcc-arm-none-eabi/20180627/bin/../lib/gcc/arm-none-eabi/7.3.1/../../../../arm-none-eabi/lib/thumb/v7e-m/fpv4-sp/hard/libc_nano.a(lib_a-init.o)
                              /usr/local/Cellar/gcc-arm-none-eabi/20180627/bin/../lib/gcc/arm-none-eabi/7.3.1/../../../../arm-none-eabi/lib/thumb/v7e-m/fpv4-sp/hard/crt0.o (__libc_init_array)
/usr/local/Cellar/gcc-arm-none-eabi/20180627/bin/../lib/gcc/arm-none-eabi/7.3.1/../../../../arm-none-eabi/lib/thumb/v7e-m/fpv4-sp/hard/libc_nano.a(lib_a-locale.o)
                              _build/nrf52832_xxaa/nrf_log_str_formatter.c.o (__locale_ctype_ptr)
/usr/local/Cellar/gcc-arm-none-eabi/20180627/bin/../lib/gcc/arm-none-eabi/7.3.1/../../../../arm-none-eabi/lib/thumb/v7e-m/fpv4-sp/hard/libc_nano.a(lib_a-mbtowc_r.o)
                              /usr/local/Cellar/gcc-arm-none-eabi/20180627/bin/../lib/gcc/arm-none-eabi/7.3.1/../../../../arm-none-eabi/lib/thumb/v7e-m/fpv4-sp/hard/libc_nano.a(lib_a-locale.o) (__ascii_mbtowc)
/usr/local/Cellar/gcc-arm-none-eabi/20180627/bin/../lib/gcc/arm-none-eabi/7.3.1/../../../../arm-none-eabi/lib/thumb/v7e-m/fpv4-sp/hard/libc_nano.a(lib_a-memcmp.o)
                              _build/nrf52832_xxaa/ble_advdata.c.o (memcmp)
/usr/local/Cellar/gcc-arm-none-eabi/20180627/bin/../lib/gcc/arm-none-eabi/7.3.1/../../../../arm-none-eabi/lib/thumb/v7e-m/fpv4-sp/hard/libc_nano.a(lib_a-memcpy-stub.o)
                              _build/nrf52832_xxaa/nrf_log_frontend.c.o (memcpy)
/usr/local/Cellar/gcc-arm-none-eabi/20180627/bin/../lib/gcc/arm-none-eabi/7.3.1/../../../../arm-none-eabi/lib/thumb/v7e-m/fpv4-sp/hard/libc_nano.a(lib_a-memset.o)
                              /usr/local/Cellar/gcc-arm-none-eabi/20180627/bin/../lib/gcc/arm-none-eabi/7.3.1/../../../../arm-none-eabi/lib/thumb/v7e-m/fpv4-sp/hard/crt0.o (memset)
/usr/local/Cellar/gcc-arm-none-eabi/20180627/bin/../lib/gcc/arm-none-eabi/7.3.1/../../../../arm-none-eabi/lib/thumb/v7e-m/fpv4-sp/hard/libc_nano.a(lib_a-strcmp.o)
                              /usr/local/Cellar/gcc-arm-none-eabi/20180627/bin/../lib/gcc/arm-none-eabi/7.3.1/../../../../arm-none-eabi/lib/thumb/v7e-m/fpv4-sp/hard/libc_nano.a(lib_a-locale.o) (strcmp)
/usr/local/Cellar/gcc-arm-none-eabi/20180627/bin/../lib/gcc/arm-none-eabi/7.3.1/../../../../arm-none-eabi/lib/thumb/v7e-m/fpv4-sp/hard/libc_nano.a(lib_a-strcpy.o)
                              _build/nrf52832_xxaa/SEGGER_RTT.c.o (strcpy)
/usr/local/Cellar/gcc-arm-none-eabi/20180627/bin/../lib/gcc/arm-none-eabi/7.3.1/../../../../arm-none-eabi/lib/thumb/v7e-m/fpv4-sp/hard/libc_nano.a(lib_a-strlen.o)
                              _build/nrf52832_xxaa/nrf_log_frontend.c.o (strlen)
/usr/local/Cellar/gcc-arm-none-eabi/20180627/bin/../lib/gcc/arm-none-eabi/7.3.1/../../../../arm-none-eabi/lib/thumb/v7e-m/fpv4-sp/hard/libc_nano.a(lib_a-wctomb_r.o)
                              /usr/local/Cellar/gcc-arm-none-eabi/20180627/bin/../lib/gcc/arm-none-eabi/7.3.1/../../../../arm-none-eabi/lib/thumb/v7e-m/fpv4-sp/hard/libc_nano.a(lib_a-locale.o) (__ascii_wctomb)
/usr/local/Cellar/gcc-arm-none-eabi/20180627/bin/../lib/gcc/arm-none-eabi/7.3.1/../../../../arm-none-eabi/lib/thumb/v7e-m/fpv4-sp/hard/libc_nano.a(lib_a-ctype_.o)
                              /usr/local/Cellar/gcc-arm-none-eabi/20180627/bin/../lib/gcc/arm-none-eabi/7.3.1/../../../../arm-none-eabi/lib/thumb/v7e-m/fpv4-sp/hard/libc_nano.a(lib_a-locale.o) (_ctype_)
/usr/local/Cellar/gcc-arm-none-eabi/20180627/bin/../lib/gcc/arm-none-eabi/7.3.1/../../../../arm-none-eabi/lib/thumb/v7e-m/fpv4-sp/hard/libnosys.a(_exit.o)
                              /usr/local/Cellar/gcc-arm-none-eabi/20180627/bin/../lib/gcc/arm-none-eabi/7.3.1/../../../../arm-none-eabi/lib/thumb/v7e-m/fpv4-sp/hard/libc_nano.a(lib_a-exit.o) (_exit)
/usr/local/Cellar/gcc-arm-none-eabi/20180627/bin/../lib/gcc/arm-none-eabi/7.3.1/thumb/v7e-m/fpv4-sp/hard/libgcc.a(_aeabi_ldivmod.o)
                              _build/nrf52832_xxaa/bsp.c.o (__aeabi_ldivmod)
/usr/local/Cellar/gcc-arm-none-eabi/20180627/bin/../lib/gcc/arm-none-eabi/7.3.1/thumb/v7e-m/fpv4-sp/hard/libgcc.a(_aeabi_uldivmod.o)
                              _build/nrf52832_xxaa/bsp.c.o (__aeabi_uldivmod)
[...]
Memory Configuration

Name             Origin             Length             Attributes
FLASH            0x0000000000026000 0x000000000005a000 xr
RAM              0x00000000200018a8 0x000000000000e758 xrw
*default*        0x0000000000000000 0xffffffffffffffff

Linker script and memory map


.text           0x0000000000026000     0x5f88
 *(.isr_vector)
 .isr_vector    0x0000000000026000      0x200 _build/nrf52832_xxaa/gcc_startup_nrf52.S.o
                0x0000000000026000                __isr_vector
 *(.text*)
 .text          0x0000000000026200       0x40 /usr/local/Cellar/gcc-arm-none-eabi/20180627/bin/../lib/gcc/arm-none-eabi/7.3.1/thumb/v7e-m/fpv4-sp/hard/crtbegin.o
 .text          0x0000000000026240       0x74 /usr/local/Cellar/gcc-arm-none-eabi/20180627/bin/../lib/gcc/arm-none-eabi/7.3.1/../../../../arm-none-eabi/lib/thumb/v7e-m/fpv4-sp/hard/crt0.o
                0x0000000000026240                _mainCRTStartup
                0x0000000000026240                _start
 .text          0x00000000000262b4       0x3c _build/nrf52832_xxaa/gcc_startup_nrf52.S.o
                0x00000000000262b4                Reset_Handler
                0x00000000000262dc                NMI_Handler
                0x00000000000262de                HardFault_Handler
                0x00000000000262e0                MemoryManagement_Handler
                0x00000000000262e2                BusFault_Handler
                0x00000000000262e4                UsageFault_Handler
                0x00000000000262e6                SVC_Handler
                0x00000000000262e8                DebugMon_Handler
                0x00000000000262ea                PendSV_Handler
                0x00000000000262ec                SysTick_Handler
                0x00000000000262ee                TIMER4_IRQHandler
                0x00000000000262ee                I2S_IRQHandler
                0x00000000000262ee                SWI4_EGU4_IRQHandler
                0x00000000000262ee                TIMER0_IRQHandler
                0x00000000000262ee                TIMER1_IRQHandler
                0x00000000000262ee                PWM2_IRQHandler
                0x00000000000262ee                ECB_IRQHandler
                0x00000000000262ee                SPIM1_SPIS1_TWIM1_TWIS1_SPI1_TWI1_IRQHandler
                0x00000000000262ee                Default_Handler
                0x00000000000262ee                SAADC_IRQHandler
                0x00000000000262ee                CCM_AAR_IRQHandler
                0x00000000000262ee                WDT_IRQHandler
                0x00000000000262ee                SWI5_EGU5_IRQHandler
                0x00000000000262ee                RNG_IRQHandler
                0x00000000000262ee                RTC2_IRQHandler
                0x00000000000262ee                PWM0_IRQHandler
                0x00000000000262ee                SWI3_EGU3_IRQHandler
                0x00000000000262ee                SWI1_EGU1_IRQHandler
                0x00000000000262ee                SPIM2_SPIS2_SPI2_IRQHandler
                0x00000000000262ee                NFCT_IRQHandler
                0x00000000000262ee                MWU_IRQHandler
                0x00000000000262ee                TIMER2_IRQHandler
                0x00000000000262ee                COMP_LPCOMP_IRQHandler
                0x00000000000262ee                RTC0_IRQHandler
                0x00000000000262ee                PWM1_IRQHandler
                0x00000000000262ee                RADIO_IRQHandler
                0x00000000000262ee                PDM_IRQHandler
                0x00000000000262ee                TEMP_IRQHandler
                0x00000000000262ee                QDEC_IRQHandler
                0x00000000000262ee                TIMER3_IRQHandler
                0x00000000000262ee                FPU_IRQHandler
                0x00000000000262ee                SPIM0_SPIS0_TWIM0_TWIS0_SPI0_TWI0_IRQHandler
 .text.nrf_log_backend_serial_put
                0x00000000000262f0       0xd4 _build/nrf52832_xxaa/nrf_log_backend_serial.c.o
                0x00000000000262f0                nrf_log_backend_serial_put
 .text.uart_evt_handler
                0x00000000000263c4        0xc _build/nrf52832_xxaa/nrf_log_backend_uart.c.o
 .text.nrf_log_backend_uart_flush
                0x00000000000263d0        0x4 _build/nrf52832_xxaa/nrf_log_backend_uart.c.o
 .text.nrf_log_backend_uart_put
                0x00000000000263d4       0x20 _build/nrf52832_xxaa/nrf_log_backend_uart.c.o
 .text.serial_tx
                0x00000000000263f4       0x4c _build/nrf52832_xxaa/nrf_log_backend_uart.c.o
 .text.nrf_log_backend_uart_panic_set
                0x0000000000026440       0x60 _build/nrf52832_xxaa/nrf_log_backend_uart.c.o
 .text.nrf_log_backend_uart_init
                0x00000000000264a0       0x48 _build/nrf52832_xxaa/nrf_log_backend_uart.c.o
                0x00000000000264a0                nrf_log_backend_uart_init
 .text.nrf_log_default_backends_init
                0x00000000000264e8       0x20 _build/nrf52832_xxaa/nrf_log_default_backends.c.o
                0x00000000000264e8                nrf_log_default_backends_init
 .text.log_skip
                0x0000000000026508       0xd4 _build/nrf52832_xxaa/nrf_log_frontend.c.o
 .text.nrf_log_init
                0x00000000000265dc       0x3c _build/nrf52832_xxaa/nrf_log_frontend.c.o
                0x00000000000265dc                nrf_log_init
 .text.nrf_log_module_name_get
                0x0000000000026618       0x58 _build/nrf52832_xxaa/nrf_log_frontend.c.o
                0x0000000000026618                nrf_log_module_name_get
 .text.nrf_log_color_id_get
                0x0000000000026670       0x2c _build/nrf52832_xxaa/nrf_log_frontend.c.o
                0x0000000000026670                nrf_log_color_id_get
 .text.nrf_log_frontend_std_0
                0x000000000002669c       0xf0 _build/nrf52832_xxaa/nrf_log_frontend.c.o
                0x000000000002669c                nrf_log_frontend_std_0
 .text.nrf_log_frontend_dequeue.part.6
                0x000000000002678c      0x26c _build/nrf52832_xxaa/nrf_log_frontend.c.o
 .text.nrf_log_frontend_std_1
                0x00000000000269f8      0x100 _build/nrf52832_xxaa/nrf_log_frontend.c.o
                0x00000000000269f8                nrf_log_frontend_std_1
 .text.nrf_log_frontend_std_2
                0x0000000000026af8      0x104 _build/nrf52832_xxaa/nrf_log_frontend.c.o
                0x0000000000026af8                nrf_log_frontend_std_2
 .text.nrf_log_frontend_dequeue
                0x0000000000026bfc       0x18 _build/nrf52832_xxaa/nrf_log_frontend.c.o
                0x0000000000026bfc                nrf_log_frontend_dequeue
 .text.nrf_log_backend_add
                0x0000000000026c14       0x68 _build/nrf52832_xxaa/nrf_log_frontend.c.o
                0x0000000000026c14                nrf_log_backend_add
 .text.nrf_log_panic
                0x0000000000026c7c       0x2c _build/nrf52832_xxaa/nrf_log_frontend.c.o
                0x0000000000026c7c                nrf_log_panic
 .text.nrf_log_std_entry_process
                0x0000000000026ca8      0x14c _build/nrf52832_xxaa/nrf_log_str_formatter.c.o
                0x0000000000026ca8                nrf_log_std_entry_process
 .text.nrf_log_hexdump_entry_process
                0x0000000000026df4      0x160 _build/nrf52832_xxaa/nrf_log_str_formatter.c.o
                0x0000000000026df4                nrf_log_hexdump_entry_process
 .text.app_error_handler_bare
                0x0000000000026f54       0x20 _build/nrf52832_xxaa/app_error.c.o
                0x0000000000026f54                app_error_handler_bare
 .text.app_error_fault_handler
                0x0000000000026f74       0x70 _build/nrf52832_xxaa/app_error_weak.c.o
                0x0000000000026f74                app_error_fault_handler
 .text.RTC1_IRQHandler
                0x0000000000026fe4       0xa0 _build/nrf52832_xxaa/app_timer.c.o
                0x0000000000026fe4                RTC1_IRQHandler
 .text.SWI0_EGU0_IRQHandler
                0x0000000000027084      0x394 _build/nrf52832_xxaa/app_timer.c.o
                0x0000000000027084                SWI0_EGU0_IRQHandler
 .text.app_timer_init
                0x0000000000027418       0xa8 _build/nrf52832_xxaa/app_timer.c.o
                0x0000000000027418                app_timer_init
 .text.app_timer_create
                0x00000000000274c0       0x24 _build/nrf52832_xxaa/app_timer.c.o
                0x00000000000274c0                app_timer_create
 .text.app_timer_start
                0x00000000000274e4       0xac _build/nrf52832_xxaa/app_timer.c.o
                0x00000000000274e4                app_timer_start
 .text.app_timer_stop
                0x0000000000027590       0x74 _build/nrf52832_xxaa/app_timer.c.o
                0x0000000000027590                app_timer_stop
 .text.app_util_critical_region_enter
                0x0000000000027604       0x4c _build/nrf52832_xxaa/app_util_platform.c.o
                0x0000000000027604                app_util_critical_region_enter
 .text.app_util_critical_region_exit
                0x0000000000027650       0x30 _build/nrf52832_xxaa/app_util_platform.c.o
                0x0000000000027650                app_util_critical_region_exit
 .text.nrf_atflags_set
                0x0000000000027680       0x14 _build/nrf52832_xxaa/nrf_atflags.c.o
                0x0000000000027680                nrf_atflags_set
 .text.nrf_atflags_clear
                0x0000000000027694       0x14 _build/nrf52832_xxaa/nrf_atflags.c.o
                0x0000000000027694                nrf_atflags_clear
 .text.nrf_atflags_get
                0x00000000000276a8       0x14 _build/nrf52832_xxaa/nrf_atflags.c.o
                0x00000000000276a8                nrf_atflags_get
 .text.nrf_atomic_u32_fetch_store
                0x00000000000276bc       0x14 _build/nrf52832_xxaa/nrf_atomic.c.o
                0x00000000000276bc                nrf_atomic_u32_fetch_store
 .text.nrf_atomic_u32_or
                0x00000000000276d0       0x18 _build/nrf52832_xxaa/nrf_atomic.c.o
                0x00000000000276d0                nrf_atomic_u32_or
 .text.nrf_atomic_u32_and
                0x00000000000276e8       0x18 _build/nrf52832_xxaa/nrf_atomic.c.o
                0x00000000000276e8                nrf_atomic_u32_and
 .text.nrf_atomic_u32_add
                0x0000000000027700       0x18 _build/nrf52832_xxaa/nrf_atomic.c.o
                0x0000000000027700                nrf_atomic_u32_add
 .text.nrf_atomic_u32_sub
                0x0000000000027718       0x18 _build/nrf52832_xxaa/nrf_atomic.c.o
                0x0000000000027718                nrf_atomic_u32_sub
 .text.nrf_atomic_flag_set
                0x0000000000027730       0x18 _build/nrf52832_xxaa/nrf_atomic.c.o
                0x0000000000027730                nrf_atomic_flag_set
 .text.nrf_atomic_flag_clear_fetch
                0x0000000000027748       0x18 _build/nrf52832_xxaa/nrf_atomic.c.o
                0x0000000000027748                nrf_atomic_flag_clear_fetch
 .text.nrf_balloc_init
                0x0000000000027760       0x38 _build/nrf52832_xxaa/nrf_balloc.c.o
                0x0000000000027760                nrf_balloc_init
 .text.nrf_balloc_alloc
                0x0000000000027798       0x50 _build/nrf52832_xxaa/nrf_balloc.c.o
                0x0000000000027798                nrf_balloc_alloc
 .text.nrf_balloc_free
                0x00000000000277e8       0x38 _build/nrf52832_xxaa/nrf_balloc.c.o
                0x00000000000277e8                nrf_balloc_free
 .text.nrf_fprintf_buffer_flush
                0x0000000000027820       0x18 _build/nrf52832_xxaa/nrf_fprintf.c.o
                0x0000000000027820                nrf_fprintf_buffer_flush
 .text.nrf_fprintf
                0x0000000000027838       0x20 _build/nrf52832_xxaa/nrf_fprintf.c.o
                0x0000000000027838                nrf_fprintf
 .text.unsigned_print
                0x0000000000027858      0x148 _build/nrf52832_xxaa/nrf_fprintf_format.c.o
 .text.nrf_fprintf_fmt
                0x00000000000279a0      0x6e4 _build/nrf52832_xxaa/nrf_fprintf_format.c.o
                0x00000000000279a0                nrf_fprintf_fmt
 .text.nrf_memobj_pool_init
                0x0000000000028084        0x4 _build/nrf52832_xxaa/nrf_memobj.c.o
                0x0000000000028084                nrf_memobj_pool_init
 .text.nrf_memobj_alloc
                0x0000000000028088       0x84 _build/nrf52832_xxaa/nrf_memobj.c.o
                0x0000000000028088                nrf_memobj_alloc
 .text.nrf_memobj_get
                0x000000000002810c        0x8 _build/nrf52832_xxaa/nrf_memobj.c.o
                0x000000000002810c                nrf_memobj_get
 .text.nrf_memobj_put
                0x0000000000028114       0x44 _build/nrf52832_xxaa/nrf_memobj.c.o
                0x0000000000028114                nrf_memobj_put
 .text.nrf_memobj_write
                0x0000000000028158       0x68 _build/nrf52832_xxaa/nrf_memobj.c.o
                0x0000000000028158                nrf_memobj_write
 .text.nrf_memobj_read
                0x00000000000281c0       0x68 _build/nrf52832_xxaa/nrf_memobj.c.o
                0x00000000000281c0                nrf_memobj_read
 .text.sd_app_evt_wait
                0x0000000000028228        0x4 _build/nrf52832_xxaa/nrf_pwr_mgmt.c.o
 .text.nrf_pwr_mgmt_init
                0x000000000002822c       0x2c _build/nrf52832_xxaa/nrf_pwr_mgmt.c.o
                0x000000000002822c                nrf_pwr_mgmt_init
 .text.nrf_pwr_mgmt_run
                0x0000000000028258       0x50 _build/nrf52832_xxaa/nrf_pwr_mgmt.c.o
                0x0000000000028258                nrf_pwr_mgmt_run
 .text.nrf_ringbuf_init
                0x00000000000282a8       0x1c _build/nrf52832_xxaa/nrf_ringbuf.c.o
                0x00000000000282a8                nrf_ringbuf_init
 .text.nrf_section_iter_init
                0x00000000000282c4       0x14 _build/nrf52832_xxaa/nrf_section_iter.c.o
                0x00000000000282c4                nrf_section_iter_init
 .text.nrf_section_iter_next
                0x00000000000282d8       0x18 _build/nrf52832_xxaa/nrf_section_iter.c.o
                0x00000000000282d8                nrf_section_iter_next
 .text.nrf_strerror_get
                0x00000000000282f0       0x6c _build/nrf52832_xxaa/nrf_strerror.c.o
                0x00000000000282f0                nrf_strerror_get
 .text.SystemInit
                0x000000000002835c      0x3c0 _build/nrf52832_xxaa/system_nrf52.c.o
                0x000000000002835c                SystemInit
 .text.bsp_board_led_state_get
                0x000000000002871c       0x1c _build/nrf52832_xxaa/boards.c.o
                0x000000000002871c                bsp_board_led_state_get
 .text.bsp_board_led_on
                0x0000000000028738       0x18 _build/nrf52832_xxaa/boards.c.o
                0x0000000000028738                bsp_board_led_on
 .text.bsp_board_led_off
                0x0000000000028750       0x18 _build/nrf52832_xxaa/boards.c.o
                0x0000000000028750                bsp_board_led_off
 .text.bsp_board_leds_off
                0x0000000000028768       0x2c _build/nrf52832_xxaa/boards.c.o
                0x0000000000028768                bsp_board_leds_off
 .text.bsp_board_leds_on
                0x0000000000028794       0x2c _build/nrf52832_xxaa/boards.c.o
                0x0000000000028794                bsp_board_leds_on
 .text.bsp_board_led_invert
                0x00000000000287c0       0x24 _build/nrf52832_xxaa/boards.c.o
                0x00000000000287c0                bsp_board_led_invert
 .text.clock_irq_handler
                0x00000000000287e4       0x44 _build/nrf52832_xxaa/nrf_drv_clock.c.o
 .text.soc_evt_handler
                0x0000000000028828       0x28 _build/nrf52832_xxaa/nrf_drv_clock.c.o
 .text.sd_state_evt_handler
                0x0000000000028850       0xa0 _build/nrf52832_xxaa/nrf_drv_clock.c.o
 .text.uarte_evt_handler
                0x00000000000288f0       0x34 _build/nrf52832_xxaa/nrf_drv_uart.c.o
 .text.uart_evt_handler
                0x0000000000028924       0x34 _build/nrf52832_xxaa/nrf_drv_uart.c.o
 .text.nrf_drv_uart_init
                0x0000000000028958       0x80 _build/nrf52832_xxaa/nrf_drv_uart.c.o
                0x0000000000028958                nrf_drv_uart_init
 .text.nrfx_clock_init
                0x00000000000289d8       0x1c _build/nrf52832_xxaa/nrfx_clock.c.o
                0x00000000000289d8                nrfx_clock_init
 .text.nrfx_clock_enable
                0x00000000000289f4       0x24 _build/nrf52832_xxaa/nrfx_clock.c.o
                0x00000000000289f4                nrfx_clock_enable
 .text.nrfx_clock_lfclk_stop
                0x0000000000028a18       0x18 _build/nrf52832_xxaa/nrfx_clock.c.o
                0x0000000000028a18                nrfx_clock_lfclk_stop
 .text.POWER_CLOCK_IRQHandler
                0x0000000000028a30       0xb8 _build/nrf52832_xxaa/nrfx_clock.c.o
                0x0000000000028a30                POWER_CLOCK_IRQHandler
 .text.GPIOTE_IRQHandler
                0x0000000000028ae8      0x548 _build/nrf52832_xxaa/nrfx_gpiote.c.o
                0x0000000000028ae8                GPIOTE_IRQHandler
 .text.UARTE0_UART0_IRQHandler
                0x0000000000029030        0xc _build/nrf52832_xxaa/nrfx_prs.c.o
                0x0000000000029030                UARTE0_UART0_IRQHandler
 .text.nrfx_prs_acquire
                0x000000000002903c       0x4c _build/nrf52832_xxaa/nrfx_prs.c.o
                0x000000000002903c                nrfx_prs_acquire
 .text.nrfx_prs_release
                0x0000000000029088       0x18 _build/nrf52832_xxaa/nrfx_prs.c.o
                0x0000000000029088                nrfx_prs_release
 .text.nrfx_uart_0_irq_handler
                0x00000000000290a0      0x1bc _build/nrf52832_xxaa/nrfx_uart.c.o
                0x00000000000290a0                nrfx_uart_0_irq_handler
 .text.nrfx_uart_init
                0x000000000002925c      0x194 _build/nrf52832_xxaa/nrfx_uart.c.o
                0x000000000002925c                nrfx_uart_init
 .text.nrfx_uart_uninit
                0x00000000000293f0       0xcc _build/nrf52832_xxaa/nrfx_uart.c.o
                0x00000000000293f0                nrfx_uart_uninit
 .text.nrfx_uart_tx
                0x00000000000294bc       0xcc _build/nrf52832_xxaa/nrfx_uart.c.o
                0x00000000000294bc                nrfx_uart_tx
 .text.nrfx_uarte_0_irq_handler
                0x0000000000029588      0x11c _build/nrf52832_xxaa/nrfx_uarte.c.o
                0x0000000000029588                nrfx_uarte_0_irq_handler
 .text.nrfx_uarte_init
                0x00000000000296a4      0x1b8 _build/nrf52832_xxaa/nrfx_uarte.c.o
                0x00000000000296a4                nrfx_uarte_init
 .text.nrfx_uarte_uninit
                0x000000000002985c       0xd0 _build/nrf52832_xxaa/nrfx_uarte.c.o
                0x000000000002985c                nrfx_uarte_uninit
 .text.nrfx_uarte_tx
                0x000000000002992c       0xa4 _build/nrf52832_xxaa/nrfx_uarte.c.o
                0x000000000002992c                nrfx_uarte_tx
 .text.bsp_indication_set
                0x00000000000299d0      0x330 _build/nrf52832_xxaa/bsp.c.o
                0x00000000000299d0                bsp_indication_set
 .text.bsp_event_to_button_action_assign
                0x0000000000029d00       0x50 _build/nrf52832_xxaa/bsp.c.o
                0x0000000000029d00                bsp_event_to_button_action_assign
 .text.ble_evt_handler
                0x0000000000029d50       0xac _build/nrf52832_xxaa/bsp_btn_ble.c.o
 .text.sd_ble_gap_adv_set_configure
                0x0000000000029dfc        0x4 _build/nrf52832_xxaa/main.c.o
 .text.sd_ble_gap_adv_start
                0x0000000000029e00        0x4 _build/nrf52832_xxaa/main.c.o
 .text.sd_ble_gap_adv_stop
                0x0000000000029e04        0x4 _build/nrf52832_xxaa/main.c.o
 .text.sd_ble_gap_tx_power_set
                0x0000000000029e08        0x4 _build/nrf52832_xxaa/main.c.o
 .text.sd_ble_gap_ppcp_set
                0x0000000000029e0c        0x4 _build/nrf52832_xxaa/main.c.o
 .text.sd_power_dcdc_mode_set
                0x0000000000029e10        0x4 _build/nrf52832_xxaa/main.c.o
 .text.ble_evt_handler
                0x0000000000029e14       0xa0 _build/nrf52832_xxaa/main.c.o
 .text.scan_evt_handler
                0x0000000000029eb4       0x40 _build/nrf52832_xxaa/main.c.o
 .text.soc_evt_handler
                0x0000000000029ef4       0x30 _build/nrf52832_xxaa/main.c.o
 .text.advertisingUpdateTimerHandler
                0x0000000000029f24      0x49c _build/nrf52832_xxaa/main.c.o
 .text.gap_params_init
                0x000000000002a3c0       0x30 _build/nrf52832_xxaa/main.c.o
                0x000000000002a3c0                gap_params_init
 .text.advertising_init
                0x000000000002a3f0       0x58 _build/nrf52832_xxaa/main.c.o
                0x000000000002a3f0                advertising_init
 .text.ble_stack_init
                0x000000000002a448       0x38 _build/nrf52832_xxaa/main.c.o
                0x000000000002a448                ble_stack_init
 .text.log_init
                0x000000000002a480       0x1c _build/nrf52832_xxaa/main.c.o
                0x000000000002a480                log_init
 .text.startup.main
                0x000000000002a49c       0xb4 _build/nrf52832_xxaa/main.c.o
                0x000000000002a49c                main
 .text.sd_ble_uuid_encode
                0x000000000002a550        0x4 _build/nrf52832_xxaa/ble_advdata.c.o
 .text.ble_advdata_uuid_find
                0x000000000002a554      0x104 _build/nrf52832_xxaa/ble_advdata.c.o
                0x000000000002a554                ble_advdata_uuid_find
 .text.ble_evt_handler
                0x000000000002a658      0x124 _build/nrf52832_xxaa/ble_conn_state.c.o
 .text.sd_softdevice_enable
                0x000000000002a77c        0x4 _build/nrf52832_xxaa/nrf_sdh.c.o
 .text.nrf_sdh_enable_request
                0x000000000002a780      0x114 _build/nrf52832_xxaa/nrf_sdh.c.o
                0x000000000002a780                nrf_sdh_enable_request
 .text.nrf_sdh_is_enabled
                0x000000000002a894        0xc _build/nrf52832_xxaa/nrf_sdh.c.o
                0x000000000002a894                nrf_sdh_is_enabled
 .text.SWI2_EGU2_IRQHandler
                0x000000000002a8a0       0x2c _build/nrf52832_xxaa/nrf_sdh.c.o
                0x000000000002a8a0                SWI2_EGU2_IRQHandler
 .text.sd_ble_enable
                0x000000000002a8cc        0x4 _build/nrf52832_xxaa/nrf_sdh_ble.c.o
 .text.sd_ble_cfg_set
                0x000000000002a8d0        0x4 _build/nrf52832_xxaa/nrf_sdh_ble.c.o
 .text.sd_ble_evt_get
                0x000000000002a8d4        0x4 _build/nrf52832_xxaa/nrf_sdh_ble.c.o
 .text.nrf_sdh_ble_evts_poll
                0x000000000002a8d8       0x58 _build/nrf52832_xxaa/nrf_sdh_ble.c.o
 .text.nrf_sdh_ble_default_cfg_set
                0x000000000002a930      0x174 _build/nrf52832_xxaa/nrf_sdh_ble.c.o
                0x000000000002a930                nrf_sdh_ble_default_cfg_set
 .text.nrf_sdh_ble_enable
                0x000000000002aaa4       0x9c _build/nrf52832_xxaa/nrf_sdh_ble.c.o
                0x000000000002aaa4                nrf_sdh_ble_enable
 .text.sd_evt_get
                0x000000000002ab40        0x4 _build/nrf52832_xxaa/nrf_sdh_soc.c.o
 .text.nrf_sdh_soc_evts_poll
                0x000000000002ab44       0x4c _build/nrf52832_xxaa/nrf_sdh_soc.c.o
 .text.sd_ble_gap_scan_start
                0x000000000002ab90        0x4 _build/nrf52832_xxaa/nrf_ble_scan.c.o
 .text.sd_ble_gap_scan_stop
                0x000000000002ab94        0x4 _build/nrf52832_xxaa/nrf_ble_scan.c.o
 .text.sd_ble_gap_connect
                0x000000000002ab98        0x4 _build/nrf52832_xxaa/nrf_ble_scan.c.o
 .text.nrf_ble_scan_stop
                0x000000000002ab9c        0x4 _build/nrf52832_xxaa/nrf_ble_scan.c.o
                0x000000000002ab9c                nrf_ble_scan_stop
 .text.nrf_ble_scan_init
                0x000000000002aba0       0xbc _build/nrf52832_xxaa/nrf_ble_scan.c.o
                0x000000000002aba0                nrf_ble_scan_init
 .text.nrf_ble_scan_start
                0x000000000002ac5c       0x74 _build/nrf52832_xxaa/nrf_ble_scan.c.o
                0x000000000002ac5c                nrf_ble_scan_start
 .text.nrf_ble_scan_on_ble_evt
                0x000000000002acd0      0x238 _build/nrf52832_xxaa/nrf_ble_scan.c.o
                0x000000000002acd0                nrf_ble_scan_on_ble_evt
 .text.exit     0x000000000002af08       0x28 /usr/local/Cellar/gcc-arm-none-eabi/20180627/bin/../lib/gcc/arm-none-eabi/7.3.1/../../../../arm-none-eabi/lib/thumb/v7e-m/fpv4-sp/hard/libc_nano.a(lib_a-exit.o)
                0x000000000002af08                exit
 .text.__libc_init_array
                0x000000000002af30       0x48 /usr/local/Cellar/gcc-arm-none-eabi/20180627/bin/../lib/gcc/arm-none-eabi/7.3.1/../../../../arm-none-eabi/lib/thumb/v7e-m/fpv4-sp/hard/libc_nano.a(lib_a-init.o)
                0x000000000002af30                __libc_init_array
 .text.__locale_ctype_ptr
                0x000000000002af78       0x1c /usr/local/Cellar/gcc-arm-none-eabi/20180627/bin/../lib/gcc/arm-none-eabi/7.3.1/../../../../arm-none-eabi/lib/thumb/v7e-m/fpv4-sp/hard/libc_nano.a(lib_a-locale.o)
                0x000000000002af78                __locale_ctype_ptr
 .text.__ascii_mbtowc
                0x000000000002af94       0x24 /usr/local/Cellar/gcc-arm-none-eabi/20180627/bin/../lib/gcc/arm-none-eabi/7.3.1/../../../../arm-none-eabi/lib/thumb/v7e-m/fpv4-sp/hard/libc_nano.a(lib_a-mbtowc_r.o)
                0x000000000002af94                __ascii_mbtowc
 .text.memcmp   0x000000000002afb8       0x1e /usr/local/Cellar/gcc-arm-none-eabi/20180627/bin/../lib/gcc/arm-none-eabi/7.3.1/../../../../arm-none-eabi/lib/thumb/v7e-m/fpv4-sp/hard/libc_nano.a(lib_a-memcmp.o)
                0x000000000002afb8                memcmp
 .text.memcpy   0x000000000002afd6       0x16 /usr/local/Cellar/gcc-arm-none-eabi/20180627/bin/../lib/gcc/arm-none-eabi/7.3.1/../../../../arm-none-eabi/lib/thumb/v7e-m/fpv4-sp/hard/libc_nano.a(lib_a-memcpy-stub.o)
                0x000000000002afd6                memcpy
 .text.memset   0x000000000002afec       0x10 /usr/local/Cellar/gcc-arm-none-eabi/20180627/bin/../lib/gcc/arm-none-eabi/7.3.1/../../../../arm-none-eabi/lib/thumb/v7e-m/fpv4-sp/hard/libc_nano.a(lib_a-memset.o)
                0x000000000002afec                memset
 .text          0x000000000002affc       0x10 /usr/local/Cellar/gcc-arm-none-eabi/20180627/bin/../lib/gcc/arm-none-eabi/7.3.1/../../../../arm-none-eabi/lib/thumb/v7e-m/fpv4-sp/hard/libc_nano.a(lib_a-strlen.o)
                0x000000000002affc                strlen
 .text.__ascii_wctomb
                0x000000000002b00c       0x1a /usr/local/Cellar/gcc-arm-none-eabi/20180627/bin/../lib/gcc/arm-none-eabi/7.3.1/../../../../arm-none-eabi/lib/thumb/v7e-m/fpv4-sp/hard/libc_nano.a(lib_a-wctomb_r.o)
                0x000000000002b00c                __ascii_wctomb
 *fill*         0x000000000002b026        0x2 
 .text._exit    0x000000000002b028        0x4 /usr/local/Cellar/gcc-arm-none-eabi/20180627/bin/../lib/gcc/arm-none-eabi/7.3.1/../../../../arm-none-eabi/lib/thumb/v7e-m/fpv4-sp/hard/libnosys.a(_exit.o)
                0x000000000002b028                _exit
 .text          0x000000000002b02c       0x30 /usr/local/Cellar/gcc-arm-none-eabi/20180627/bin/../lib/gcc/arm-none-eabi/7.3.1/thumb/v7e-m/fpv4-sp/hard/libgcc.a(_aeabi_uldivmod.o)
                0x000000000002b02c                __aeabi_uldivmod
 .text          0x000000000002b05c      0x2cc /usr/local/Cellar/gcc-arm-none-eabi/20180627/bin/../lib/gcc/arm-none-eabi/7.3.1/thumb/v7e-m/fpv4-sp/hard/libgcc.a(_udivmoddi4.o)
                0x000000000002b05c                __udivmoddi4
 .text          0x000000000002b328        0x4 /usr/local/Cellar/gcc-arm-none-eabi/20180627/bin/../lib/gcc/arm-none-eabi/7.3.1/thumb/v7e-m/fpv4-sp/hard/libgcc.a(_dvmd_tls.o)
                0x000000000002b328                __aeabi_ldiv0
                0x000000000002b328                __aeabi_idiv0
 *(.init)
 .init          0x000000000002b32c        0x4 /usr/local/Cellar/gcc-arm-none-eabi/20180627/bin/../lib/gcc/arm-none-eabi/7.3.1/thumb/v7e-m/fpv4-sp/hard/crti.o
                0x000000000002b32c                _init
 .init          0x000000000002b330        0x8 /usr/local/Cellar/gcc-arm-none-eabi/20180627/bin/../lib/gcc/arm-none-eabi/7.3.1/thumb/v7e-m/fpv4-sp/hard/crtn.o
 *(.fini)
 .fini          0x000000000002b338        0x4 /usr/local/Cellar/gcc-arm-none-eabi/20180627/bin/../lib/gcc/arm-none-eabi/7.3.1/thumb/v7e-m/fpv4-sp/hard/crti.o
                0x000000000002b338                _fini
 .fini          0x000000000002b33c        0x8 /usr/local/Cellar/gcc-arm-none-eabi/20180627/bin/../lib/gcc/arm-none-eabi/7.3.1/thumb/v7e-m/fpv4-sp/hard/crtn.o
 *crtbegin.o(.ctors)
 *crtbegin?.o(.ctors)
 *(EXCLUDE_FILE(*crtend.o *crtend?.o) .ctors)
 *(SORT_BY_NAME(.ctors.*))
 *(.ctors)
 *crtbegin.o(.dtors)
 *crtbegin?.o(.dtors)
 *(EXCLUDE_FILE(*crtend.o *crtend?.o) .dtors)
 *(SORT_BY_NAME(.dtors.*))
 *(.dtors)
 *(.rodata*)
 .rodata        0x000000000002b344       0x20 _build/nrf52832_xxaa/nrf_log_backend_uart.c.o
 .rodata.nrf_log_backend_uart_api
                0x000000000002b364        0xc _build/nrf52832_xxaa/nrf_log_backend_uart.c.o
                0x000000000002b364                nrf_log_backend_uart_api
 .rodata.str1.4
                0x000000000002b370       0x11 _build/nrf52832_xxaa/nrf_log_default_backends.c.o
 *fill*         0x000000000002b381        0x3 
 .rodata.m_log_push_ringbuf
                0x000000000002b384        0xc _build/nrf52832_xxaa/nrf_log_frontend.c.o
 .rodata.nrf_log_frontend_dequeue.part.6.str1.4
                0x000000000002b390       0x11 _build/nrf52832_xxaa/nrf_log_frontend.c.o
 *fill*         0x000000000002b3a1        0x3 
 .rodata.str1.4
                0x000000000002b3a4        0x4 _build/nrf52832_xxaa/nrf_log_frontend.c.o
 .rodata.m_colors
                0x000000000002b3a8       0x24 _build/nrf52832_xxaa/nrf_log_str_formatter.c.o
 .rodata.nrf_log_hexdump_entry_process.str1.4
                0x000000000002b3cc       0x13 _build/nrf52832_xxaa/nrf_log_str_formatter.c.o
                                         0x16 (size before relaxing)
 *fill*         0x000000000002b3df        0x1 
 .rodata.nrf_log_std_entry_process.str1.4
                0x000000000002b3e0       0x36 _build/nrf52832_xxaa/nrf_log_str_formatter.c.o
                                         0x3b (size before relaxing)
 *fill*         0x000000000002b416        0x2 
 .rodata.severity_names
                0x000000000002b418       0x14 _build/nrf52832_xxaa/nrf_log_str_formatter.c.o
 .rodata.str1.4
                0x000000000002b42c       0x56 _build/nrf52832_xxaa/nrf_log_str_formatter.c.o
 *fill*         0x000000000002b482        0x2 
 .rodata.app_error_fault_handler.str1.4
                0x000000000002b484       0x19 _build/nrf52832_xxaa/app_error_weak.c.o
 *fill*         0x000000000002b49d        0x3 
 .rodata.delay_machine_code.8744
                0x000000000002b4a0        0x6 _build/nrf52832_xxaa/app_timer.c.o
 *fill*         0x000000000002b4a6        0x2 
 .rodata._aV2C.7442
                0x000000000002b4a8       0x10 _build/nrf52832_xxaa/nrf_fprintf_format.c.o
 .rodata.pwr_mgmt_data
                0x000000000002b4b8        0xc _build/nrf52832_xxaa/nrf_pwr_mgmt.c.o
 .rodata.str1.4
                0x000000000002b4c4        0x9 _build/nrf52832_xxaa/nrf_pwr_mgmt.c.o
 *fill*         0x000000000002b4cd        0x3 
 .rodata.m_unknown_str
                0x000000000002b4d0       0x13 _build/nrf52832_xxaa/nrf_strerror.c.o
 *fill*         0x000000000002b4e3        0x1 
 .rodata.nrf_strerror_array
                0x000000000002b4e4      0x128 _build/nrf52832_xxaa/nrf_strerror.c.o
 .rodata.str1.4
                0x000000000002b60c      0x3e9 _build/nrf52832_xxaa/nrf_strerror.c.o
 *fill*         0x000000000002b9f5        0x3 
 .rodata.m_board_led_list
                0x000000000002b9f8        0x4 _build/nrf52832_xxaa/boards.c.o
 .rodata.str1.4
                0x000000000002b9fc        0x6 _build/nrf52832_xxaa/nrf_drv_clock.c.o
 *fill*         0x000000000002ba02        0x2 
 .rodata.str1.4
                0x000000000002ba04        0x6 _build/nrf52832_xxaa/nrfx_clock.c.o
 *fill*         0x000000000002ba0a        0x2 
 .rodata.str1.4
                0x000000000002ba0c        0x7 _build/nrf52832_xxaa/nrfx_gpiote.c.o
 *fill*         0x000000000002ba13        0x1 
 .rodata.str1.4
                0x000000000002ba14        0x4 _build/nrf52832_xxaa/nrfx_prs.c.o
 .rodata.str1.4
                0x000000000002ba18        0x5 _build/nrf52832_xxaa/nrfx_uart.c.o
 *fill*         0x000000000002ba1d        0x3 
 .rodata.str1.4
                0x000000000002ba20        0x6 _build/nrf52832_xxaa/nrfx_uarte.c.o
 *fill*         0x000000000002ba26        0x2 
 .rodata.advertisingUpdateTimer
                0x000000000002ba28        0x4 _build/nrf52832_xxaa/main.c.o
 .rodata.ble_evt_handler.str1.4
                0x000000000002ba2c       0x1f _build/nrf52832_xxaa/main.c.o
 *fill*         0x000000000002ba4b        0x5 
 .rodata.delay_machine_code.10074
                0x000000000002ba50        0x6 _build/nrf52832_xxaa/main.c.o
 *fill*         0x000000000002ba56        0x2 
 .rodata.expectedBytes
                0x000000000002ba58       0x1f _build/nrf52832_xxaa/main.c.o
 *fill*         0x000000000002ba77        0x1 
 .rodata.scan_evt_handler.str1.4
                0x000000000002ba78       0x10 _build/nrf52832_xxaa/main.c.o
 .rodata.str1.4
                0x000000000002ba88      0x121 _build/nrf52832_xxaa/peer_manager_handler.c.o
 *fill*         0x000000000002bba9        0x3 
 .rodata        0x000000000002bbac        0x4 _build/nrf52832_xxaa/nrf_sdh.c.o
 .rodata.sdh_req_observers
                0x000000000002bbb0        0xc _build/nrf52832_xxaa/nrf_sdh.c.o
 .rodata.sdh_stack_observers
                0x000000000002bbbc        0xc _build/nrf52832_xxaa/nrf_sdh.c.o
 .rodata.sdh_state_observers
                0x000000000002bbc8        0xc _build/nrf52832_xxaa/nrf_sdh.c.o
 .rodata.str1.4
                0x000000000002bbd4        0x8 _build/nrf52832_xxaa/nrf_sdh.c.o
 .rodata.nrf_sdh_ble_default_cfg_set.str1.4
                0x000000000002bbdc      0x187 _build/nrf52832_xxaa/nrf_sdh_ble.c.o
 *fill*         0x000000000002bd63        0x1 
 .rodata.nrf_sdh_ble_enable.str1.4
                0x000000000002bd64       0xad _build/nrf52832_xxaa/nrf_sdh_ble.c.o
 *fill*         0x000000000002be11        0x3 
 .rodata.sdh_ble_observers
                0x000000000002be14        0xc _build/nrf52832_xxaa/nrf_sdh_ble.c.o
 .rodata.str1.4
                0x000000000002be20        0xc _build/nrf52832_xxaa/nrf_sdh_ble.c.o
 .rodata.sdh_soc_observers
                0x000000000002be2c        0xc _build/nrf52832_xxaa/nrf_sdh_soc.c.o
 .rodata.str1.4
                0x000000000002be38        0xc _build/nrf52832_xxaa/nrf_sdh_soc.c.o
 .rodata.nrf_ble_scan_start.str1.4
                0x000000000002be44       0x24 _build/nrf52832_xxaa/nrf_ble_scan.c.o
 .rodata.str1.4
                0x000000000002be68        0xc _build/nrf52832_xxaa/nrf_ble_scan.c.o
                                          0x9 (size before relaxing)
 .rodata._global_impure_ptr
                0x000000000002be74        0x4 /usr/local/Cellar/gcc-arm-none-eabi/20180627/bin/../lib/gcc/arm-none-eabi/7.3.1/../../../../arm-none-eabi/lib/thumb/v7e-m/fpv4-sp/hard/libc_nano.a(lib_a-impure.o)
                0x000000000002be74                _global_impure_ptr
 .rodata._setlocale_r.str1.1
                0x000000000002be78        0x8 /usr/local/Cellar/gcc-arm-none-eabi/20180627/bin/../lib/gcc/arm-none-eabi/7.3.1/../../../../arm-none-eabi/lib/thumb/v7e-m/fpv4-sp/hard/libc_nano.a(lib_a-locale.o)
                                          0x9 (size before relaxing)
 .rodata.str1.1
                0x000000000002be80        0x2 /usr/local/Cellar/gcc-arm-none-eabi/20180627/bin/../lib/gcc/arm-none-eabi/7.3.1/../../../../arm-none-eabi/lib/thumb/v7e-m/fpv4-sp/hard/libc_nano.a(lib_a-locale.o)
 .rodata._ctype_
                0x000000000002be82      0x101 /usr/local/Cellar/gcc-arm-none-eabi/20180627/bin/../lib/gcc/arm-none-eabi/7.3.1/../../../../arm-none-eabi/lib/thumb/v7e-m/fpv4-sp/hard/libc_nano.a(lib_a-ctype_.o)
                0x000000000002be82                _ctype_
 *(.eh_frame*)
 *fill*         0x000000000002bf83        0x1 
 .eh_frame      0x000000000002bf84        0x0 /usr/local/Cellar/gcc-arm-none-eabi/20180627/bin/../lib/gcc/arm-none-eabi/7.3.1/thumb/v7e-m/fpv4-sp/hard/crtbegin.o
 .eh_frame      0x000000000002bf84        0x4 /usr/local/Cellar/gcc-arm-none-eabi/20180627/bin/../lib/gcc/arm-none-eabi/7.3.1/thumb/v7e-m/fpv4-sp/hard/crtend.o

.glue_7         0x000000000002bf88        0x0
 .glue_7        0x000000000002bf88        0x0 linker stubs

.glue_7t        0x000000000002bf88        0x0
 .glue_7t       0x000000000002bf88        0x0 linker stubs

.vfp11_veneer   0x000000000002bf88        0x0
 .vfp11_veneer  0x000000000002bf88        0x0 linker stubs

.v4_bx          0x000000000002bf88        0x0
 .v4_bx         0x000000000002bf88        0x0 linker stubs

.iplt           0x000000000002bf88        0x0
 .iplt          0x000000000002bf88        0x0 /usr/local/Cellar/gcc-arm-none-eabi/20180627/bin/../lib/gcc/arm-none-eabi/7.3.1/thumb/v7e-m/fpv4-sp/hard/crtbegin.o

.mem_section_dummy_rom

.sdh_soc_observers
                0x000000000002bf88       0x10
                0x000000000002bf88                PROVIDE (__start_sdh_soc_observers = .)
 *(SORT_BY_NAME(.sdh_soc_observers*))
 .sdh_soc_observers0
                0x000000000002bf88        0x8 _build/nrf52832_xxaa/nrf_drv_clock.c.o
 .sdh_soc_observers1
                0x000000000002bf90        0x8 _build/nrf52832_xxaa/main.c.o
                0x000000000002bf98                PROVIDE (__stop_sdh_soc_observers = .)

.sdh_ble_observers
                0x000000000002bf98       0x20
                0x000000000002bf98                PROVIDE (__start_sdh_ble_observers = .)
 *(SORT_BY_NAME(.sdh_ble_observers*))
 .sdh_ble_observers0
                0x000000000002bf98        0x8 _build/nrf52832_xxaa/ble_conn_state.c.o
 .sdh_ble_observers1
                0x000000000002bfa0        0x8 _build/nrf52832_xxaa/bsp_btn_ble.c.o
 .sdh_ble_observers1
                0x000000000002bfa8        0x8 _build/nrf52832_xxaa/main.c.o
 .sdh_ble_observers3
                0x000000000002bfb0        0x8 _build/nrf52832_xxaa/main.c.o
                0x000000000002bfb8                PROVIDE (__stop_sdh_ble_observers = .)

.pwr_mgmt_data  0x000000000002bfb8        0x0
                0x000000000002bfb8                PROVIDE (__start_pwr_mgmt_data = .)
 *(SORT_BY_NAME(.pwr_mgmt_data*))
                0x000000000002bfb8                PROVIDE (__stop_pwr_mgmt_data = .)

.sdh_req_observers
                0x000000000002bfb8        0x0
                0x000000000002bfb8                PROVIDE (__start_sdh_req_observers = .)
 *(SORT_BY_NAME(.sdh_req_observers*))
                0x000000000002bfb8                PROVIDE (__stop_sdh_req_observers = .)

.sdh_state_observers
                0x000000000002bfb8        0x8
                0x000000000002bfb8                PROVIDE (__start_sdh_state_observers = .)
 *(SORT_BY_NAME(.sdh_state_observers*))
 .sdh_state_observers0
                0x000000000002bfb8        0x8 _build/nrf52832_xxaa/nrf_drv_clock.c.o
                0x000000000002bfc0                PROVIDE (__stop_sdh_state_observers = .)

.sdh_stack_observers
                0x000000000002bfc0       0x10
                0x000000000002bfc0                PROVIDE (__start_sdh_stack_observers = .)
 *(SORT_BY_NAME(.sdh_stack_observers*))
 .sdh_stack_observers0
                0x000000000002bfc0        0x8 _build/nrf52832_xxaa/nrf_sdh_ble.c.o
 .sdh_stack_observers0
                0x000000000002bfc8        0x8 _build/nrf52832_xxaa/nrf_sdh_soc.c.o
                0x000000000002bfd0                PROVIDE (__stop_sdh_stack_observers = .)

.nrf_queue      0x000000000002bfd0        0x0
                [!provide]                        PROVIDE (__start_nrf_queue = .)
 *(.nrf_queue)
                [!provide]                        PROVIDE (__stop_nrf_queue = .)

.nrf_balloc     0x000000000002bfd0       0x14
                [!provide]                        PROVIDE (__start_nrf_balloc = .)
 *(.nrf_balloc)
 .nrf_balloc    0x000000000002bfd0       0x14 _build/nrf52832_xxaa/nrf_log_frontend.c.o
                0x000000000002bfd0                log_mempool
                [!provide]                        PROVIDE (__stop_nrf_balloc = .)

.cli_command    0x000000000002bfe4        0x0
                [!provide]                        PROVIDE (__start_cli_command = .)
 *(.cli_command)
                [!provide]                        PROVIDE (__stop_cli_command = .)

.crypto_data    0x000000000002bfe4        0x0
                [!provide]                        PROVIDE (__start_crypto_data = .)
 *(SORT_BY_NAME(.crypto_data*))
                [!provide]                        PROVIDE (__stop_crypto_data = .)

.log_const_data
                0x000000000002bfe4       0x68
                0x000000000002bfe4                PROVIDE (__start_log_const_data = .)
 *(SORT_BY_NAME(.log_const_data*))
 .log_const_data_CLOCK
                0x000000000002bfe4        0x8 _build/nrf52832_xxaa/nrfx_clock.c.o
                0x000000000002bfe4                m_nrf_log_CLOCK_logs_data_const
 .log_const_data_GPIOTE
                0x000000000002bfec        0x8 _build/nrf52832_xxaa/nrfx_gpiote.c.o
                0x000000000002bfec                m_nrf_log_GPIOTE_logs_data_const
 .log_const_data_PRS
                0x000000000002bff4        0x8 _build/nrf52832_xxaa/nrfx_prs.c.o
                0x000000000002bff4                m_nrf_log_PRS_logs_data_const
 .log_const_data_UART
                0x000000000002bffc        0x8 _build/nrf52832_xxaa/nrfx_uart.c.o
                0x000000000002bffc                m_nrf_log_UART_logs_data_const
 .log_const_data_UARTE
                0x000000000002c004        0x8 _build/nrf52832_xxaa/nrfx_uarte.c.o
                0x000000000002c004                m_nrf_log_UARTE_logs_data_const
 .log_const_data_app
                0x000000000002c00c        0x8 _build/nrf52832_xxaa/nrf_log_frontend.c.o
                0x000000000002c00c                m_nrf_log_app_logs_data_const
 .log_const_data_ble_scan
                0x000000000002c014        0x8 _build/nrf52832_xxaa/nrf_ble_scan.c.o
                0x000000000002c014                m_nrf_log_ble_scan_logs_data_const
 .log_const_data_clock
                0x000000000002c01c        0x8 _build/nrf52832_xxaa/nrf_drv_clock.c.o
                0x000000000002c01c                m_nrf_log_clock_logs_data_const
 .log_const_data_nrf_sdh
                0x000000000002c024        0x8 _build/nrf52832_xxaa/nrf_sdh.c.o
                0x000000000002c024                m_nrf_log_nrf_sdh_logs_data_const
 .log_const_data_nrf_sdh_ble
                0x000000000002c02c        0x8 _build/nrf52832_xxaa/nrf_sdh_ble.c.o
                0x000000000002c02c                m_nrf_log_nrf_sdh_ble_logs_data_const
 .log_const_data_nrf_sdh_soc
                0x000000000002c034        0x8 _build/nrf52832_xxaa/nrf_sdh_soc.c.o
                0x000000000002c034                m_nrf_log_nrf_sdh_soc_logs_data_const
 .log_const_data_peer_manager_handler
                0x000000000002c03c        0x8 _build/nrf52832_xxaa/peer_manager_handler.c.o
                0x000000000002c03c                m_nrf_log_peer_manager_handler_logs_data_const
 .log_const_data_pwr_mgmt
                0x000000000002c044        0x8 _build/nrf52832_xxaa/nrf_pwr_mgmt.c.o
                0x000000000002c044                m_nrf_log_pwr_mgmt_logs_data_const
                0x000000000002c04c                PROVIDE (__stop_log_const_data = .)

.log_backends   0x000000000002c04c       0x10
                [!provide]                        PROVIDE (__start_log_backends = .)
 *(SORT_BY_NAME(.log_backends*))
 .log_backends  0x000000000002c04c       0x10 _build/nrf52832_xxaa/nrf_log_default_backends.c.o
                [!provide]                        PROVIDE (__stop_log_backends = .)

.ARM.extab
 *(.ARM.extab* .gnu.linkonce.armextab.*)
                0x000000000002c05c                __exidx_start = .

.ARM.exidx      0x000000000002c05c        0x8
 *(.ARM.exidx* .gnu.linkonce.armexidx.*)
 .ARM.exidx     0x000000000002c05c        0x8 /usr/local/Cellar/gcc-arm-none-eabi/20180627/bin/../lib/gcc/arm-none-eabi/7.3.1/../../../../arm-none-eabi/lib/thumb/v7e-m/fpv4-sp/hard/crt0.o
 .ARM.exidx     0x000000000002c064        0x0 /usr/local/Cellar/gcc-arm-none-eabi/20180627/bin/../lib/gcc/arm-none-eabi/7.3.1/thumb/v7e-m/fpv4-sp/hard/libgcc.a(_udivmoddi4.o)
                                          0x8 (size before relaxing)
                0x000000000002c064                __exidx_end = .
                0x000000000002c064                __etext = .

.rel.dyn        0x000000000002c064        0x0
 .rel.iplt      0x000000000002c064        0x0 /usr/local/Cellar/gcc-arm-none-eabi/20180627/bin/../lib/gcc/arm-none-eabi/7.3.1/thumb/v7e-m/fpv4-sp/hard/crtbegin.o

.data           0x00000000200018a8      0x220 load address 0x000000000002c064
                0x00000000200018a8                __data_start__ = .
 *(vtable)
 *(.data*)
 .data.m_uart   0x00000000200018a8       0x14 _build/nrf52832_xxaa/nrf_log_backend_uart.c.o
                0x00000000200018a8                m_uart
 .data.log_backend_cb_uart_log_backend
                0x00000000200018bc        0x8 _build/nrf52832_xxaa/nrf_log_default_backends.c.o
 .data.SystemCoreClock
                0x00000000200018c4        0x4 _build/nrf52832_xxaa/system_nrf52.c.o
                0x00000000200018c4                SystemCoreClock
 .data.advertisingChannel
                0x00000000200018c8        0x1 _build/nrf52832_xxaa/main.c.o
 *fill*         0x00000000200018c9        0x3 
 .data.m_adv_data
                0x00000000200018cc       0x10 _build/nrf52832_xxaa/main.c.o
 .data.m_adv_handle
                0x00000000200018dc        0x1 _build/nrf52832_xxaa/main.c.o
 *fill*         0x00000000200018dd        0x3 
 .data.m_scan_param
                0x00000000200018e0        0xe _build/nrf52832_xxaa/main.c.o
 .data.restart.11604
                0x00000000200018ee        0x1 _build/nrf52832_xxaa/main.c.o
 .data.shiftRegister.11564
                0x00000000200018ef        0x1 _build/nrf52832_xxaa/main.c.o
 .data._impure_ptr
                0x00000000200018f0        0x4 /usr/local/Cellar/gcc-arm-none-eabi/20180627/bin/../lib/gcc/arm-none-eabi/7.3.1/../../../../arm-none-eabi/lib/thumb/v7e-m/fpv4-sp/hard/libc_nano.a(lib_a-impure.o)
                0x00000000200018f0                _impure_ptr
 .data.impure_data
                0x00000000200018f4       0x60 /usr/local/Cellar/gcc-arm-none-eabi/20180627/bin/../lib/gcc/arm-none-eabi/7.3.1/../../../../arm-none-eabi/lib/thumb/v7e-m/fpv4-sp/hard/libc_nano.a(lib_a-impure.o)
 .data.__global_locale
                0x0000000020001954      0x16c /usr/local/Cellar/gcc-arm-none-eabi/20180627/bin/../lib/gcc/arm-none-eabi/7.3.1/../../../../arm-none-eabi/lib/thumb/v7e-m/fpv4-sp/hard/libc_nano.a(lib_a-locale.o)
                0x0000000020001954                __global_locale
                0x0000000020001ac0                . = ALIGN (0x4)
                0x0000000020001ac0                PROVIDE (__preinit_array_start = .)
 *(.preinit_array)
                0x0000000020001ac0                PROVIDE (__preinit_array_end = .)
                0x0000000020001ac0                . = ALIGN (0x4)
                0x0000000020001ac0                PROVIDE (__init_array_start = .)
 *(SORT_BY_NAME(.init_array.*))
 *(.init_array)
 .init_array    0x0000000020001ac0        0x4 /usr/local/Cellar/gcc-arm-none-eabi/20180627/bin/../lib/gcc/arm-none-eabi/7.3.1/thumb/v7e-m/fpv4-sp/hard/crtbegin.o
                0x0000000020001ac4                PROVIDE (__init_array_end = .)
                0x0000000020001ac4                . = ALIGN (0x4)
                [!provide]                        PROVIDE (__fini_array_start = .)
 *(SORT_BY_NAME(.fini_array.*))
 *(.fini_array)
 .fini_array    0x0000000020001ac4        0x4 /usr/local/Cellar/gcc-arm-none-eabi/20180627/bin/../lib/gcc/arm-none-eabi/7.3.1/thumb/v7e-m/fpv4-sp/hard/crtbegin.o
                [!provide]                        PROVIDE (__fini_array_end = .)
 *(.jcr*)
                0x0000000020001ac8                . = ALIGN (0x4)
                0x0000000020001ac8                __data_end__ = .
LOAD /usr/local/Cellar/gcc-arm-none-eabi/20180627/bin/../lib/gcc/arm-none-eabi/7.3.1/thumb/v7e-m/fpv4-sp/hard/crti.o
LOAD /usr/local/Cellar/gcc-arm-none-eabi/20180627/bin/../lib/gcc/arm-none-eabi/7.3.1/thumb/v7e-m/fpv4-sp/hard/crtbegin.o
LOAD /usr/local/Cellar/gcc-arm-none-eabi/20180627/bin/../lib/gcc/arm-none-eabi/7.3.1/../../../../arm-none-eabi/lib/thumb/v7e-m/fpv4-sp/hard/crt0.o
LOAD _build/nrf52832_xxaa/gcc_startup_nrf52.S.o
LOAD _build/nrf52832_xxaa/nrf_log_backend_rtt.c.o
LOAD _build/nrf52832_xxaa/nrf_log_backend_serial.c.o
LOAD _build/nrf52832_xxaa/nrf_log_backend_uart.c.o
LOAD _build/nrf52832_xxaa/nrf_log_default_backends.c.o
LOAD _build/nrf52832_xxaa/nrf_log_frontend.c.o
LOAD _build/nrf52832_xxaa/nrf_log_str_formatter.c.o
LOAD _build/nrf52832_xxaa/app_button.c.o
LOAD _build/nrf52832_xxaa/app_error.c.o
LOAD _build/nrf52832_xxaa/app_error_handler_gcc.c.o
LOAD _build/nrf52832_xxaa/app_error_weak.c.o
LOAD _build/nrf52832_xxaa/app_scheduler.c.o
LOAD _build/nrf52832_xxaa/app_timer.c.o
LOAD _build/nrf52832_xxaa/app_util_platform.c.o
LOAD _build/nrf52832_xxaa/crc16.c.o
LOAD _build/nrf52832_xxaa/fds.c.o
LOAD _build/nrf52832_xxaa/hardfault_implementation.c.o
LOAD _build/nrf52832_xxaa/nrf_assert.c.o
LOAD _build/nrf52832_xxaa/nrf_atfifo.c.o
LOAD _build/nrf52832_xxaa/nrf_atflags.c.o
LOAD _build/nrf52832_xxaa/nrf_atomic.c.o
LOAD _build/nrf52832_xxaa/nrf_balloc.c.o
LOAD _build/nrf52832_xxaa/nrf_fprintf.c.o
LOAD _build/nrf52832_xxaa/nrf_fprintf_format.c.o
LOAD _build/nrf52832_xxaa/nrf_fstorage.c.o
LOAD _build/nrf52832_xxaa/nrf_fstorage_sd.c.o
LOAD _build/nrf52832_xxaa/nrf_memobj.c.o
LOAD _build/nrf52832_xxaa/nrf_pwr_mgmt.c.o
LOAD _build/nrf52832_xxaa/nrf_ringbuf.c.o
LOAD _build/nrf52832_xxaa/nrf_section_iter.c.o
LOAD _build/nrf52832_xxaa/nrf_strerror.c.o
LOAD _build/nrf52832_xxaa/sensorsim.c.o
LOAD _build/nrf52832_xxaa/system_nrf52.c.o
LOAD _build/nrf52832_xxaa/boards.c.o
LOAD _build/nrf52832_xxaa/nrf_drv_clock.c.o
LOAD _build/nrf52832_xxaa/nrf_drv_uart.c.o
LOAD _build/nrf52832_xxaa/nrfx_atomic.c.o
LOAD _build/nrf52832_xxaa/nrfx_clock.c.o
LOAD _build/nrf52832_xxaa/nrfx_gpiote.c.o
LOAD _build/nrf52832_xxaa/nrfx_prs.c.o
LOAD _build/nrf52832_xxaa/nrfx_uart.c.o
LOAD _build/nrf52832_xxaa/nrfx_uarte.c.o
LOAD _build/nrf52832_xxaa/bsp.c.o
LOAD _build/nrf52832_xxaa/bsp_btn_ble.c.o
LOAD _build/nrf52832_xxaa/main.c.o
LOAD _build/nrf52832_xxaa/SEGGER_RTT.c.o
LOAD _build/nrf52832_xxaa/SEGGER_RTT_Syscalls_GCC.c.o
LOAD _build/nrf52832_xxaa/SEGGER_RTT_printf.c.o
LOAD _build/nrf52832_xxaa/auth_status_tracker.c.o
LOAD _build/nrf52832_xxaa/ble_advdata.c.o
LOAD _build/nrf52832_xxaa/ble_advertising.c.o
LOAD _build/nrf52832_xxaa/ble_conn_params.c.o
LOAD _build/nrf52832_xxaa/ble_conn_state.c.o
LOAD _build/nrf52832_xxaa/ble_srv_common.c.o
LOAD _build/nrf52832_xxaa/gatt_cache_manager.c.o
LOAD _build/nrf52832_xxaa/gatts_cache_manager.c.o
LOAD _build/nrf52832_xxaa/id_manager.c.o
LOAD _build/nrf52832_xxaa/nrf_ble_gatt.c.o
LOAD _build/nrf52832_xxaa/nrf_ble_qwr.c.o
LOAD _build/nrf52832_xxaa/peer_data_storage.c.o
LOAD _build/nrf52832_xxaa/peer_database.c.o
LOAD _build/nrf52832_xxaa/peer_id.c.o
LOAD _build/nrf52832_xxaa/peer_manager.c.o
LOAD _build/nrf52832_xxaa/peer_manager_handler.c.o
LOAD _build/nrf52832_xxaa/pm_buffer.c.o
LOAD _build/nrf52832_xxaa/security_dispatcher.c.o
LOAD _build/nrf52832_xxaa/security_manager.c.o
LOAD _build/nrf52832_xxaa/utf.c.o
LOAD _build/nrf52832_xxaa/nrf_sdh.c.o
LOAD _build/nrf52832_xxaa/nrf_sdh_ble.c.o
LOAD _build/nrf52832_xxaa/nrf_sdh_soc.c.o
LOAD _build/nrf52832_xxaa/nrf_ble_scan.c.o
LOAD /usr/local/Cellar/gcc-arm-none-eabi/20180627/bin/../lib/gcc/arm-none-eabi/7.3.1/../../../../arm-none-eabi/lib/thumb/v7e-m/fpv4-sp/hard/libc_nano.a
LOAD /usr/local/Cellar/gcc-arm-none-eabi/20180627/bin/../lib/gcc/arm-none-eabi/7.3.1/../../../../arm-none-eabi/lib/thumb/v7e-m/fpv4-sp/hard/libnosys.a
LOAD /usr/local/Cellar/gcc-arm-none-eabi/20180627/bin/../lib/gcc/arm-none-eabi/7.3.1/../../../../arm-none-eabi/lib/thumb/v7e-m/fpv4-sp/hard/libm.a
START GROUP
LOAD /usr/local/Cellar/gcc-arm-none-eabi/20180627/bin/../lib/gcc/arm-none-eabi/7.3.1/thumb/v7e-m/fpv4-sp/hard/libgcc.a
LOAD /usr/local/Cellar/gcc-arm-none-eabi/20180627/bin/../lib/gcc/arm-none-eabi/7.3.1/../../../../arm-none-eabi/lib/thumb/v7e-m/fpv4-sp/hard/libg_nano.a
LOAD /usr/local/Cellar/gcc-arm-none-eabi/20180627/bin/../lib/gcc/arm-none-eabi/7.3.1/../../../../arm-none-eabi/lib/thumb/v7e-m/fpv4-sp/hard/libc_nano.a
END GROUP
START GROUP
LOAD /usr/local/Cellar/gcc-arm-none-eabi/20180627/bin/../lib/gcc/arm-none-eabi/7.3.1/thumb/v7e-m/fpv4-sp/hard/libgcc.a
LOAD /usr/local/Cellar/gcc-arm-none-eabi/20180627/bin/../lib/gcc/arm-none-eabi/7.3.1/../../../../arm-none-eabi/lib/thumb/v7e-m/fpv4-sp/hard/libc_nano.a
END GROUP
LOAD /usr/local/Cellar/gcc-arm-none-eabi/20180627/bin/../lib/gcc/arm-none-eabi/7.3.1/thumb/v7e-m/fpv4-sp/hard/crtend.o
LOAD /usr/local/Cellar/gcc-arm-none-eabi/20180627/bin/../lib/gcc/arm-none-eabi/7.3.1/thumb/v7e-m/fpv4-sp/hard/crtn.o
START GROUP
LOAD /usr/local/Cellar/gcc-arm-none-eabi/20180627/bin/../lib/gcc/arm-none-eabi/7.3.1/thumb/v7e-m/fpv4-sp/hard/libgcc.a
LOAD /usr/local/Cellar/gcc-arm-none-eabi/20180627/bin/../lib/gcc/arm-none-eabi/7.3.1/../../../../arm-none-eabi/lib/thumb/v7e-m/fpv4-sp/hard/libc.a
LOAD /usr/local/Cellar/gcc-arm-none-eabi/20180627/bin/../lib/gcc/arm-none-eabi/7.3.1/../../../../arm-none-eabi/lib/thumb/v7e-m/fpv4-sp/hard/libnosys.a
END GROUP

.igot.plt       0x0000000020001ac8        0x0 load address 0x000000000002c284
 .igot.plt      0x0000000020001ac8        0x0 /usr/local/Cellar/gcc-arm-none-eabi/20180627/bin/../lib/gcc/arm-none-eabi/7.3.1/thumb/v7e-m/fpv4-sp/hard/crtbegin.o
                0x0000000020001ac8                . = ALIGN (0x4)

.mem_section_dummy_ram

.cli_sorted_cmd_ptrs
                0x0000000020001ac8        0x0
                [!provide]                        PROVIDE (__start_cli_sorted_cmd_ptrs = .)
 *(.cli_sorted_cmd_ptrs)
                [!provide]                        PROVIDE (__stop_cli_sorted_cmd_ptrs = .)

.fs_data        0x0000000020001ac8        0x0
                [!provide]                        PROVIDE (__start_fs_data = .)
 *(.fs_data)
                [!provide]                        PROVIDE (__stop_fs_data = .)

.log_dynamic_data
                0x0000000020001ac8        0x0
                0x0000000020001ac8                PROVIDE (__start_log_dynamic_data = .)
 *(SORT_BY_NAME(.log_dynamic_data*))
                [!provide]                        PROVIDE (__stop_log_dynamic_data = .)

.log_filter_data
                0x0000000020001ac8        0x0
                [!provide]                        PROVIDE (__start_log_filter_data = .)
 *(SORT_BY_NAME(.log_filter_data*))
                [!provide]                        PROVIDE (__stop_log_filter_data = .)

.bss            0x0000000020001ac8      0xa90 load address 0x000000000002c284
                0x0000000020001ac8                . = ALIGN (0x4)
                0x0000000020001ac8                __bss_start__ = .
 *(.bss*)
 .bss           0x0000000020001ac8       0x1c /usr/local/Cellar/gcc-arm-none-eabi/20180627/bin/../lib/gcc/arm-none-eabi/7.3.1/thumb/v7e-m/fpv4-sp/hard/crtbegin.o
 .bss.m_async_mode
                0x0000000020001ae4        0x1 _build/nrf52832_xxaa/nrf_log_backend_uart.c.o
 *fill*         0x0000000020001ae5        0x3 
 .bss.m_string_buff
                0x0000000020001ae8       0x40 _build/nrf52832_xxaa/nrf_log_backend_uart.c.o
 .bss.m_xfer_done
                0x0000000020001b28        0x1 _build/nrf52832_xxaa/nrf_log_backend_uart.c.o
 *fill*         0x0000000020001b29        0x3 
 .bss.log_mempool_nrf_balloc_cb
                0x0000000020001b2c        0x8 _build/nrf52832_xxaa/nrf_log_frontend.c.o
 .bss.log_mempool_nrf_balloc_pool_mem
                0x0000000020001b34       0xc0 _build/nrf52832_xxaa/nrf_log_frontend.c.o
 .bss.log_mempool_nrf_balloc_pool_stack
                0x0000000020001bf4        0x8 _build/nrf52832_xxaa/nrf_log_frontend.c.o
 .bss.m_log_data
                0x0000000020001bfc      0x424 _build/nrf52832_xxaa/nrf_log_frontend.c.o
 .bss.m_log_push_ringbuf_buf
                0x0000000020002020       0x80 _build/nrf52832_xxaa/nrf_log_frontend.c.o
 .bss.m_log_push_ringbuf_cb
                0x00000000200020a0       0x18 _build/nrf52832_xxaa/nrf_log_frontend.c.o
 .bss.m_op_queue
                0x00000000200020b8      0x10c _build/nrf52832_xxaa/app_timer.c.o
 .bss.m_rtc1_reset
                0x00000000200021c4        0x1 _build/nrf52832_xxaa/app_timer.c.o
 .bss.m_rtc1_running
                0x00000000200021c5        0x1 _build/nrf52832_xxaa/app_timer.c.o
 *fill*         0x00000000200021c6        0x2 
 .bss.m_ticks_elapsed
                0x00000000200021c8        0x8 _build/nrf52832_xxaa/app_timer.c.o
 .bss.m_ticks_elapsed_q_read_ind
                0x00000000200021d0        0x1 _build/nrf52832_xxaa/app_timer.c.o
 .bss.m_ticks_elapsed_q_write_ind
                0x00000000200021d1        0x1 _build/nrf52832_xxaa/app_timer.c.o
 *fill*         0x00000000200021d2        0x2 
 .bss.m_ticks_latest
                0x00000000200021d4        0x4 _build/nrf52832_xxaa/app_timer.c.o
 .bss.mp_timer_id_head
                0x00000000200021d8        0x4 _build/nrf52832_xxaa/app_timer.c.o
 .bss.m_handlers_iter
                0x00000000200021dc        0x8 _build/nrf52832_xxaa/nrf_pwr_mgmt.c.o
 .bss.m_shutdown_started
                0x00000000200021e4        0x1 _build/nrf52832_xxaa/nrf_pwr_mgmt.c.o
 *fill*         0x00000000200021e5        0x3 
 .bss.m_sysoff_mtx
                0x00000000200021e8        0x4 _build/nrf52832_xxaa/nrf_pwr_mgmt.c.o
 .bss.m_clock_cb
                0x00000000200021ec       0x14 _build/nrf52832_xxaa/nrf_drv_clock.c.o
 .bss.m_contexts
                0x0000000020002200        0x4 _build/nrf52832_xxaa/nrf_drv_uart.c.o
 .bss.m_handlers
                0x0000000020002204        0x4 _build/nrf52832_xxaa/nrf_drv_uart.c.o
 .bss.m_clock_cb
                0x0000000020002208        0x8 _build/nrf52832_xxaa/nrfx_clock.c.o
 .bss.m_cb      0x0000000020002210       0x5c _build/nrf52832_xxaa/nrfx_gpiote.c.o
 .bss.m_prs_box_4
                0x000000002000226c        0x8 _build/nrf52832_xxaa/nrfx_prs.c.o
 .bss.m_cb      0x0000000020002274       0x2c _build/nrf52832_xxaa/nrfx_uart.c.o
 .bss.m_cb      0x00000000200022a0       0x24 _build/nrf52832_xxaa/nrfx_uarte.c.o
 .bss.m_alert_on
                0x00000000200022c4        0x1 _build/nrf52832_xxaa/bsp.c.o
 *fill*         0x00000000200022c5        0x3 
 .bss.m_bsp_alert_tmr_data
                0x00000000200022c8       0x20 _build/nrf52832_xxaa/bsp.c.o
 .bss.m_bsp_leds_tmr_data
                0x00000000200022e8       0x20 _build/nrf52832_xxaa/bsp.c.o
 .bss.m_events_list
                0x0000000020002308        0xc _build/nrf52832_xxaa/bsp.c.o
 .bss.m_indication_type
                0x0000000020002314        0x4 _build/nrf52832_xxaa/bsp.c.o
 .bss.m_leds_clear
                0x0000000020002318        0x1 _build/nrf52832_xxaa/bsp.c.o
 .bss.m_stable_state
                0x0000000020002319        0x1 _build/nrf52832_xxaa/bsp.c.o
 *fill*         0x000000002000231a        0x2 
 .bss.m_error_handler
                0x000000002000231c        0x4 _build/nrf52832_xxaa/bsp_btn_ble.c.o
 .bss.m_num_connections
                0x0000000020002320        0x4 _build/nrf52832_xxaa/bsp_btn_ble.c.o
 .bss.advertisingUpdateTimer_data
                0x0000000020002324       0x20 _build/nrf52832_xxaa/main.c.o
 .bss.m_adv_params
                0x0000000020002344       0x18 _build/nrf52832_xxaa/main.c.o
 .bss.m_enc_advdata
                0x000000002000235c       0x1f _build/nrf52832_xxaa/main.c.o
 .bss.m_memory_access_in_progress
                0x000000002000237b        0x1 _build/nrf52832_xxaa/main.c.o
 .bss.m_scan    0x000000002000237c      0x130 _build/nrf52832_xxaa/main.c.o
 .bss.stretchedData
                0x00000000200024ac       0x1f _build/nrf52832_xxaa/main.c.o
 *fill*         0x00000000200024cb        0x1 
 .bss.m_bcs     0x00000000200024cc       0x78 _build/nrf52832_xxaa/ble_conn_state.c.o
 .bss.m_nrf_sdh_continue
                0x0000000020002544        0x1 _build/nrf52832_xxaa/nrf_sdh.c.o
 .bss.m_nrf_sdh_enabled
                0x0000000020002545        0x1 _build/nrf52832_xxaa/nrf_sdh.c.o
 .bss.m_nrf_sdh_suspended
                0x0000000020002546        0x1 _build/nrf52832_xxaa/nrf_sdh.c.o
 .bss.m_stack_is_enabled
                0x0000000020002547        0x1 _build/nrf52832_xxaa/nrf_sdh_ble.c.o
 *(COMMON)
 COMMON         0x0000000020002548        0xc _build/nrf52832_xxaa/app_util_platform.c.o
                0x0000000020002548                nrf_nvic_state
 COMMON         0x0000000020002554        0x1 _build/nrf52832_xxaa/nrf_drv_uart.c.o
                0x0000000020002554                nrf_drv_uart_use_easy_dma
                0x0000000020002558                . = ALIGN (0x4)
 *fill*         0x0000000020002555        0x3 
                0x0000000020002558                __bss_end__ = .

.heap           0x0000000020002558     0x2000
                0x0000000020002558                __HeapBase = .
                0x0000000020002558                __end__ = .
                [!provide]                        PROVIDE (end = .)
 *(.heap*)
 .heap          0x0000000020002558     0x2000 _build/nrf52832_xxaa/gcc_startup_nrf52.S.o
                0x0000000020004558                __HeapLimit = .

.stack_dummy    0x0000000020002558     0x2000
 *(.stack*)
 .stack         0x0000000020002558     0x2000 _build/nrf52832_xxaa/gcc_startup_nrf52.S.o
                0x0000000020010000                __StackTop = (ORIGIN (RAM) + LENGTH (RAM))
                0x000000002000e000                __StackLimit = (__StackTop - SIZEOF (.stack_dummy))
                0x0000000020010000                PROVIDE (__stack = __StackTop)
                0x0000000000000001                ASSERT ((__StackLimit >= __HeapLimit), region RAM overflowed with stack)
                0x0000000000000220                DataInitFlashUsed = (__bss_start__ - __data_start__)
                0x0000000000006064                CodeFlashUsed = (__etext - ORIGIN (FLASH))
                0x0000000000006284                TotalFlashUsed = (CodeFlashUsed + DataInitFlashUsed)
                0x0000000000000001                ASSERT ((TotalFlashUsed <= LENGTH (FLASH)), region FLASH overflowed with .data and user data)
OUTPUT(_build/nrf52832_xxaa.out elf32-littlearm)

.ARM.attributes
                0x0000000000000000       0x30
 .ARM.attributes
                0x0000000000000000       0x22 /usr/local/Cellar/gcc-arm-none-eabi/20180627/bin/../lib/gcc/arm-none-eabi/7.3.1/thumb/v7e-m/fpv4-sp/hard/crti.o
 .ARM.attributes
                0x0000000000000022       0x34 /usr/local/Cellar/gcc-arm-none-eabi/20180627/bin/../lib/gcc/arm-none-eabi/7.3.1/thumb/v7e-m/fpv4-sp/hard/crtbegin.o
 .ARM.attributes
                0x0000000000000056       0x20 /usr/local/Cellar/gcc-arm-none-eabi/20180627/bin/../lib/gcc/arm-none-eabi/7.3.1/../../../../arm-none-eabi/lib/thumb/v7e-m/fpv4-sp/hard/crt0.o
 .ARM.attributes
                0x0000000000000076       0x20 _build/nrf52832_xxaa/gcc_startup_nrf52.S.o
 .ARM.attributes
                0x0000000000000096       0x39 _build/nrf52832_xxaa/nrf_log_backend_serial.c.o
 .ARM.attributes
                0x00000000000000cf       0x39 _build/nrf52832_xxaa/nrf_log_backend_uart.c.o
 .ARM.attributes
                0x0000000000000108       0x39 _build/nrf52832_xxaa/nrf_log_default_backends.c.o
 .ARM.attributes
                0x0000000000000141       0x39 _build/nrf52832_xxaa/nrf_log_frontend.c.o
 .ARM.attributes
                0x000000000000017a       0x39 _build/nrf52832_xxaa/nrf_log_str_formatter.c.o
 .ARM.attributes
                0x00000000000001b3       0x39 _build/nrf52832_xxaa/app_error.c.o
 .ARM.attributes
                0x00000000000001ec       0x39 _build/nrf52832_xxaa/app_error_weak.c.o
 .ARM.attributes
                0x0000000000000225       0x39 _build/nrf52832_xxaa/app_timer.c.o
 .ARM.attributes
                0x000000000000025e       0x39 _build/nrf52832_xxaa/app_util_platform.c.o
 .ARM.attributes
                0x0000000000000297       0x39 _build/nrf52832_xxaa/nrf_atflags.c.o
 .ARM.attributes
                0x00000000000002d0       0x39 _build/nrf52832_xxaa/nrf_atomic.c.o
 .ARM.attributes
                0x0000000000000309       0x39 _build/nrf52832_xxaa/nrf_balloc.c.o
 .ARM.attributes
                0x0000000000000342       0x39 _build/nrf52832_xxaa/nrf_fprintf.c.o
 .ARM.attributes
                0x000000000000037b       0x39 _build/nrf52832_xxaa/nrf_fprintf_format.c.o
 .ARM.attributes
                0x00000000000003b4       0x39 _build/nrf52832_xxaa/nrf_memobj.c.o
 .ARM.attributes
                0x00000000000003ed       0x39 _build/nrf52832_xxaa/nrf_pwr_mgmt.c.o
 .ARM.attributes
                0x0000000000000426       0x39 _build/nrf52832_xxaa/nrf_ringbuf.c.o
 .ARM.attributes
                0x000000000000045f       0x39 _build/nrf52832_xxaa/nrf_section_iter.c.o
 .ARM.attributes
                0x0000000000000498       0x39 _build/nrf52832_xxaa/nrf_strerror.c.o
 .ARM.attributes
                0x00000000000004d1       0x39 _build/nrf52832_xxaa/system_nrf52.c.o
 .ARM.attributes
                0x000000000000050a       0x39 _build/nrf52832_xxaa/boards.c.o
 .ARM.attributes
                0x0000000000000543       0x39 _build/nrf52832_xxaa/nrf_drv_clock.c.o
 .ARM.attributes
                0x000000000000057c       0x39 _build/nrf52832_xxaa/nrf_drv_uart.c.o
 .ARM.attributes
                0x00000000000005b5       0x39 _build/nrf52832_xxaa/nrfx_clock.c.o
 .ARM.attributes
                0x00000000000005ee       0x39 _build/nrf52832_xxaa/nrfx_gpiote.c.o
 .ARM.attributes
                0x0000000000000627       0x39 _build/nrf52832_xxaa/nrfx_prs.c.o
 .ARM.attributes
                0x0000000000000660       0x39 _build/nrf52832_xxaa/nrfx_uart.c.o
 .ARM.attributes
                0x0000000000000699       0x39 _build/nrf52832_xxaa/nrfx_uarte.c.o
 .ARM.attributes
                0x00000000000006d2       0x39 _build/nrf52832_xxaa/bsp.c.o
 .ARM.attributes
                0x000000000000070b       0x39 _build/nrf52832_xxaa/bsp_btn_ble.c.o
 .ARM.attributes
                0x0000000000000744       0x39 _build/nrf52832_xxaa/main.c.o
 .ARM.attributes
                0x000000000000077d       0x39 _build/nrf52832_xxaa/ble_advdata.c.o
 .ARM.attributes
                0x00000000000007b6       0x39 _build/nrf52832_xxaa/ble_conn_state.c.o
 .ARM.attributes
                0x00000000000007ef       0x39 _build/nrf52832_xxaa/peer_manager_handler.c.o
 .ARM.attributes
                0x0000000000000828       0x39 _build/nrf52832_xxaa/nrf_sdh.c.o
 .ARM.attributes
                0x0000000000000861       0x39 _build/nrf52832_xxaa/nrf_sdh_ble.c.o
 .ARM.attributes
                0x000000000000089a       0x39 _build/nrf52832_xxaa/nrf_sdh_soc.c.o
 .ARM.attributes
                0x00000000000008d3       0x39 _build/nrf52832_xxaa/nrf_ble_scan.c.o
 .ARM.attributes
                0x000000000000090c       0x34 /usr/local/Cellar/gcc-arm-none-eabi/20180627/bin/../lib/gcc/arm-none-eabi/7.3.1/../../../../arm-none-eabi/lib/thumb/v7e-m/fpv4-sp/hard/libc_nano.a(lib_a-exit.o)
 .ARM.attributes
                0x0000000000000940       0x34 /usr/local/Cellar/gcc-arm-none-eabi/20180627/bin/../lib/gcc/arm-none-eabi/7.3.1/../../../../arm-none-eabi/lib/thumb/v7e-m/fpv4-sp/hard/libc_nano.a(lib_a-impure.o)
 .ARM.attributes
                0x0000000000000974       0x34 /usr/local/Cellar/gcc-arm-none-eabi/20180627/bin/../lib/gcc/arm-none-eabi/7.3.1/../../../../arm-none-eabi/lib/thumb/v7e-m/fpv4-sp/hard/libc_nano.a(lib_a-init.o)
 .ARM.attributes
                0x00000000000009a8       0x34 /usr/local/Cellar/gcc-arm-none-eabi/20180627/bin/../lib/gcc/arm-none-eabi/7.3.1/../../../../arm-none-eabi/lib/thumb/v7e-m/fpv4-sp/hard/libc_nano.a(lib_a-locale.o)
 .ARM.attributes
                0x00000000000009dc       0x34 /usr/local/Cellar/gcc-arm-none-eabi/20180627/bin/../lib/gcc/arm-none-eabi/7.3.1/../../../../arm-none-eabi/lib/thumb/v7e-m/fpv4-sp/hard/libc_nano.a(lib_a-mbtowc_r.o)
 .ARM.attributes
                0x0000000000000a10       0x34 /usr/local/Cellar/gcc-arm-none-eabi/20180627/bin/../lib/gcc/arm-none-eabi/7.3.1/../../../../arm-none-eabi/lib/thumb/v7e-m/fpv4-sp/hard/libc_nano.a(lib_a-memcmp.o)
 .ARM.attributes
                0x0000000000000a44       0x34 /usr/local/Cellar/gcc-arm-none-eabi/20180627/bin/../lib/gcc/arm-none-eabi/7.3.1/../../../../arm-none-eabi/lib/thumb/v7e-m/fpv4-sp/hard/libc_nano.a(lib_a-memcpy-stub.o)
 .ARM.attributes
                0x0000000000000a78       0x34 /usr/local/Cellar/gcc-arm-none-eabi/20180627/bin/../lib/gcc/arm-none-eabi/7.3.1/../../../../arm-none-eabi/lib/thumb/v7e-m/fpv4-sp/hard/libc_nano.a(lib_a-memset.o)
 .ARM.attributes
                0x0000000000000aac       0x1b /usr/local/Cellar/gcc-arm-none-eabi/20180627/bin/../lib/gcc/arm-none-eabi/7.3.1/../../../../arm-none-eabi/lib/thumb/v7e-m/fpv4-sp/hard/libc_nano.a(lib_a-strlen.o)
 .ARM.attributes
                0x0000000000000ac7       0x34 /usr/local/Cellar/gcc-arm-none-eabi/20180627/bin/../lib/gcc/arm-none-eabi/7.3.1/../../../../arm-none-eabi/lib/thumb/v7e-m/fpv4-sp/hard/libc_nano.a(lib_a-wctomb_r.o)
 .ARM.attributes
                0x0000000000000afb       0x34 /usr/local/Cellar/gcc-arm-none-eabi/20180627/bin/../lib/gcc/arm-none-eabi/7.3.1/../../../../arm-none-eabi/lib/thumb/v7e-m/fpv4-sp/hard/libc_nano.a(lib_a-ctype_.o)
 .ARM.attributes
                0x0000000000000b2f       0x34 /usr/local/Cellar/gcc-arm-none-eabi/20180627/bin/../lib/gcc/arm-none-eabi/7.3.1/../../../../arm-none-eabi/lib/thumb/v7e-m/fpv4-sp/hard/libnosys.a(_exit.o)
 .ARM.attributes
                0x0000000000000b63       0x22 /usr/local/Cellar/gcc-arm-none-eabi/20180627/bin/../lib/gcc/arm-none-eabi/7.3.1/thumb/v7e-m/fpv4-sp/hard/libgcc.a(_aeabi_uldivmod.o)
 .ARM.attributes
                0x0000000000000b85       0x34 /usr/local/Cellar/gcc-arm-none-eabi/20180627/bin/../lib/gcc/arm-none-eabi/7.3.1/thumb/v7e-m/fpv4-sp/hard/libgcc.a(_udivmoddi4.o)
 .ARM.attributes
                0x0000000000000bb9       0x22 /usr/local/Cellar/gcc-arm-none-eabi/20180627/bin/../lib/gcc/arm-none-eabi/7.3.1/thumb/v7e-m/fpv4-sp/hard/libgcc.a(_dvmd_tls.o)
 .ARM.attributes
                0x0000000000000bdb       0x34 /usr/local/Cellar/gcc-arm-none-eabi/20180627/bin/../lib/gcc/arm-none-eabi/7.3.1/thumb/v7e-m/fpv4-sp/hard/crtend.o
 .ARM.attributes
                0x0000000000000c0f       0x22 /usr/local/Cellar/gcc-arm-none-eabi/20180627/bin/../lib/gcc/arm-none-eabi/7.3.1/thumb/v7e-m/fpv4-sp/hard/crtn.o

.comment        0x0000000000000000       0x7f
 .comment       0x0000000000000000       0x7f _build/nrf52832_xxaa/nrf_log_backend_serial.c.o
                                         0x80 (size before relaxing)
 .comment       0x000000000000007f       0x80 _build/nrf52832_xxaa/nrf_log_backend_uart.c.o
 .comment       0x000000000000007f       0x80 _build/nrf52832_xxaa/nrf_log_default_backends.c.o
 .comment       0x000000000000007f       0x80 _build/nrf52832_xxaa/nrf_log_frontend.c.o
 .comment       0x000000000000007f       0x80 _build/nrf52832_xxaa/nrf_log_str_formatter.c.o
 .comment       0x000000000000007f       0x80 _build/nrf52832_xxaa/app_error.c.o
 .comment       0x000000000000007f       0x80 _build/nrf52832_xxaa/app_error_weak.c.o
 .comment       0x000000000000007f       0x80 _build/nrf52832_xxaa/app_timer.c.o
 .comment       0x000000000000007f       0x80 _build/nrf52832_xxaa/app_util_platform.c.o
 .comment       0x000000000000007f       0x80 _build/nrf52832_xxaa/nrf_atflags.c.o
 .comment       0x000000000000007f       0x80 _build/nrf52832_xxaa/nrf_atomic.c.o
 .comment       0x000000000000007f       0x80 _build/nrf52832_xxaa/nrf_balloc.c.o
 .comment       0x000000000000007f       0x80 _build/nrf52832_xxaa/nrf_fprintf.c.o
 .comment       0x000000000000007f       0x80 _build/nrf52832_xxaa/nrf_fprintf_format.c.o
 .comment       0x000000000000007f       0x80 _build/nrf52832_xxaa/nrf_memobj.c.o
 .comment       0x000000000000007f       0x80 _build/nrf52832_xxaa/nrf_pwr_mgmt.c.o
 .comment       0x000000000000007f       0x80 _build/nrf52832_xxaa/nrf_ringbuf.c.o
 .comment       0x000000000000007f       0x80 _build/nrf52832_xxaa/nrf_section_iter.c.o
 .comment       0x000000000000007f       0x80 _build/nrf52832_xxaa/nrf_strerror.c.o
 .comment       0x000000000000007f       0x80 _build/nrf52832_xxaa/system_nrf52.c.o
 .comment       0x000000000000007f       0x80 _build/nrf52832_xxaa/boards.c.o
 .comment       0x000000000000007f       0x80 _build/nrf52832_xxaa/nrf_drv_clock.c.o
 .comment       0x000000000000007f       0x80 _build/nrf52832_xxaa/nrf_drv_uart.c.o
 .comment       0x000000000000007f       0x80 _build/nrf52832_xxaa/nrfx_clock.c.o
 .comment       0x000000000000007f       0x80 _build/nrf52832_xxaa/nrfx_gpiote.c.o
 .comment       0x000000000000007f       0x80 _build/nrf52832_xxaa/nrfx_prs.c.o
 .comment       0x000000000000007f       0x80 _build/nrf52832_xxaa/nrfx_uart.c.o
 .comment       0x000000000000007f       0x80 _build/nrf52832_xxaa/nrfx_uarte.c.o
 .comment       0x000000000000007f       0x80 _build/nrf52832_xxaa/bsp.c.o
 .comment       0x000000000000007f       0x80 _build/nrf52832_xxaa/bsp_btn_ble.c.o
 .comment       0x000000000000007f       0x80 _build/nrf52832_xxaa/main.c.o
 .comment       0x000000000000007f       0x80 _build/nrf52832_xxaa/ble_advdata.c.o
 .comment       0x000000000000007f       0x80 _build/nrf52832_xxaa/ble_conn_state.c.o
 .comment       0x000000000000007f       0x80 _build/nrf52832_xxaa/peer_manager_handler.c.o
 .comment       0x000000000000007f       0x80 _build/nrf52832_xxaa/nrf_sdh.c.o
 .comment       0x000000000000007f       0x80 _build/nrf52832_xxaa/nrf_sdh_ble.c.o
 .comment       0x000000000000007f       0x80 _build/nrf52832_xxaa/nrf_sdh_soc.c.o
 .comment       0x000000000000007f       0x80 _build/nrf52832_xxaa/nrf_ble_scan.c.o

.debug_line     0x0000000000000000    0x17190
 .debug_line    0x0000000000000000       0x86 _build/nrf52832_xxaa/gcc_startup_nrf52.S.o
 .debug_line    0x0000000000000086      0x82e _build/nrf52832_xxaa/nrf_log_backend_serial.c.o
 .debug_line    0x00000000000008b4      0xab9 _build/nrf52832_xxaa/nrf_log_backend_uart.c.o
 .debug_line    0x000000000000136d      0x7ac _build/nrf52832_xxaa/nrf_log_default_backends.c.o
 .debug_line    0x0000000000001b19      0xf00 _build/nrf52832_xxaa/nrf_log_frontend.c.o
 .debug_line    0x0000000000002a19      0x8a1 _build/nrf52832_xxaa/nrf_log_str_formatter.c.o
 .debug_line    0x00000000000032ba      0x4ba _build/nrf52832_xxaa/app_error.c.o
 .debug_line    0x0000000000003774      0x821 _build/nrf52832_xxaa/app_error_weak.c.o
 .debug_line    0x0000000000003f95      0xcc2 _build/nrf52832_xxaa/app_timer.c.o
 .debug_line    0x0000000000004c57      0x5d0 _build/nrf52832_xxaa/app_util_platform.c.o
 .debug_line    0x0000000000005227      0x661 _build/nrf52832_xxaa/nrf_atflags.c.o
 .debug_line    0x0000000000005888      0x6c0 _build/nrf52832_xxaa/nrf_atomic.c.o
 .debug_line    0x0000000000005f48      0x77e _build/nrf52832_xxaa/nrf_balloc.c.o
 .debug_line    0x00000000000066c6      0x559 _build/nrf52832_xxaa/nrf_fprintf.c.o
 .debug_line    0x0000000000006c1f      0x769 _build/nrf52832_xxaa/nrf_fprintf_format.c.o
 .debug_line    0x0000000000007388      0x85b _build/nrf52832_xxaa/nrf_memobj.c.o
 .debug_line    0x0000000000007be3      0xbc9 _build/nrf52832_xxaa/nrf_pwr_mgmt.c.o
 .debug_line    0x00000000000087ac      0x71a _build/nrf52832_xxaa/nrf_ringbuf.c.o
 .debug_line    0x0000000000008ec6      0x563 _build/nrf52832_xxaa/nrf_section_iter.c.o
 .debug_line    0x0000000000009429      0x566 _build/nrf52832_xxaa/nrf_strerror.c.o
 .debug_line    0x000000000000998f      0x457 _build/nrf52832_xxaa/system_nrf52.c.o
 .debug_line    0x0000000000009de6      0x911 _build/nrf52832_xxaa/boards.c.o
 .debug_line    0x000000000000a6f7      0xc22 _build/nrf52832_xxaa/nrf_drv_clock.c.o
 .debug_line    0x000000000000b319      0x80b _build/nrf52832_xxaa/nrf_drv_uart.c.o
 .debug_line    0x000000000000bb24      0xc9c _build/nrf52832_xxaa/nrfx_clock.c.o
 .debug_line    0x000000000000c7c0     0x131f _build/nrf52832_xxaa/nrfx_gpiote.c.o
 .debug_line    0x000000000000dadf      0x909 _build/nrf52832_xxaa/nrfx_prs.c.o
 .debug_line    0x000000000000e3e8      0xffa _build/nrf52832_xxaa/nrfx_uart.c.o
 .debug_line    0x000000000000f3e2      0xf22 _build/nrf52832_xxaa/nrfx_uarte.c.o
 .debug_line    0x0000000000010304      0xbd7 _build/nrf52832_xxaa/bsp.c.o
 .debug_line    0x0000000000010edb      0x9bc _build/nrf52832_xxaa/bsp_btn_ble.c.o
 .debug_line    0x0000000000011897     0x1263 _build/nrf52832_xxaa/main.c.o
 .debug_line    0x0000000000012afa      0x9b2 _build/nrf52832_xxaa/ble_advdata.c.o
 .debug_line    0x00000000000134ac      0xac7 _build/nrf52832_xxaa/ble_conn_state.c.o
 .debug_line    0x0000000000013f73      0xdf9 _build/nrf52832_xxaa/peer_manager_handler.c.o
 .debug_line    0x0000000000014d6c      0x97c _build/nrf52832_xxaa/nrf_sdh.c.o
 .debug_line    0x00000000000156e8      0x8c0 _build/nrf52832_xxaa/nrf_sdh_ble.c.o
 .debug_line    0x0000000000015fa8      0x738 _build/nrf52832_xxaa/nrf_sdh_soc.c.o
 .debug_line    0x00000000000166e0      0xab0 _build/nrf52832_xxaa/nrf_ble_scan.c.o

.debug_info     0x0000000000000000    0x4585c
 .debug_info    0x0000000000000000       0x26 _build/nrf52832_xxaa/gcc_startup_nrf52.S.o
 .debug_info    0x0000000000000026     0x1125 _build/nrf52832_xxaa/nrf_log_backend_serial.c.o
 .debug_info    0x000000000000114b     0x1ac6 _build/nrf52832_xxaa/nrf_log_backend_uart.c.o
 .debug_info    0x0000000000002c11      0xccc _build/nrf52832_xxaa/nrf_log_default_backends.c.o
 .debug_info    0x00000000000038dd     0x392c _build/nrf52832_xxaa/nrf_log_frontend.c.o
 .debug_info    0x0000000000007209     0x1380 _build/nrf52832_xxaa/nrf_log_str_formatter.c.o
 .debug_info    0x0000000000008589      0xaeb _build/nrf52832_xxaa/app_error.c.o
 .debug_info    0x0000000000009074      0xf19 _build/nrf52832_xxaa/app_error_weak.c.o
 .debug_info    0x0000000000009f8d     0x23d3 _build/nrf52832_xxaa/app_timer.c.o
 .debug_info    0x000000000000c360     0x119d _build/nrf52832_xxaa/app_util_platform.c.o
 .debug_info    0x000000000000d4fd      0xdfe _build/nrf52832_xxaa/nrf_atflags.c.o
 .debug_info    0x000000000000e2fb     0x122a _build/nrf52832_xxaa/nrf_atomic.c.o
 .debug_info    0x000000000000f525      0xd8d _build/nrf52832_xxaa/nrf_balloc.c.o
 .debug_info    0x00000000000102b2      0xaa8 _build/nrf52832_xxaa/nrf_fprintf.c.o
 .debug_info    0x0000000000010d5a     0x132f _build/nrf52832_xxaa/nrf_fprintf_format.c.o
 .debug_info    0x0000000000012089     0x136c _build/nrf52832_xxaa/nrf_memobj.c.o
 .debug_info    0x00000000000133f5     0x1c36 _build/nrf52832_xxaa/nrf_pwr_mgmt.c.o
 .debug_info    0x000000000001502b      0xe3a _build/nrf52832_xxaa/nrf_ringbuf.c.o
 .debug_info    0x0000000000015e65      0xa21 _build/nrf52832_xxaa/nrf_section_iter.c.o
 .debug_info    0x0000000000016886      0xaa2 _build/nrf52832_xxaa/nrf_strerror.c.o
 .debug_info    0x0000000000017328     0x1139 _build/nrf52832_xxaa/system_nrf52.c.o
 .debug_info    0x0000000000018461     0x14d0 _build/nrf52832_xxaa/boards.c.o
 .debug_info    0x0000000000019931     0x1e1e _build/nrf52832_xxaa/nrf_drv_clock.c.o
 .debug_info    0x000000000001b74f     0x193f _build/nrf52832_xxaa/nrf_drv_uart.c.o
 .debug_info    0x000000000001d08e     0x1e98 _build/nrf52832_xxaa/nrfx_clock.c.o
 .debug_info    0x000000000001ef26     0x398f _build/nrf52832_xxaa/nrfx_gpiote.c.o
 .debug_info    0x00000000000228b5     0x10d0 _build/nrf52832_xxaa/nrfx_prs.c.o
 .debug_info    0x0000000000023985     0x383f _build/nrf52832_xxaa/nrfx_uart.c.o
 .debug_info    0x00000000000271c4     0x3576 _build/nrf52832_xxaa/nrfx_uarte.c.o
 .debug_info    0x000000000002a73a     0x2160 _build/nrf52832_xxaa/bsp.c.o
 .debug_info    0x000000000002c89a     0x25b3 _build/nrf52832_xxaa/bsp_btn_ble.c.o
 .debug_info    0x000000000002ee4d     0x44fc _build/nrf52832_xxaa/main.c.o
 .debug_info    0x0000000000033349     0x23c4 _build/nrf52832_xxaa/ble_advdata.c.o
 .debug_info    0x000000000003570d     0x32df _build/nrf52832_xxaa/ble_conn_state.c.o
 .debug_info    0x00000000000389ec     0x3b07 _build/nrf52832_xxaa/peer_manager_handler.c.o
 .debug_info    0x000000000003c4f3     0x1d9a _build/nrf52832_xxaa/nrf_sdh.c.o
 .debug_info    0x000000000003e28d     0x311b _build/nrf52832_xxaa/nrf_sdh_ble.c.o
 .debug_info    0x00000000000413a8      0xe82 _build/nrf52832_xxaa/nrf_sdh_soc.c.o
 .debug_info    0x000000000004222a     0x3632 _build/nrf52832_xxaa/nrf_ble_scan.c.o

.debug_abbrev   0x0000000000000000     0x8bc7
 .debug_abbrev  0x0000000000000000       0x14 _build/nrf52832_xxaa/gcc_startup_nrf52.S.o
 .debug_abbrev  0x0000000000000014      0x27f _build/nrf52832_xxaa/nrf_log_backend_serial.c.o
 .debug_abbrev  0x0000000000000293      0x3ca _build/nrf52832_xxaa/nrf_log_backend_uart.c.o
 .debug_abbrev  0x000000000000065d      0x256 _build/nrf52832_xxaa/nrf_log_default_backends.c.o
 .debug_abbrev  0x00000000000008b3      0x598 _build/nrf52832_xxaa/nrf_log_frontend.c.o
 .debug_abbrev  0x0000000000000e4b      0x2ba _build/nrf52832_xxaa/nrf_log_str_formatter.c.o
 .debug_abbrev  0x0000000000001105      0x235 _build/nrf52832_xxaa/app_error.c.o
 .debug_abbrev  0x000000000000133a      0x298 _build/nrf52832_xxaa/app_error_weak.c.o
 .debug_abbrev  0x00000000000015d2      0x49d _build/nrf52832_xxaa/app_timer.c.o
 .debug_abbrev  0x0000000000001a6f      0x381 _build/nrf52832_xxaa/app_util_platform.c.o
 .debug_abbrev  0x0000000000001df0      0x305 _build/nrf52832_xxaa/nrf_atflags.c.o
 .debug_abbrev  0x00000000000020f5      0x31f _build/nrf52832_xxaa/nrf_atomic.c.o
 .debug_abbrev  0x0000000000002414      0x302 _build/nrf52832_xxaa/nrf_balloc.c.o
 .debug_abbrev  0x0000000000002716      0x239 _build/nrf52832_xxaa/nrf_fprintf.c.o
 .debug_abbrev  0x000000000000294f      0x347 _build/nrf52832_xxaa/nrf_fprintf_format.c.o
 .debug_abbrev  0x0000000000002c96      0x350 _build/nrf52832_xxaa/nrf_memobj.c.o
 .debug_abbrev  0x0000000000002fe6      0x46d _build/nrf52832_xxaa/nrf_pwr_mgmt.c.o
 .debug_abbrev  0x0000000000003453      0x265 _build/nrf52832_xxaa/nrf_ringbuf.c.o
 .debug_abbrev  0x00000000000036b8      0x1da _build/nrf52832_xxaa/nrf_section_iter.c.o
 .debug_abbrev  0x0000000000003892      0x248 _build/nrf52832_xxaa/nrf_strerror.c.o
 .debug_abbrev  0x0000000000003ada      0x1e2 _build/nrf52832_xxaa/system_nrf52.c.o
 .debug_abbrev  0x0000000000003cbc      0x3b5 _build/nrf52832_xxaa/boards.c.o
 .debug_abbrev  0x0000000000004071      0x550 _build/nrf52832_xxaa/nrf_drv_clock.c.o
 .debug_abbrev  0x00000000000045c1      0x298 _build/nrf52832_xxaa/nrf_drv_uart.c.o
 .debug_abbrev  0x0000000000004859      0x4e2 _build/nrf52832_xxaa/nrfx_clock.c.o
 .debug_abbrev  0x0000000000004d3b      0x522 _build/nrf52832_xxaa/nrfx_gpiote.c.o
 .debug_abbrev  0x000000000000525d      0x30c _build/nrf52832_xxaa/nrfx_prs.c.o
 .debug_abbrev  0x0000000000005569      0x4fe _build/nrf52832_xxaa/nrfx_uart.c.o
 .debug_abbrev  0x0000000000005a67      0x4c8 _build/nrf52832_xxaa/nrfx_uarte.c.o
 .debug_abbrev  0x0000000000005f2f      0x4bf _build/nrf52832_xxaa/bsp.c.o
 .debug_abbrev  0x00000000000063ee      0x37d _build/nrf52832_xxaa/bsp_btn_ble.c.o
 .debug_abbrev  0x000000000000676b      0x5e0 _build/nrf52832_xxaa/main.c.o
 .debug_abbrev  0x0000000000006d4b      0x42b _build/nrf52832_xxaa/ble_advdata.c.o
 .debug_abbrev  0x0000000000007176      0x4f5 _build/nrf52832_xxaa/ble_conn_state.c.o
 .debug_abbrev  0x000000000000766b      0x4be _build/nrf52832_xxaa/peer_manager_handler.c.o
 .debug_abbrev  0x0000000000007b29      0x4e7 _build/nrf52832_xxaa/nrf_sdh.c.o
 .debug_abbrev  0x0000000000008010      0x43b _build/nrf52832_xxaa/nrf_sdh_ble.c.o
 .debug_abbrev  0x000000000000844b      0x2c2 _build/nrf52832_xxaa/nrf_sdh_soc.c.o
 .debug_abbrev  0x000000000000870d      0x4ba _build/nrf52832_xxaa/nrf_ble_scan.c.o

.debug_aranges  0x0000000000000000      0xda0
 .debug_aranges
                0x0000000000000000       0x20 _build/nrf52832_xxaa/gcc_startup_nrf52.S.o
 .debug_aranges
                0x0000000000000020       0x20 _build/nrf52832_xxaa/nrf_log_backend_serial.c.o
 .debug_aranges
                0x0000000000000040       0x48 _build/nrf52832_xxaa/nrf_log_backend_uart.c.o
 .debug_aranges
                0x0000000000000088       0x20 _build/nrf52832_xxaa/nrf_log_default_backends.c.o
 .debug_aranges
                0x00000000000000a8       0xc8 _build/nrf52832_xxaa/nrf_log_frontend.c.o
 .debug_aranges
                0x0000000000000170       0x30 _build/nrf52832_xxaa/nrf_log_str_formatter.c.o
 .debug_aranges
                0x00000000000001a0       0x28 _build/nrf52832_xxaa/app_error.c.o
 .debug_aranges
                0x00000000000001c8       0x20 _build/nrf52832_xxaa/app_error_weak.c.o
 .debug_aranges
                0x00000000000001e8       0x70 _build/nrf52832_xxaa/app_timer.c.o
 .debug_aranges
                0x0000000000000258       0x48 _build/nrf52832_xxaa/app_util_platform.c.o
 .debug_aranges
                0x00000000000002a0       0x58 _build/nrf52832_xxaa/nrf_atflags.c.o
 .debug_aranges
                0x00000000000002f8       0xb0 _build/nrf52832_xxaa/nrf_atomic.c.o
 .debug_aranges
                0x00000000000003a8       0x30 _build/nrf52832_xxaa/nrf_balloc.c.o
 .debug_aranges
                0x00000000000003d8       0x28 _build/nrf52832_xxaa/nrf_fprintf.c.o
 .debug_aranges
                0x0000000000000400       0x28 _build/nrf52832_xxaa/nrf_fprintf_format.c.o
 .debug_aranges
                0x0000000000000428       0x50 _build/nrf52832_xxaa/nrf_memobj.c.o
 .debug_aranges
                0x0000000000000478       0x48 _build/nrf52832_xxaa/nrf_pwr_mgmt.c.o
 .debug_aranges
                0x00000000000004c0       0x50 _build/nrf52832_xxaa/nrf_ringbuf.c.o
 .debug_aranges
                0x0000000000000510       0x28 _build/nrf52832_xxaa/nrf_section_iter.c.o
 .debug_aranges
                0x0000000000000538       0x28 _build/nrf52832_xxaa/nrf_strerror.c.o
 .debug_aranges
                0x0000000000000560       0x28 _build/nrf52832_xxaa/system_nrf52.c.o
 .debug_aranges
                0x0000000000000588       0x78 _build/nrf52832_xxaa/boards.c.o
 .debug_aranges
                0x0000000000000600       0xa8 _build/nrf52832_xxaa/nrf_drv_clock.c.o
 .debug_aranges
                0x00000000000006a8       0x30 _build/nrf52832_xxaa/nrf_drv_uart.c.o
 .debug_aranges
                0x00000000000006d8       0x80 _build/nrf52832_xxaa/nrfx_clock.c.o
 .debug_aranges
                0x0000000000000758       0xd8 _build/nrf52832_xxaa/nrfx_gpiote.c.o
 .debug_aranges
                0x0000000000000830       0x30 _build/nrf52832_xxaa/nrfx_prs.c.o
 .debug_aranges
                0x0000000000000860       0x78 _build/nrf52832_xxaa/nrfx_uart.c.o
 .debug_aranges
                0x00000000000008d8       0x68 _build/nrf52832_xxaa/nrfx_uarte.c.o
 .debug_aranges
                0x0000000000000940       0x78 _build/nrf52832_xxaa/bsp.c.o
 .debug_aranges
                0x00000000000009b8       0x30 _build/nrf52832_xxaa/bsp_btn_ble.c.o
 .debug_aranges
                0x00000000000009e8       0xb0 _build/nrf52832_xxaa/main.c.o
 .debug_aranges
                0x0000000000000a98       0x78 _build/nrf52832_xxaa/ble_advdata.c.o
 .debug_aranges
                0x0000000000000b10       0xc0 _build/nrf52832_xxaa/ble_conn_state.c.o
 .debug_aranges
                0x0000000000000bd0       0x58 _build/nrf52832_xxaa/peer_manager_handler.c.o
 .debug_aranges
                0x0000000000000c28       0x70 _build/nrf52832_xxaa/nrf_sdh.c.o
 .debug_aranges
                0x0000000000000c98       0x50 _build/nrf52832_xxaa/nrf_sdh_ble.c.o
 .debug_aranges
                0x0000000000000ce8       0x28 _build/nrf52832_xxaa/nrf_sdh_soc.c.o
 .debug_aranges
                0x0000000000000d10       0x90 _build/nrf52832_xxaa/nrf_ble_scan.c.o

.debug_str      0x0000000000000000    0x95916
 .debug_str     0x0000000000000000       0xa8 _build/nrf52832_xxaa/gcc_startup_nrf52.S.o
 .debug_str     0x00000000000000a8    0x73a96 _build/nrf52832_xxaa/nrf_log_backend_serial.c.o
                                      0x75b33 (size before relaxing)
 .debug_str     0x0000000000073b3e     0x852d _build/nrf52832_xxaa/nrf_log_backend_uart.c.o
                                      0x7db51 (size before relaxing)
 .debug_str     0x000000000007c06b      0x11c _build/nrf52832_xxaa/nrf_log_default_backends.c.o
                                      0x758ea (size before relaxing)
 .debug_str     0x000000000007c187     0x1372 _build/nrf52832_xxaa/nrf_log_frontend.c.o
                                      0x76da1 (size before relaxing)
 .debug_str     0x000000000007d4f9      0x6a4 _build/nrf52832_xxaa/nrf_log_str_formatter.c.o
                                      0x7604b (size before relaxing)
 .debug_str     0x000000000007db9d       0xf4 _build/nrf52832_xxaa/app_error.c.o
                                      0x609c0 (size before relaxing)
 .debug_str     0x000000000007dc91      0xa52 _build/nrf52832_xxaa/app_error_weak.c.o
                                      0x7692c (size before relaxing)
 .debug_str     0x000000000007e6e3      0xdd8 _build/nrf52832_xxaa/app_timer.c.o
                                      0x7a498 (size before relaxing)
 .debug_str     0x000000000007f4bb      0x24e _build/nrf52832_xxaa/app_util_platform.c.o
                                      0x61ed8 (size before relaxing)
 .debug_str     0x000000000007f709      0x3c4 _build/nrf52832_xxaa/nrf_atflags.c.o
                                      0x70b03 (size before relaxing)
 .debug_str     0x000000000007facd      0x663 _build/nrf52832_xxaa/nrf_atomic.c.o
                                      0x70e5e (size before relaxing)
 .debug_str     0x0000000000080130      0x164 _build/nrf52832_xxaa/nrf_balloc.c.o
                                      0x758e4 (size before relaxing)
 .debug_str     0x0000000000080294      0x144 _build/nrf52832_xxaa/nrf_fprintf.c.o
                                      0x70ab7 (size before relaxing)
 .debug_str     0x00000000000803d8      0x11d _build/nrf52832_xxaa/nrf_fprintf_format.c.o
                                      0x70bac (size before relaxing)
 .debug_str     0x00000000000804f5      0x1a5 _build/nrf52832_xxaa/nrf_memobj.c.o
                                      0x73c9c (size before relaxing)
 .debug_str     0x000000000008069a     0x16c5 _build/nrf52832_xxaa/nrf_pwr_mgmt.c.o
                                      0x7ecfe (size before relaxing)
 .debug_str     0x0000000000081d5f       0xdc _build/nrf52832_xxaa/nrf_ringbuf.c.o
                                      0x7238e (size before relaxing)
 .debug_str     0x0000000000081e3b       0x54 _build/nrf52832_xxaa/nrf_section_iter.c.o
                                      0x70c86 (size before relaxing)
 .debug_str     0x0000000000081e8f       0xed _build/nrf52832_xxaa/nrf_strerror.c.o
                                      0x70823 (size before relaxing)
 .debug_str     0x0000000000081f7c      0x368 _build/nrf52832_xxaa/system_nrf52.c.o
                                      0x5c4c2 (size before relaxing)
 .debug_str     0x00000000000822e4     0x154e _build/nrf52832_xxaa/boards.c.o
                                      0x7a486 (size before relaxing)
 .debug_str     0x0000000000083832      0xe8b _build/nrf52832_xxaa/nrf_drv_clock.c.o
                                      0x7d9c5 (size before relaxing)
 .debug_str     0x00000000000846bd      0x470 _build/nrf52832_xxaa/nrf_drv_uart.c.o
                                      0x7a364 (size before relaxing)
 .debug_str     0x0000000000084b2d      0x942 _build/nrf52832_xxaa/nrfx_clock.c.o
                                      0x7cf9d (size before relaxing)
 .debug_str     0x000000000008546f     0x1897 _build/nrf52832_xxaa/nrfx_gpiote.c.o
                                      0x7e0a5 (size before relaxing)
 .debug_str     0x0000000000086d06      0x334 _build/nrf52832_xxaa/nrfx_prs.c.o
                                      0x7c593 (size before relaxing)
 .debug_str     0x000000000008703a      0x6a7 _build/nrf52832_xxaa/nrfx_uart.c.o
                                      0x7d721 (size before relaxing)
 .debug_str     0x00000000000876e1      0x976 _build/nrf52832_xxaa/nrfx_uarte.c.o
                                      0x7dbb5 (size before relaxing)
 .debug_str     0x0000000000088057     0x10d9 _build/nrf52832_xxaa/bsp.c.o
                                      0x7b542 (size before relaxing)
 .debug_str     0x0000000000089130     0x6abf _build/nrf52832_xxaa/bsp_btn_ble.c.o
                                      0x815be (size before relaxing)
 .debug_str     0x000000000008fbef     0x27d9 _build/nrf52832_xxaa/main.c.o
                                      0x89038 (size before relaxing)
 .debug_str     0x00000000000923c8      0x890 _build/nrf52832_xxaa/ble_advdata.c.o
                                      0x77ba5 (size before relaxing)
 .debug_str     0x0000000000092c58      0x8ac _build/nrf52832_xxaa/ble_conn_state.c.o
                                      0x797f6 (size before relaxing)
 .debug_str     0x0000000000093504     0x12aa _build/nrf52832_xxaa/peer_manager_handler.c.o
                                      0x7da82 (size before relaxing)
 .debug_str     0x00000000000947ae      0x4f4 _build/nrf52832_xxaa/nrf_sdh.c.o
                                      0x76313 (size before relaxing)
 .debug_str     0x0000000000094ca2      0x685 _build/nrf52832_xxaa/nrf_sdh_ble.c.o
                                      0x7b070 (size before relaxing)
 .debug_str     0x0000000000095327      0x184 _build/nrf52832_xxaa/nrf_sdh_soc.c.o
                                      0x752ce (size before relaxing)
 .debug_str     0x00000000000954ab      0x46b _build/nrf52832_xxaa/nrf_ble_scan.c.o
                                      0x7b2a4 (size before relaxing)

.debug_loc      0x0000000000000000    0x14abf
 .debug_loc     0x0000000000000000      0x160 _build/nrf52832_xxaa/nrf_log_backend_serial.c.o
 .debug_loc     0x0000000000000160      0x227 _build/nrf52832_xxaa/nrf_log_backend_uart.c.o