Archive member included to satisfy reference by file (symbol)

/usr/local/Cellar/gcc-arm-none-eabi/20180627/bin/../lib/gcc/arm-none-eabi/7.3.1/../../../../arm-none-eabi/lib/thumb/v7e-m/fpv4-sp/hard/libc_nano.a(lib_a-exit.o)
                              /usr/local/Cellar/gcc-arm-none-eabi/20180627/bin/../lib/gcc/arm-none-eabi/7.3.1/../../../../arm-none-eabi/lib/thumb/v7e-m/fpv4-sp/hard/crt0.o (exit)
/usr/local/Cellar/gcc-arm-none-eabi/20180627/bin/../lib/gcc/arm-none-eabi/7.3.1/../../../../arm-none-eabi/lib/thumb/v7e-m/fpv4-sp/hard/libc_nano.a(lib_a-impure.o)
                              /usr/local/Cellar/gcc-arm-none-eabi/20180627/bin/../lib/gcc/arm-none-eabi/7.3.1/../../../../arm-none-eabi/lib/thumb/v7e-m/fpv4-sp/hard/libc_nano.a(lib_a-exit.o) (_global_impure_ptr)
/usr/local/Cellar/gcc-arm-none-eabi/20180627/bin/../lib/gcc/arm-none-eabi/7.3.1/../../../../arm-none-eabi/lib/thumb/v7e-m/fpv4-sp/hard/libc_nano.a(lib_a-init.o)
                              /usr/local/Cellar/gcc-arm-none-eabi/20180627/bin/../lib/gcc/arm-none-eabi/7.3.1/../../../../arm-none-eabi/lib/thumb/v7e-m/fpv4-sp/hard/crt0.o (__libc_init_array)
/usr/local/Cellar/gcc-arm-none-eabi/20180627/bin/../lib/gcc/arm-none-eabi/7.3.1/../../../../arm-none-eabi/lib/thumb/v7e-m/fpv4-sp/hard/libc_nano.a(lib_a-locale.o)
                              _build/nrf52832_xxaa/nrf_log_str_formatter.c.o (__locale_ctype_ptr)
/usr/local/Cellar/gcc-arm-none-eabi/20180627/bin/../lib/gcc/arm-none-eabi/7.3.1/../../../../arm-none-eabi/lib/thumb/v7e-m/fpv4-sp/hard/libc_nano.a(lib_a-mbtowc_r.o)
                              /usr/local/Cellar/gcc-arm-none-eabi/20180627/bin/../lib/gcc/arm-none-eabi/7.3.1/../../../../arm-none-eabi/lib/thumb/v7e-m/fpv4-sp/hard/libc_nano.a(lib_a-locale.o) (__ascii_mbtowc)
/usr/local/Cellar/gcc-arm-none-eabi/20180627/bin/../lib/gcc/arm-none-eabi/7.3.1/../../../../arm-none-eabi/lib/thumb/v7e-m/fpv4-sp/hard/libc_nano.a(lib_a-memcmp.o)
                              _build/nrf52832_xxaa/ble_advdata.c.o (memcmp)
/usr/local/Cellar/gcc-arm-none-eabi/20180627/bin/../lib/gcc/arm-none-eabi/7.3.1/../../../../arm-none-eabi/lib/thumb/v7e-m/fpv4-sp/hard/libc_nano.a(lib_a-memcpy-stub.o)
                              _build/nrf52832_xxaa/nrf_log_frontend.c.o (memcpy)
/usr/local/Cellar/gcc-arm-none-eabi/20180627/bin/../lib/gcc/arm-none-eabi/7.3.1/../../../../arm-none-eabi/lib/thumb/v7e-m/fpv4-sp/hard/libc_nano.a(lib_a-memset.o)
                              /usr/local/Cellar/gcc-arm-none-eabi/20180627/bin/../lib/gcc/arm-none-eabi/7.3.1/../../../../arm-none-eabi/lib/thumb/v7e-m/fpv4-sp/hard/crt0.o (memset)
/usr/local/Cellar/gcc-arm-none-eabi/20180627/bin/../lib/gcc/arm-none-eabi/7.3.1/../../../../arm-none-eabi/lib/thumb/v7e-m/fpv4-sp/hard/libc_nano.a(lib_a-strcmp.o)
                              /usr/local/Cellar/gcc-arm-none-eabi/20180627/bin/../lib/gcc/arm-none-eabi/7.3.1/../../../../arm-none-eabi/lib/thumb/v7e-m/fpv4-sp/hard/libc_nano.a(lib_a-locale.o) (strcmp)
/usr/local/Cellar/gcc-arm-none-eabi/20180627/bin/../lib/gcc/arm-none-eabi/7.3.1/../../../../arm-none-eabi/lib/thumb/v7e-m/fpv4-sp/hard/libc_nano.a(lib_a-strcpy.o)
                              _build/nrf52832_xxaa/SEGGER_RTT.c.o (strcpy)
/usr/local/Cellar/gcc-arm-none-eabi/20180627/bin/../lib/gcc/arm-none-eabi/7.3.1/../../../../arm-none-eabi/lib/thumb/v7e-m/fpv4-sp/hard/libc_nano.a(lib_a-strlen.o)
                              _build/nrf52832_xxaa/nrf_log_frontend.c.o (strlen)
/usr/local/Cellar/gcc-arm-none-eabi/20180627/bin/../lib/gcc/arm-none-eabi/7.3.1/../../../../arm-none-eabi/lib/thumb/v7e-m/fpv4-sp/hard/libc_nano.a(lib_a-wctomb_r.o)
                              /usr/local/Cellar/gcc-arm-none-eabi/20180627/bin/../lib/gcc/arm-none-eabi/7.3.1/../../../../arm-none-eabi/lib/thumb/v7e-m/fpv4-sp/hard/libc_nano.a(lib_a-locale.o) (__ascii_wctomb)
/usr/local/Cellar/gcc-arm-none-eabi/20180627/bin/../lib/gcc/arm-none-eabi/7.3.1/../../../../arm-none-eabi/lib/thumb/v7e-m/fpv4-sp/hard/libc_nano.a(lib_a-ctype_.o)
                              /usr/local/Cellar/gcc-arm-none-eabi/20180627/bin/../lib/gcc/arm-none-eabi/7.3.1/../../../../arm-none-eabi/lib/thumb/v7e-m/fpv4-sp/hard/libc_nano.a(lib_a-locale.o) (_ctype_)
/usr/local/Cellar/gcc-arm-none-eabi/20180627/bin/../lib/gcc/arm-none-eabi/7.3.1/../../../../arm-none-eabi/lib/thumb/v7e-m/fpv4-sp/hard/libnosys.a(_exit.o)
                              /usr/local/Cellar/gcc-arm-none-eabi/20180627/bin/../lib/gcc/arm-none-eabi/7.3.1/../../../../arm-none-eabi/lib/thumb/v7e-m/fpv4-sp/hard/libc_nano.a(lib_a-exit.o) (_exit)
/usr/local/Cellar/gcc-arm-none-eabi/20180627/bin/../lib/gcc/arm-none-eabi/7.3.1/thumb/v7e-m/fpv4-sp/hard/libgcc.a(_aeabi_ldivmod.o)
                              _build/nrf52832_xxaa/bsp.c.o (__aeabi_ldivmod)
/usr/local/Cellar/gcc-arm-none-eabi/20180627/bin/../lib/gcc/arm-none-eabi/7.3.1/thumb/v7e-m/fpv4-sp/hard/libgcc.a(_aeabi_uldivmod.o)
                              _build/nrf52832_xxaa/bsp.c.o (__aeabi_uldivmod)
[...]
Memory Configuration

Name             Origin             Length             Attributes
FLASH            0x0000000000026000 0x000000000005a000 xr
RAM              0x00000000200018a8 0x000000000000e758 xrw
*default*        0x0000000000000000 0xffffffffffffffff

Linker script and memory map


.text           0x0000000000026000     0x63cc
 *(.isr_vector)
 .isr_vector    0x0000000000026000      0x200 _build/nrf52832_xxaa/gcc_startup_nrf52.S.o
                0x0000000000026000                __isr_vector
 *(.text*)
 .text          0x0000000000026200       0x40 /usr/local/Cellar/gcc-arm-none-eabi/20180627/bin/../lib/gcc/arm-none-eabi/7.3.1/thumb/v7e-m/fpv4-sp/hard/crtbegin.o
 .text          0x0000000000026240       0x74 /usr/local/Cellar/gcc-arm-none-eabi/20180627/bin/../lib/gcc/arm-none-eabi/7.3.1/../../../../arm-none-eabi/lib/thumb/v7e-m/fpv4-sp/hard/crt0.o
                0x0000000000026240                _mainCRTStartup
                0x0000000000026240                _start
 .text          0x00000000000262b4       0x3c _build/nrf52832_xxaa/gcc_startup_nrf52.S.o
                0x00000000000262b4                Reset_Handler
                0x00000000000262dc                NMI_Handler
                0x00000000000262de                HardFault_Handler
                0x00000000000262e0                MemoryManagement_Handler
                0x00000000000262e2                BusFault_Handler
                0x00000000000262e4                UsageFault_Handler
                0x00000000000262e6                SVC_Handler
                0x00000000000262e8                DebugMon_Handler
                0x00000000000262ea                PendSV_Handler
                0x00000000000262ec                SysTick_Handler
                0x00000000000262ee                TIMER4_IRQHandler
                0x00000000000262ee                I2S_IRQHandler
                0x00000000000262ee                SWI4_EGU4_IRQHandler
                0x00000000000262ee                TIMER0_IRQHandler
                0x00000000000262ee                TIMER1_IRQHandler
                0x00000000000262ee                PWM2_IRQHandler
                0x00000000000262ee                ECB_IRQHandler
                0x00000000000262ee                SPIM1_SPIS1_TWIM1_TWIS1_SPI1_TWI1_IRQHandler
                0x00000000000262ee                Default_Handler
                0x00000000000262ee                SAADC_IRQHandler
                0x00000000000262ee                CCM_AAR_IRQHandler
                0x00000000000262ee                WDT_IRQHandler
                0x00000000000262ee                SWI5_EGU5_IRQHandler
                0x00000000000262ee                RNG_IRQHandler
                0x00000000000262ee                RTC2_IRQHandler
                0x00000000000262ee                PWM0_IRQHandler
                0x00000000000262ee                SWI3_EGU3_IRQHandler
                0x00000000000262ee                SWI1_EGU1_IRQHandler
                0x00000000000262ee                SPIM2_SPIS2_SPI2_IRQHandler
                0x00000000000262ee                NFCT_IRQHandler
                0x00000000000262ee                MWU_IRQHandler
                0x00000000000262ee                TIMER2_IRQHandler
                0x00000000000262ee                COMP_LPCOMP_IRQHandler
                0x00000000000262ee                RTC0_IRQHandler
                0x00000000000262ee                PWM1_IRQHandler
                0x00000000000262ee                RADIO_IRQHandler
                0x00000000000262ee                PDM_IRQHandler
                0x00000000000262ee                TEMP_IRQHandler
                0x00000000000262ee                QDEC_IRQHandler
                0x00000000000262ee                TIMER3_IRQHandler
                0x00000000000262ee                FPU_IRQHandler
                0x00000000000262ee                SPIM0_SPIS0_TWIM0_TWIS0_SPI0_TWI0_IRQHandler
 .text.nrf_log_backend_serial_put
                0x00000000000262f0       0xd4 _build/nrf52832_xxaa/nrf_log_backend_serial.c.o
                0x00000000000262f0                nrf_log_backend_serial_put
 .text.uart_evt_handler
                0x00000000000263c4        0xc _build/nrf52832_xxaa/nrf_log_backend_uart.c.o
 .text.nrf_log_backend_uart_flush
                0x00000000000263d0        0x4 _build/nrf52832_xxaa/nrf_log_backend_uart.c.o
 .text.nrf_log_backend_uart_put
                0x00000000000263d4       0x20 _build/nrf52832_xxaa/nrf_log_backend_uart.c.o
 .text.serial_tx
                0x00000000000263f4       0x4c _build/nrf52832_xxaa/nrf_log_backend_uart.c.o
 .text.nrf_log_backend_uart_panic_set
                0x0000000000026440       0x60 _build/nrf52832_xxaa/nrf_log_backend_uart.c.o
 .text.nrf_log_backend_uart_init
                0x00000000000264a0       0x48 _build/nrf52832_xxaa/nrf_log_backend_uart.c.o
                0x00000000000264a0                nrf_log_backend_uart_init
 .text.nrf_log_default_backends_init
                0x00000000000264e8       0x20 _build/nrf52832_xxaa/nrf_log_default_backends.c.o
                0x00000000000264e8                nrf_log_default_backends_init
 .text.log_skip
                0x0000000000026508       0xd4 _build/nrf52832_xxaa/nrf_log_frontend.c.o
 .text.nrf_log_init
                0x00000000000265dc       0x3c _build/nrf52832_xxaa/nrf_log_frontend.c.o
                0x00000000000265dc                nrf_log_init
 .text.nrf_log_module_name_get
                0x0000000000026618       0x58 _build/nrf52832_xxaa/nrf_log_frontend.c.o
                0x0000000000026618                nrf_log_module_name_get
 .text.nrf_log_color_id_get
                0x0000000000026670       0x2c _build/nrf52832_xxaa/nrf_log_frontend.c.o
                0x0000000000026670                nrf_log_color_id_get
 .text.nrf_log_frontend_std_0
                0x000000000002669c       0xf0 _build/nrf52832_xxaa/nrf_log_frontend.c.o
                0x000000000002669c                nrf_log_frontend_std_0
 .text.nrf_log_frontend_dequeue.part.6
                0x000000000002678c      0x26c _build/nrf52832_xxaa/nrf_log_frontend.c.o
 .text.nrf_log_frontend_std_1
                0x00000000000269f8      0x100 _build/nrf52832_xxaa/nrf_log_frontend.c.o
                0x00000000000269f8                nrf_log_frontend_std_1
 .text.nrf_log_frontend_std_2
                0x0000000000026af8      0x104 _build/nrf52832_xxaa/nrf_log_frontend.c.o
                0x0000000000026af8                nrf_log_frontend_std_2
 .text.nrf_log_frontend_dequeue
                0x0000000000026bfc       0x18 _build/nrf52832_xxaa/nrf_log_frontend.c.o
                0x0000000000026bfc                nrf_log_frontend_dequeue
 .text.nrf_log_backend_add
                0x0000000000026c14       0x68 _build/nrf52832_xxaa/nrf_log_frontend.c.o
                0x0000000000026c14                nrf_log_backend_add
 .text.nrf_log_panic
                0x0000000000026c7c       0x2c _build/nrf52832_xxaa/nrf_log_frontend.c.o
                0x0000000000026c7c                nrf_log_panic
 .text.nrf_log_std_entry_process
                0x0000000000026ca8      0x14c _build/nrf52832_xxaa/nrf_log_str_formatter.c.o
                0x0000000000026ca8                nrf_log_std_entry_process
 .text.nrf_log_hexdump_entry_process
                0x0000000000026df4      0x160 _build/nrf52832_xxaa/nrf_log_str_formatter.c.o
                0x0000000000026df4                nrf_log_hexdump_entry_process
 .text.detection_delay_timeout_handler
                0x0000000000026f54      0x120 _build/nrf52832_xxaa/app_button.c.o
 .text.gpiote_event_handler
                0x0000000000027074       0xa8 _build/nrf52832_xxaa/app_button.c.o
 .text.app_button_init
                0x000000000002711c       0xb0 _build/nrf52832_xxaa/app_button.c.o
                0x000000000002711c                app_button_init
 .text.app_button_enable
                0x00000000000271cc       0x2c _build/nrf52832_xxaa/app_button.c.o
                0x00000000000271cc                app_button_enable
 .text.app_error_handler_bare
                0x00000000000271f8       0x20 _build/nrf52832_xxaa/app_error.c.o
                0x00000000000271f8                app_error_handler_bare
 .text.app_error_fault_handler
                0x0000000000027218       0x70 _build/nrf52832_xxaa/app_error_weak.c.o
                0x0000000000027218                app_error_fault_handler
 .text.RTC1_IRQHandler
                0x0000000000027288       0xa0 _build/nrf52832_xxaa/app_timer.c.o
                0x0000000000027288                RTC1_IRQHandler
 .text.SWI0_EGU0_IRQHandler
                0x0000000000027328      0x394 _build/nrf52832_xxaa/app_timer.c.o
                0x0000000000027328                SWI0_EGU0_IRQHandler
 .text.app_timer_init
                0x00000000000276bc       0xa8 _build/nrf52832_xxaa/app_timer.c.o
                0x00000000000276bc                app_timer_init
 .text.app_timer_create
                0x0000000000027764       0x24 _build/nrf52832_xxaa/app_timer.c.o
                0x0000000000027764                app_timer_create
 .text.app_timer_start
                0x0000000000027788       0xac _build/nrf52832_xxaa/app_timer.c.o
                0x0000000000027788                app_timer_start
 .text.app_timer_stop
                0x0000000000027834       0x74 _build/nrf52832_xxaa/app_timer.c.o
                0x0000000000027834                app_timer_stop
 .text.app_util_critical_region_enter
                0x00000000000278a8       0x4c _build/nrf52832_xxaa/app_util_platform.c.o
                0x00000000000278a8                app_util_critical_region_enter
 .text.app_util_critical_region_exit
                0x00000000000278f4       0x30 _build/nrf52832_xxaa/app_util_platform.c.o
                0x00000000000278f4                app_util_critical_region_exit
 .text.nrf_atflags_set
                0x0000000000027924       0x14 _build/nrf52832_xxaa/nrf_atflags.c.o
                0x0000000000027924                nrf_atflags_set
 .text.nrf_atflags_clear
                0x0000000000027938       0x14 _build/nrf52832_xxaa/nrf_atflags.c.o
                0x0000000000027938                nrf_atflags_clear
 .text.nrf_atflags_get
                0x000000000002794c       0x14 _build/nrf52832_xxaa/nrf_atflags.c.o
                0x000000000002794c                nrf_atflags_get
 .text.nrf_atomic_u32_fetch_store
                0x0000000000027960       0x14 _build/nrf52832_xxaa/nrf_atomic.c.o
                0x0000000000027960                nrf_atomic_u32_fetch_store
 .text.nrf_atomic_u32_or
                0x0000000000027974       0x18 _build/nrf52832_xxaa/nrf_atomic.c.o
                0x0000000000027974                nrf_atomic_u32_or
 .text.nrf_atomic_u32_and
                0x000000000002798c       0x18 _build/nrf52832_xxaa/nrf_atomic.c.o
                0x000000000002798c                nrf_atomic_u32_and
 .text.nrf_atomic_u32_add
                0x00000000000279a4       0x18 _build/nrf52832_xxaa/nrf_atomic.c.o
                0x00000000000279a4                nrf_atomic_u32_add
 .text.nrf_atomic_u32_sub
                0x00000000000279bc       0x18 _build/nrf52832_xxaa/nrf_atomic.c.o
                0x00000000000279bc                nrf_atomic_u32_sub
 .text.nrf_atomic_flag_set
                0x00000000000279d4       0x18 _build/nrf52832_xxaa/nrf_atomic.c.o
                0x00000000000279d4                nrf_atomic_flag_set
 .text.nrf_atomic_flag_clear_fetch
                0x00000000000279ec       0x18 _build/nrf52832_xxaa/nrf_atomic.c.o
                0x00000000000279ec                nrf_atomic_flag_clear_fetch
 .text.nrf_balloc_init
                0x0000000000027a04       0x38 _build/nrf52832_xxaa/nrf_balloc.c.o
                0x0000000000027a04                nrf_balloc_init
 .text.nrf_balloc_alloc
                0x0000000000027a3c       0x50 _build/nrf52832_xxaa/nrf_balloc.c.o
                0x0000000000027a3c                nrf_balloc_alloc
 .text.nrf_balloc_free
                0x0000000000027a8c       0x38 _build/nrf52832_xxaa/nrf_balloc.c.o
                0x0000000000027a8c                nrf_balloc_free
 .text.nrf_fprintf_buffer_flush
                0x0000000000027ac4       0x18 _build/nrf52832_xxaa/nrf_fprintf.c.o
                0x0000000000027ac4                nrf_fprintf_buffer_flush
 .text.nrf_fprintf
                0x0000000000027adc       0x20 _build/nrf52832_xxaa/nrf_fprintf.c.o
                0x0000000000027adc                nrf_fprintf
 .text.unsigned_print
                0x0000000000027afc      0x148 _build/nrf52832_xxaa/nrf_fprintf_format.c.o
 .text.nrf_fprintf_fmt
                0x0000000000027c44      0x6e4 _build/nrf52832_xxaa/nrf_fprintf_format.c.o
                0x0000000000027c44                nrf_fprintf_fmt
 .text.nrf_memobj_pool_init
                0x0000000000028328        0x4 _build/nrf52832_xxaa/nrf_memobj.c.o
                0x0000000000028328                nrf_memobj_pool_init
 .text.nrf_memobj_alloc
                0x000000000002832c       0x84 _build/nrf52832_xxaa/nrf_memobj.c.o
                0x000000000002832c                nrf_memobj_alloc
 .text.nrf_memobj_get
                0x00000000000283b0        0x8 _build/nrf52832_xxaa/nrf_memobj.c.o
                0x00000000000283b0                nrf_memobj_get
 .text.nrf_memobj_put
                0x00000000000283b8       0x44 _build/nrf52832_xxaa/nrf_memobj.c.o
                0x00000000000283b8                nrf_memobj_put
 .text.nrf_memobj_write
                0x00000000000283fc       0x68 _build/nrf52832_xxaa/nrf_memobj.c.o
                0x00000000000283fc                nrf_memobj_write
 .text.nrf_memobj_read
                0x0000000000028464       0x68 _build/nrf52832_xxaa/nrf_memobj.c.o
                0x0000000000028464                nrf_memobj_read
 .text.sd_app_evt_wait
                0x00000000000284cc        0x4 _build/nrf52832_xxaa/nrf_pwr_mgmt.c.o
 .text.nrf_pwr_mgmt_init
                0x00000000000284d0       0x2c _build/nrf52832_xxaa/nrf_pwr_mgmt.c.o
                0x00000000000284d0                nrf_pwr_mgmt_init
 .text.nrf_pwr_mgmt_run
                0x00000000000284fc       0x50 _build/nrf52832_xxaa/nrf_pwr_mgmt.c.o
                0x00000000000284fc                nrf_pwr_mgmt_run
 .text.nrf_ringbuf_init
                0x000000000002854c       0x1c _build/nrf52832_xxaa/nrf_ringbuf.c.o
                0x000000000002854c                nrf_ringbuf_init
 .text.nrf_section_iter_init
                0x0000000000028568       0x14 _build/nrf52832_xxaa/nrf_section_iter.c.o
                0x0000000000028568                nrf_section_iter_init
 .text.nrf_section_iter_next
                0x000000000002857c       0x18 _build/nrf52832_xxaa/nrf_section_iter.c.o
                0x000000000002857c                nrf_section_iter_next
 .text.nrf_strerror_get
                0x0000000000028594       0x6c _build/nrf52832_xxaa/nrf_strerror.c.o
                0x0000000000028594                nrf_strerror_get
 .text.SystemInit
                0x0000000000028600      0x3c0 _build/nrf52832_xxaa/system_nrf52.c.o
                0x0000000000028600                SystemInit
 .text.bsp_board_led_state_get
                0x00000000000289c0       0x1c _build/nrf52832_xxaa/boards.c.o
                0x00000000000289c0                bsp_board_led_state_get
 .text.bsp_board_led_on
                0x00000000000289dc       0x18 _build/nrf52832_xxaa/boards.c.o
                0x00000000000289dc                bsp_board_led_on
 .text.bsp_board_led_off
                0x00000000000289f4       0x18 _build/nrf52832_xxaa/boards.c.o
                0x00000000000289f4                bsp_board_led_off
 .text.bsp_board_leds_off
                0x0000000000028a0c       0x2c _build/nrf52832_xxaa/boards.c.o
                0x0000000000028a0c                bsp_board_leds_off
 .text.bsp_board_leds_on
                0x0000000000028a38       0x2c _build/nrf52832_xxaa/boards.c.o
                0x0000000000028a38                bsp_board_leds_on
 .text.bsp_board_led_invert
                0x0000000000028a64       0x24 _build/nrf52832_xxaa/boards.c.o
                0x0000000000028a64                bsp_board_led_invert
 .text.bsp_board_pin_to_button_idx
                0x0000000000028a88       0x24 _build/nrf52832_xxaa/boards.c.o
                0x0000000000028a88                bsp_board_pin_to_button_idx
 .text.bsp_board_init
                0x0000000000028aac       0x5c _build/nrf52832_xxaa/boards.c.o
                0x0000000000028aac                bsp_board_init
 .text.clock_irq_handler
                0x0000000000028b08       0x44 _build/nrf52832_xxaa/nrf_drv_clock.c.o
 .text.soc_evt_handler
                0x0000000000028b4c       0x28 _build/nrf52832_xxaa/nrf_drv_clock.c.o
 .text.sd_state_evt_handler
                0x0000000000028b74       0xa0 _build/nrf52832_xxaa/nrf_drv_clock.c.o
 .text.uarte_evt_handler
                0x0000000000028c14       0x34 _build/nrf52832_xxaa/nrf_drv_uart.c.o
 .text.uart_evt_handler
                0x0000000000028c48       0x34 _build/nrf52832_xxaa/nrf_drv_uart.c.o
 .text.nrf_drv_uart_init
                0x0000000000028c7c       0x80 _build/nrf52832_xxaa/nrf_drv_uart.c.o
                0x0000000000028c7c                nrf_drv_uart_init
 .text.nrfx_clock_init
                0x0000000000028cfc       0x1c _build/nrf52832_xxaa/nrfx_clock.c.o
                0x0000000000028cfc                nrfx_clock_init
 .text.nrfx_clock_enable
                0x0000000000028d18       0x24 _build/nrf52832_xxaa/nrfx_clock.c.o
                0x0000000000028d18                nrfx_clock_enable
 .text.nrfx_clock_lfclk_stop
                0x0000000000028d3c       0x18 _build/nrf52832_xxaa/nrfx_clock.c.o
                0x0000000000028d3c                nrfx_clock_lfclk_stop
 .text.POWER_CLOCK_IRQHandler
                0x0000000000028d54       0xb8 _build/nrf52832_xxaa/nrfx_clock.c.o
                0x0000000000028d54                POWER_CLOCK_IRQHandler
 .text.nrfx_gpiote_init
                0x0000000000028e0c       0x88 _build/nrf52832_xxaa/nrfx_gpiote.c.o
                0x0000000000028e0c                nrfx_gpiote_init
 .text.nrfx_gpiote_is_init
                0x0000000000028e94       0x14 _build/nrf52832_xxaa/nrfx_gpiote.c.o
                0x0000000000028e94                nrfx_gpiote_is_init
 .text.nrfx_gpiote_in_init
                0x0000000000028ea8      0x1bc _build/nrf52832_xxaa/nrfx_gpiote.c.o
                0x0000000000028ea8                nrfx_gpiote_in_init
 .text.nrfx_gpiote_in_event_enable
                0x0000000000029064       0xc4 _build/nrf52832_xxaa/nrfx_gpiote.c.o
                0x0000000000029064                nrfx_gpiote_in_event_enable
 .text.nrfx_gpiote_in_is_set
                0x0000000000029128       0x14 _build/nrf52832_xxaa/nrfx_gpiote.c.o
                0x0000000000029128                nrfx_gpiote_in_is_set
 .text.GPIOTE_IRQHandler
                0x000000000002913c      0x548 _build/nrf52832_xxaa/nrfx_gpiote.c.o
                0x000000000002913c                GPIOTE_IRQHandler
 .text.UARTE0_UART0_IRQHandler
                0x0000000000029684        0xc _build/nrf52832_xxaa/nrfx_prs.c.o
                0x0000000000029684                UARTE0_UART0_IRQHandler
 .text.nrfx_prs_acquire
                0x0000000000029690       0x4c _build/nrf52832_xxaa/nrfx_prs.c.o
                0x0000000000029690                nrfx_prs_acquire
 .text.nrfx_prs_release
                0x00000000000296dc       0x18 _build/nrf52832_xxaa/nrfx_prs.c.o
                0x00000000000296dc                nrfx_prs_release
 .text.nrfx_uart_0_irq_handler
                0x00000000000296f4      0x1bc _build/nrf52832_xxaa/nrfx_uart.c.o
                0x00000000000296f4                nrfx_uart_0_irq_handler
 .text.nrfx_uart_init
                0x00000000000298b0      0x194 _build/nrf52832_xxaa/nrfx_uart.c.o
                0x00000000000298b0                nrfx_uart_init
 .text.nrfx_uart_uninit
                0x0000000000029a44       0xcc _build/nrf52832_xxaa/nrfx_uart.c.o
                0x0000000000029a44                nrfx_uart_uninit
 .text.nrfx_uart_tx
                0x0000000000029b10       0xcc _build/nrf52832_xxaa/nrfx_uart.c.o
                0x0000000000029b10                nrfx_uart_tx
 .text.nrfx_uarte_0_irq_handler
                0x0000000000029bdc      0x11c _build/nrf52832_xxaa/nrfx_uarte.c.o
                0x0000000000029bdc                nrfx_uarte_0_irq_handler
 .text.nrfx_uarte_init
                0x0000000000029cf8      0x1b8 _build/nrf52832_xxaa/nrfx_uarte.c.o
                0x0000000000029cf8                nrfx_uarte_init
 .text.nrfx_uarte_uninit
                0x0000000000029eb0       0xd0 _build/nrf52832_xxaa/nrfx_uarte.c.o
                0x0000000000029eb0                nrfx_uarte_uninit
 .text.nrfx_uarte_tx
                0x0000000000029f80       0xa4 _build/nrf52832_xxaa/nrfx_uarte.c.o
                0x0000000000029f80                nrfx_uarte_tx
 .text.alert_timer_handler
                0x000000000002a024        0x8 _build/nrf52832_xxaa/bsp.c.o
 .text.bsp_button_event_handler
                0x000000000002a02c       0xa0 _build/nrf52832_xxaa/bsp.c.o
 .text.button_timer_handler
                0x000000000002a0cc       0x30 _build/nrf52832_xxaa/bsp.c.o
 .text.leds_timer_handler
                0x000000000002a0fc      0x2ec _build/nrf52832_xxaa/bsp.c.o
 .text.bsp_indication_set
                0x000000000002a3e8      0x330 _build/nrf52832_xxaa/bsp.c.o
                0x000000000002a3e8                bsp_indication_set
 .text.bsp_init
                0x000000000002a718       0xbc _build/nrf52832_xxaa/bsp.c.o
                0x000000000002a718                bsp_init
 .text.bsp_event_to_button_action_assign
                0x000000000002a7d4       0x50 _build/nrf52832_xxaa/bsp.c.o
                0x000000000002a7d4                bsp_event_to_button_action_assign
 .text.ble_evt_handler
                0x000000000002a824       0xac _build/nrf52832_xxaa/bsp_btn_ble.c.o
 .text.sd_ble_gap_adv_set_configure
                0x000000000002a8d0        0x4 _build/nrf52832_xxaa/main.c.o
 .text.sd_ble_gap_adv_start
                0x000000000002a8d4        0x4 _build/nrf52832_xxaa/main.c.o
 .text.sd_ble_gap_adv_stop
                0x000000000002a8d8        0x4 _build/nrf52832_xxaa/main.c.o
 .text.sd_ble_gap_tx_power_set
                0x000000000002a8dc        0x4 _build/nrf52832_xxaa/main.c.o
 .text.sd_ble_gap_ppcp_set
                0x000000000002a8e0        0x4 _build/nrf52832_xxaa/main.c.o
 .text.sd_power_dcdc_mode_set
                0x000000000002a8e4        0x4 _build/nrf52832_xxaa/main.c.o
 .text.ledUpdateTimerHandler
                0x000000000002a8e8       0x2c _build/nrf52832_xxaa/main.c.o
 .text.advertisingUpdateTimerHandler
                0x000000000002a914      0x39c _build/nrf52832_xxaa/main.c.o
 .text.gap_params_init
                0x000000000002acb0       0x30 _build/nrf52832_xxaa/main.c.o
                0x000000000002acb0                gap_params_init
 .text.advertising_init
                0x000000000002ace0       0x58 _build/nrf52832_xxaa/main.c.o
                0x000000000002ace0                advertising_init
 .text.ble_stack_init
                0x000000000002ad38       0x38 _build/nrf52832_xxaa/main.c.o
                0x000000000002ad38                ble_stack_init
 .text.log_init
                0x000000000002ad70       0x1c _build/nrf52832_xxaa/main.c.o
                0x000000000002ad70                log_init
 .text.leds_init
                0x000000000002ad8c       0x18 _build/nrf52832_xxaa/main.c.o
                0x000000000002ad8c                leds_init
 .text.startup.main
                0x000000000002ada4       0xac _build/nrf52832_xxaa/main.c.o
                0x000000000002ada4                main
 .text.ble_evt_handler
                0x000000000002ae50      0x124 _build/nrf52832_xxaa/ble_conn_state.c.o
 .text.sd_softdevice_enable
                0x000000000002af74        0x4 _build/nrf52832_xxaa/nrf_sdh.c.o
 .text.nrf_sdh_enable_request
                0x000000000002af78      0x114 _build/nrf52832_xxaa/nrf_sdh.c.o
                0x000000000002af78                nrf_sdh_enable_request
 .text.nrf_sdh_is_enabled
                0x000000000002b08c        0xc _build/nrf52832_xxaa/nrf_sdh.c.o
                0x000000000002b08c                nrf_sdh_is_enabled
 .text.SWI2_EGU2_IRQHandler
                0x000000000002b098       0x2c _build/nrf52832_xxaa/nrf_sdh.c.o
                0x000000000002b098                SWI2_EGU2_IRQHandler
 .text.sd_ble_enable
                0x000000000002b0c4        0x4 _build/nrf52832_xxaa/nrf_sdh_ble.c.o
 .text.sd_ble_cfg_set
                0x000000000002b0c8        0x4 _build/nrf52832_xxaa/nrf_sdh_ble.c.o
 .text.sd_ble_evt_get
                0x000000000002b0cc        0x4 _build/nrf52832_xxaa/nrf_sdh_ble.c.o
 .text.nrf_sdh_ble_evts_poll
                0x000000000002b0d0       0x58 _build/nrf52832_xxaa/nrf_sdh_ble.c.o
 .text.nrf_sdh_ble_default_cfg_set
                0x000000000002b128      0x174 _build/nrf52832_xxaa/nrf_sdh_ble.c.o
                0x000000000002b128                nrf_sdh_ble_default_cfg_set
 .text.nrf_sdh_ble_enable
                0x000000000002b29c       0x9c _build/nrf52832_xxaa/nrf_sdh_ble.c.o
                0x000000000002b29c                nrf_sdh_ble_enable
 .text.sd_evt_get
                0x000000000002b338        0x4 _build/nrf52832_xxaa/nrf_sdh_soc.c.o
 .text.nrf_sdh_soc_evts_poll
                0x000000000002b33c       0x4c _build/nrf52832_xxaa/nrf_sdh_soc.c.o
 .text.exit     0x000000000002b388       0x28 /usr/local/Cellar/gcc-arm-none-eabi/20180627/bin/../lib/gcc/arm-none-eabi/7.3.1/../../../../arm-none-eabi/lib/thumb/v7e-m/fpv4-sp/hard/libc_nano.a(lib_a-exit.o)
                0x000000000002b388                exit
 .text.__libc_init_array
                0x000000000002b3b0       0x48 /usr/local/Cellar/gcc-arm-none-eabi/20180627/bin/../lib/gcc/arm-none-eabi/7.3.1/../../../../arm-none-eabi/lib/thumb/v7e-m/fpv4-sp/hard/libc_nano.a(lib_a-init.o)
                0x000000000002b3b0                __libc_init_array
 .text.__locale_ctype_ptr
                0x000000000002b3f8       0x1c /usr/local/Cellar/gcc-arm-none-eabi/20180627/bin/../lib/gcc/arm-none-eabi/7.3.1/../../../../arm-none-eabi/lib/thumb/v7e-m/fpv4-sp/hard/libc_nano.a(lib_a-locale.o)
                0x000000000002b3f8                __locale_ctype_ptr
 .text.__ascii_mbtowc
                0x000000000002b414       0x24 /usr/local/Cellar/gcc-arm-none-eabi/20180627/bin/../lib/gcc/arm-none-eabi/7.3.1/../../../../arm-none-eabi/lib/thumb/v7e-m/fpv4-sp/hard/libc_nano.a(lib_a-mbtowc_r.o)
                0x000000000002b414                __ascii_mbtowc
 .text.memcpy   0x000000000002b438       0x16 /usr/local/Cellar/gcc-arm-none-eabi/20180627/bin/../lib/gcc/arm-none-eabi/7.3.1/../../../../arm-none-eabi/lib/thumb/v7e-m/fpv4-sp/hard/libc_nano.a(lib_a-memcpy-stub.o)
                0x000000000002b438                memcpy
 .text.memset   0x000000000002b44e       0x10 /usr/local/Cellar/gcc-arm-none-eabi/20180627/bin/../lib/gcc/arm-none-eabi/7.3.1/../../../../arm-none-eabi/lib/thumb/v7e-m/fpv4-sp/hard/libc_nano.a(lib_a-memset.o)
                0x000000000002b44e                memset
 .text          0x000000000002b45e       0x10 /usr/local/Cellar/gcc-arm-none-eabi/20180627/bin/../lib/gcc/arm-none-eabi/7.3.1/../../../../arm-none-eabi/lib/thumb/v7e-m/fpv4-sp/hard/libc_nano.a(lib_a-strlen.o)
                0x000000000002b45e                strlen
 .text.__ascii_wctomb
                0x000000000002b46e       0x1a /usr/local/Cellar/gcc-arm-none-eabi/20180627/bin/../lib/gcc/arm-none-eabi/7.3.1/../../../../arm-none-eabi/lib/thumb/v7e-m/fpv4-sp/hard/libc_nano.a(lib_a-wctomb_r.o)
                0x000000000002b46e                __ascii_wctomb
 .text._exit    0x000000000002b488        0x4 /usr/local/Cellar/gcc-arm-none-eabi/20180627/bin/../lib/gcc/arm-none-eabi/7.3.1/../../../../arm-none-eabi/lib/thumb/v7e-m/fpv4-sp/hard/libnosys.a(_exit.o)
                0x000000000002b488                _exit
 .text          0x000000000002b48c       0x30 /usr/local/Cellar/gcc-arm-none-eabi/20180627/bin/../lib/gcc/arm-none-eabi/7.3.1/thumb/v7e-m/fpv4-sp/hard/libgcc.a(_aeabi_uldivmod.o)
                0x000000000002b48c                __aeabi_uldivmod
 .text          0x000000000002b4bc      0x2cc /usr/local/Cellar/gcc-arm-none-eabi/20180627/bin/../lib/gcc/arm-none-eabi/7.3.1/thumb/v7e-m/fpv4-sp/hard/libgcc.a(_udivmoddi4.o)
                0x000000000002b4bc                __udivmoddi4
 .text          0x000000000002b788        0x4 /usr/local/Cellar/gcc-arm-none-eabi/20180627/bin/../lib/gcc/arm-none-eabi/7.3.1/thumb/v7e-m/fpv4-sp/hard/libgcc.a(_dvmd_tls.o)
                0x000000000002b788                __aeabi_ldiv0
                0x000000000002b788                __aeabi_idiv0
 *(.init)
 .init          0x000000000002b78c        0x4 /usr/local/Cellar/gcc-arm-none-eabi/20180627/bin/../lib/gcc/arm-none-eabi/7.3.1/thumb/v7e-m/fpv4-sp/hard/crti.o
                0x000000000002b78c                _init
 .init          0x000000000002b790        0x8 /usr/local/Cellar/gcc-arm-none-eabi/20180627/bin/../lib/gcc/arm-none-eabi/7.3.1/thumb/v7e-m/fpv4-sp/hard/crtn.o
 *(.fini)
 .fini          0x000000000002b798        0x4 /usr/local/Cellar/gcc-arm-none-eabi/20180627/bin/../lib/gcc/arm-none-eabi/7.3.1/thumb/v7e-m/fpv4-sp/hard/crti.o
                0x000000000002b798                _fini
 .fini          0x000000000002b79c        0x8 /usr/local/Cellar/gcc-arm-none-eabi/20180627/bin/../lib/gcc/arm-none-eabi/7.3.1/thumb/v7e-m/fpv4-sp/hard/crtn.o
 *crtbegin.o(.ctors)
 *crtbegin?.o(.ctors)
 *(EXCLUDE_FILE(*crtend.o *crtend?.o) .ctors)
 *(SORT_BY_NAME(.ctors.*))
 *(.ctors)
 *crtbegin.o(.dtors)
 *crtbegin?.o(.dtors)
 *(EXCLUDE_FILE(*crtend.o *crtend?.o) .dtors)
 *(SORT_BY_NAME(.dtors.*))
 *(.dtors)
 *(.rodata*)
 .rodata        0x000000000002b7a4       0x20 _build/nrf52832_xxaa/nrf_log_backend_uart.c.o
 .rodata.nrf_log_backend_uart_api
                0x000000000002b7c4        0xc _build/nrf52832_xxaa/nrf_log_backend_uart.c.o
                0x000000000002b7c4                nrf_log_backend_uart_api
 .rodata.str1.4
                0x000000000002b7d0       0x11 _build/nrf52832_xxaa/nrf_log_default_backends.c.o
 *fill*         0x000000000002b7e1        0x3 
 .rodata.m_log_push_ringbuf
                0x000000000002b7e4        0xc _build/nrf52832_xxaa/nrf_log_frontend.c.o
 .rodata.nrf_log_frontend_dequeue.part.6.str1.4
                0x000000000002b7f0       0x11 _build/nrf52832_xxaa/nrf_log_frontend.c.o
 *fill*         0x000000000002b801        0x3 
 .rodata.str1.4
                0x000000000002b804        0x4 _build/nrf52832_xxaa/nrf_log_frontend.c.o
 .rodata.m_colors
                0x000000000002b808       0x24 _build/nrf52832_xxaa/nrf_log_str_formatter.c.o
 .rodata.nrf_log_hexdump_entry_process.str1.4
                0x000000000002b82c       0x13 _build/nrf52832_xxaa/nrf_log_str_formatter.c.o
                                         0x16 (size before relaxing)
 *fill*         0x000000000002b83f        0x1 
 .rodata.nrf_log_std_entry_process.str1.4
                0x000000000002b840       0x3b _build/nrf52832_xxaa/nrf_log_str_formatter.c.o
 *fill*         0x000000000002b87b        0x1 
 .rodata.severity_names
                0x000000000002b87c       0x14 _build/nrf52832_xxaa/nrf_log_str_formatter.c.o
 .rodata.str1.4
                0x000000000002b890       0x56 _build/nrf52832_xxaa/nrf_log_str_formatter.c.o
 *fill*         0x000000000002b8e6        0x2 
 .rodata.m_detection_delay_timer_id
                0x000000000002b8e8        0x4 _build/nrf52832_xxaa/app_button.c.o
 .rodata.app_error_fault_handler.str1.4
                0x000000000002b8ec       0x19 _build/nrf52832_xxaa/app_error_weak.c.o
 *fill*         0x000000000002b905        0xb 
 .rodata.delay_machine_code.8744
                0x000000000002b910        0x6 _build/nrf52832_xxaa/app_timer.c.o
 *fill*         0x000000000002b916        0x2 
 .rodata._aV2C.7442
                0x000000000002b918       0x10 _build/nrf52832_xxaa/nrf_fprintf_format.c.o
 .rodata.pwr_mgmt_data
                0x000000000002b928        0xc _build/nrf52832_xxaa/nrf_pwr_mgmt.c.o
 .rodata.str1.4
                0x000000000002b934        0x9 _build/nrf52832_xxaa/nrf_pwr_mgmt.c.o
 *fill*         0x000000000002b93d        0x3 
 .rodata.m_unknown_str
                0x000000000002b940       0x13 _build/nrf52832_xxaa/nrf_strerror.c.o
 *fill*         0x000000000002b953        0x1 
 .rodata.nrf_strerror_array
                0x000000000002b954      0x128 _build/nrf52832_xxaa/nrf_strerror.c.o
 .rodata.str1.4
                0x000000000002ba7c      0x3e9 _build/nrf52832_xxaa/nrf_strerror.c.o
 *fill*         0x000000000002be65        0x3 
 .rodata.m_board_led_list
                0x000000000002be68        0x4 _build/nrf52832_xxaa/boards.c.o
 .rodata.str1.4
                0x000000000002be6c        0x6 _build/nrf52832_xxaa/nrf_drv_clock.c.o
 *fill*         0x000000000002be72        0x2 
 .rodata.str1.4
                0x000000000002be74        0x6 _build/nrf52832_xxaa/nrfx_clock.c.o
 *fill*         0x000000000002be7a        0x2 
 .rodata.str1.4
                0x000000000002be7c        0x7 _build/nrf52832_xxaa/nrfx_gpiote.c.o
 *fill*         0x000000000002be83        0x1 
 .rodata.str1.4
                0x000000000002be84        0x4 _build/nrf52832_xxaa/nrfx_prs.c.o
 .rodata.str1.4
                0x000000000002be88        0x5 _build/nrf52832_xxaa/nrfx_uart.c.o
 *fill*         0x000000000002be8d        0x3 
 .rodata.str1.4
                0x000000000002be90        0x6 _build/nrf52832_xxaa/nrfx_uarte.c.o
 *fill*         0x000000000002be96        0x2 
 .rodata.app_buttons
                0x000000000002be98       0x20 _build/nrf52832_xxaa/bsp.c.o
 .rodata.m_bsp_alert_tmr
                0x000000000002beb8        0x4 _build/nrf52832_xxaa/bsp.c.o
 .rodata.m_bsp_button_tmr
                0x000000000002bebc        0x4 _build/nrf52832_xxaa/bsp.c.o
 .rodata.m_bsp_leds_tmr
                0x000000000002bec0        0x4 _build/nrf52832_xxaa/bsp.c.o
 .rodata.advertisingUpdateTimer
                0x000000000002bec4        0x4 _build/nrf52832_xxaa/main.c.o
 .rodata.ledUpdateTimer
                0x000000000002bec8        0x4 _build/nrf52832_xxaa/main.c.o
 .rodata.main.str1.4
                0x000000000002becc       0x2f _build/nrf52832_xxaa/main.c.o
 *fill*         0x000000000002befb        0x1 
 .rodata.str1.4
                0x000000000002befc      0x121 _build/nrf52832_xxaa/peer_manager_handler.c.o
 *fill*         0x000000000002c01d        0x3 
 .rodata        0x000000000002c020        0x4 _build/nrf52832_xxaa/nrf_sdh.c.o
 .rodata.sdh_req_observers
                0x000000000002c024        0xc _build/nrf52832_xxaa/nrf_sdh.c.o
 .rodata.sdh_stack_observers
                0x000000000002c030        0xc _build/nrf52832_xxaa/nrf_sdh.c.o
 .rodata.sdh_state_observers
                0x000000000002c03c        0xc _build/nrf52832_xxaa/nrf_sdh.c.o
 .rodata.str1.4
                0x000000000002c048        0x8 _build/nrf52832_xxaa/nrf_sdh.c.o
 .rodata.nrf_sdh_ble_default_cfg_set.str1.4
                0x000000000002c050      0x187 _build/nrf52832_xxaa/nrf_sdh_ble.c.o
 *fill*         0x000000000002c1d7        0x1 
 .rodata.nrf_sdh_ble_enable.str1.4
                0x000000000002c1d8       0xad _build/nrf52832_xxaa/nrf_sdh_ble.c.o
 *fill*         0x000000000002c285        0x3 
 .rodata.sdh_ble_observers
                0x000000000002c288        0xc _build/nrf52832_xxaa/nrf_sdh_ble.c.o
 .rodata.str1.4
                0x000000000002c294        0xc _build/nrf52832_xxaa/nrf_sdh_ble.c.o
 .rodata.sdh_soc_observers
                0x000000000002c2a0        0xc _build/nrf52832_xxaa/nrf_sdh_soc.c.o
 .rodata.str1.4
                0x000000000002c2ac        0xc _build/nrf52832_xxaa/nrf_sdh_soc.c.o
 .rodata._global_impure_ptr
                0x000000000002c2b8        0x4 /usr/local/Cellar/gcc-arm-none-eabi/20180627/bin/../lib/gcc/arm-none-eabi/7.3.1/../../../../arm-none-eabi/lib/thumb/v7e-m/fpv4-sp/hard/libc_nano.a(lib_a-impure.o)
                0x000000000002c2b8                _global_impure_ptr
 .rodata._setlocale_r.str1.1
                0x000000000002c2bc        0x8 /usr/local/Cellar/gcc-arm-none-eabi/20180627/bin/../lib/gcc/arm-none-eabi/7.3.1/../../../../arm-none-eabi/lib/thumb/v7e-m/fpv4-sp/hard/libc_nano.a(lib_a-locale.o)
                                          0x9 (size before relaxing)
 .rodata.str1.1
                0x000000000002c2c4        0x2 /usr/local/Cellar/gcc-arm-none-eabi/20180627/bin/../lib/gcc/arm-none-eabi/7.3.1/../../../../arm-none-eabi/lib/thumb/v7e-m/fpv4-sp/hard/libc_nano.a(lib_a-locale.o)
 .rodata._ctype_
                0x000000000002c2c6      0x101 /usr/local/Cellar/gcc-arm-none-eabi/20180627/bin/../lib/gcc/arm-none-eabi/7.3.1/../../../../arm-none-eabi/lib/thumb/v7e-m/fpv4-sp/hard/libc_nano.a(lib_a-ctype_.o)
                0x000000000002c2c6                _ctype_
 *(.eh_frame*)
 *fill*         0x000000000002c3c7        0x1 
 .eh_frame      0x000000000002c3c8        0x0 /usr/local/Cellar/gcc-arm-none-eabi/20180627/bin/../lib/gcc/arm-none-eabi/7.3.1/thumb/v7e-m/fpv4-sp/hard/crtbegin.o
 .eh_frame      0x000000000002c3c8        0x4 /usr/local/Cellar/gcc-arm-none-eabi/20180627/bin/../lib/gcc/arm-none-eabi/7.3.1/thumb/v7e-m/fpv4-sp/hard/crtend.o

.glue_7         0x000000000002c3cc        0x0
 .glue_7        0x000000000002c3cc        0x0 linker stubs

.glue_7t        0x000000000002c3cc        0x0
 .glue_7t       0x000000000002c3cc        0x0 linker stubs

.vfp11_veneer   0x000000000002c3cc        0x0
 .vfp11_veneer  0x000000000002c3cc        0x0 linker stubs

.v4_bx          0x000000000002c3cc        0x0
 .v4_bx         0x000000000002c3cc        0x0 linker stubs

.iplt           0x000000000002c3cc        0x0
 .iplt          0x000000000002c3cc        0x0 /usr/local/Cellar/gcc-arm-none-eabi/20180627/bin/../lib/gcc/arm-none-eabi/7.3.1/thumb/v7e-m/fpv4-sp/hard/crtbegin.o

.mem_section_dummy_rom

.sdh_soc_observers
                0x000000000002c3cc        0x8
                0x000000000002c3cc                PROVIDE (__start_sdh_soc_observers = .)
 *(SORT_BY_NAME(.sdh_soc_observers*))
 .sdh_soc_observers0
                0x000000000002c3cc        0x8 _build/nrf52832_xxaa/nrf_drv_clock.c.o
                0x000000000002c3d4                PROVIDE (__stop_sdh_soc_observers = .)

.sdh_ble_observers
                0x000000000002c3d4       0x10
                0x000000000002c3d4                PROVIDE (__start_sdh_ble_observers = .)
 *(SORT_BY_NAME(.sdh_ble_observers*))
 .sdh_ble_observers0
                0x000000000002c3d4        0x8 _build/nrf52832_xxaa/ble_conn_state.c.o
 .sdh_ble_observers1
                0x000000000002c3dc        0x8 _build/nrf52832_xxaa/bsp_btn_ble.c.o
                0x000000000002c3e4                PROVIDE (__stop_sdh_ble_observers = .)

.pwr_mgmt_data  0x000000000002c3e4        0x0
                0x000000000002c3e4                PROVIDE (__start_pwr_mgmt_data = .)
 *(SORT_BY_NAME(.pwr_mgmt_data*))
                0x000000000002c3e4                PROVIDE (__stop_pwr_mgmt_data = .)

.sdh_req_observers
                0x000000000002c3e4        0x0
                0x000000000002c3e4                PROVIDE (__start_sdh_req_observers = .)
 *(SORT_BY_NAME(.sdh_req_observers*))
                0x000000000002c3e4                PROVIDE (__stop_sdh_req_observers = .)

.sdh_state_observers
                0x000000000002c3e4        0x8
                0x000000000002c3e4                PROVIDE (__start_sdh_state_observers = .)
 *(SORT_BY_NAME(.sdh_state_observers*))
 .sdh_state_observers0
                0x000000000002c3e4        0x8 _build/nrf52832_xxaa/nrf_drv_clock.c.o
                0x000000000002c3ec                PROVIDE (__stop_sdh_state_observers = .)

.sdh_stack_observers
                0x000000000002c3ec       0x10
                0x000000000002c3ec                PROVIDE (__start_sdh_stack_observers = .)
 *(SORT_BY_NAME(.sdh_stack_observers*))
 .sdh_stack_observers0
                0x000000000002c3ec        0x8 _build/nrf52832_xxaa/nrf_sdh_ble.c.o
 .sdh_stack_observers0
                0x000000000002c3f4        0x8 _build/nrf52832_xxaa/nrf_sdh_soc.c.o
                0x000000000002c3fc                PROVIDE (__stop_sdh_stack_observers = .)

.nrf_queue      0x000000000002c3fc        0x0
                [!provide]                        PROVIDE (__start_nrf_queue = .)
 *(.nrf_queue)
                [!provide]                        PROVIDE (__stop_nrf_queue = .)

.nrf_balloc     0x000000000002c3fc       0x14
                [!provide]                        PROVIDE (__start_nrf_balloc = .)
 *(.nrf_balloc)
 .nrf_balloc    0x000000000002c3fc       0x14 _build/nrf52832_xxaa/nrf_log_frontend.c.o
                0x000000000002c3fc                log_mempool
                [!provide]                        PROVIDE (__stop_nrf_balloc = .)

.cli_command    0x000000000002c410        0x0
                [!provide]                        PROVIDE (__start_cli_command = .)
 *(.cli_command)
                [!provide]                        PROVIDE (__stop_cli_command = .)

.crypto_data    0x000000000002c410        0x0
                [!provide]                        PROVIDE (__start_crypto_data = .)
 *(SORT_BY_NAME(.crypto_data*))
                [!provide]                        PROVIDE (__stop_crypto_data = .)

.log_const_data
                0x000000000002c410       0x60
                0x000000000002c410                PROVIDE (__start_log_const_data = .)
 *(SORT_BY_NAME(.log_const_data*))
 .log_const_data_CLOCK
                0x000000000002c410        0x8 _build/nrf52832_xxaa/nrfx_clock.c.o
                0x000000000002c410                m_nrf_log_CLOCK_logs_data_const
 .log_const_data_GPIOTE
                0x000000000002c418        0x8 _build/nrf52832_xxaa/nrfx_gpiote.c.o
                0x000000000002c418                m_nrf_log_GPIOTE_logs_data_const
 .log_const_data_PRS
                0x000000000002c420        0x8 _build/nrf52832_xxaa/nrfx_prs.c.o
                0x000000000002c420                m_nrf_log_PRS_logs_data_const
 .log_const_data_UART
                0x000000000002c428        0x8 _build/nrf52832_xxaa/nrfx_uart.c.o
                0x000000000002c428                m_nrf_log_UART_logs_data_const
 .log_const_data_UARTE
                0x000000000002c430        0x8 _build/nrf52832_xxaa/nrfx_uarte.c.o
                0x000000000002c430                m_nrf_log_UARTE_logs_data_const
 .log_const_data_app
                0x000000000002c438        0x8 _build/nrf52832_xxaa/nrf_log_frontend.c.o
                0x000000000002c438                m_nrf_log_app_logs_data_const
 .log_const_data_clock
                0x000000000002c440        0x8 _build/nrf52832_xxaa/nrf_drv_clock.c.o
                0x000000000002c440                m_nrf_log_clock_logs_data_const
 .log_const_data_nrf_sdh
                0x000000000002c448        0x8 _build/nrf52832_xxaa/nrf_sdh.c.o
                0x000000000002c448                m_nrf_log_nrf_sdh_logs_data_const
 .log_const_data_nrf_sdh_ble
                0x000000000002c450        0x8 _build/nrf52832_xxaa/nrf_sdh_ble.c.o
                0x000000000002c450                m_nrf_log_nrf_sdh_ble_logs_data_const
 .log_const_data_nrf_sdh_soc
                0x000000000002c458        0x8 _build/nrf52832_xxaa/nrf_sdh_soc.c.o
                0x000000000002c458                m_nrf_log_nrf_sdh_soc_logs_data_const
 .log_const_data_peer_manager_handler
                0x000000000002c460        0x8 _build/nrf52832_xxaa/peer_manager_handler.c.o
                0x000000000002c460                m_nrf_log_peer_manager_handler_logs_data_const
 .log_const_data_pwr_mgmt
                0x000000000002c468        0x8 _build/nrf52832_xxaa/nrf_pwr_mgmt.c.o
                0x000000000002c468                m_nrf_log_pwr_mgmt_logs_data_const
                0x000000000002c470                PROVIDE (__stop_log_const_data = .)

.log_backends   0x000000000002c470       0x10
                [!provide]                        PROVIDE (__start_log_backends = .)
 *(SORT_BY_NAME(.log_backends*))
 .log_backends  0x000000000002c470       0x10 _build/nrf52832_xxaa/nrf_log_default_backends.c.o
                [!provide]                        PROVIDE (__stop_log_backends = .)

.ARM.extab
 *(.ARM.extab* .gnu.linkonce.armextab.*)
                0x000000000002c480                __exidx_start = .

.ARM.exidx      0x000000000002c480        0x8
 *(.ARM.exidx* .gnu.linkonce.armexidx.*)
 .ARM.exidx     0x000000000002c480        0x8 /usr/local/Cellar/gcc-arm-none-eabi/20180627/bin/../lib/gcc/arm-none-eabi/7.3.1/../../../../arm-none-eabi/lib/thumb/v7e-m/fpv4-sp/hard/crt0.o
 .ARM.exidx     0x000000000002c488        0x0 /usr/local/Cellar/gcc-arm-none-eabi/20180627/bin/../lib/gcc/arm-none-eabi/7.3.1/thumb/v7e-m/fpv4-sp/hard/libgcc.a(_udivmoddi4.o)
                                          0x8 (size before relaxing)
                0x000000000002c488                __exidx_end = .
                0x000000000002c488                __etext = .

.rel.dyn        0x000000000002c488        0x0
 .rel.iplt      0x000000000002c488        0x0 /usr/local/Cellar/gcc-arm-none-eabi/20180627/bin/../lib/gcc/arm-none-eabi/7.3.1/thumb/v7e-m/fpv4-sp/hard/crtbegin.o

.data           0x00000000200018a8      0x214 load address 0x000000000002c488
                0x00000000200018a8                __data_start__ = .
 *(vtable)
 *(.data*)
 .data.m_uart   0x00000000200018a8       0x14 _build/nrf52832_xxaa/nrf_log_backend_uart.c.o
                0x00000000200018a8                m_uart
 .data.log_backend_cb_uart_log_backend
                0x00000000200018bc        0x8 _build/nrf52832_xxaa/nrf_log_default_backends.c.o
 .data.SystemCoreClock
                0x00000000200018c4        0x4 _build/nrf52832_xxaa/system_nrf52.c.o
                0x00000000200018c4                SystemCoreClock
 .data.advertisingChannel
                0x00000000200018c8        0x1 _build/nrf52832_xxaa/main.c.o
 .data.ledIndex.11354
                0x00000000200018c9        0x1 _build/nrf52832_xxaa/main.c.o
 *fill*         0x00000000200018ca        0x2 
 .data.m_adv_data
                0x00000000200018cc       0x10 _build/nrf52832_xxaa/main.c.o
 .data.m_adv_handle
                0x00000000200018dc        0x1 _build/nrf52832_xxaa/main.c.o
 .data.restart.11358
                0x00000000200018dd        0x1 _build/nrf52832_xxaa/main.c.o
 .data.shiftRegister.11314
                0x00000000200018de        0x1 _build/nrf52832_xxaa/main.c.o
 *fill*         0x00000000200018df        0x1 
 .data.testNumPackets
                0x00000000200018e0        0x2 _build/nrf52832_xxaa/main.c.o
                0x00000000200018e0                testNumPackets
 *fill*         0x00000000200018e2        0x2 
 .data._impure_ptr
                0x00000000200018e4        0x4 /usr/local/Cellar/gcc-arm-none-eabi/20180627/bin/../lib/gcc/arm-none-eabi/7.3.1/../../../../arm-none-eabi/lib/thumb/v7e-m/fpv4-sp/hard/libc_nano.a(lib_a-impure.o)
                0x00000000200018e4                _impure_ptr
 .data.impure_data
                0x00000000200018e8       0x60 /usr/local/Cellar/gcc-arm-none-eabi/20180627/bin/../lib/gcc/arm-none-eabi/7.3.1/../../../../arm-none-eabi/lib/thumb/v7e-m/fpv4-sp/hard/libc_nano.a(lib_a-impure.o)
 .data.__global_locale
                0x0000000020001948      0x16c /usr/local/Cellar/gcc-arm-none-eabi/20180627/bin/../lib/gcc/arm-none-eabi/7.3.1/../../../../arm-none-eabi/lib/thumb/v7e-m/fpv4-sp/hard/libc_nano.a(lib_a-locale.o)
                0x0000000020001948                __global_locale
                0x0000000020001ab4                . = ALIGN (0x4)
                0x0000000020001ab4                PROVIDE (__preinit_array_start = .)
 *(.preinit_array)
                0x0000000020001ab4                PROVIDE (__preinit_array_end = .)
                0x0000000020001ab4                . = ALIGN (0x4)
                0x0000000020001ab4                PROVIDE (__init_array_start = .)
 *(SORT_BY_NAME(.init_array.*))
 *(.init_array)
 .init_array    0x0000000020001ab4        0x4 /usr/local/Cellar/gcc-arm-none-eabi/20180627/bin/../lib/gcc/arm-none-eabi/7.3.1/thumb/v7e-m/fpv4-sp/hard/crtbegin.o
                0x0000000020001ab8                PROVIDE (__init_array_end = .)
                0x0000000020001ab8                . = ALIGN (0x4)
                [!provide]                        PROVIDE (__fini_array_start = .)
 *(SORT_BY_NAME(.fini_array.*))
 *(.fini_array)
 .fini_array    0x0000000020001ab8        0x4 /usr/local/Cellar/gcc-arm-none-eabi/20180627/bin/../lib/gcc/arm-none-eabi/7.3.1/thumb/v7e-m/fpv4-sp/hard/crtbegin.o
                [!provide]                        PROVIDE (__fini_array_end = .)
 *(.jcr*)
                0x0000000020001abc                . = ALIGN (0x4)
                0x0000000020001abc                __data_end__ = .
LOAD /usr/local/Cellar/gcc-arm-none-eabi/20180627/bin/../lib/gcc/arm-none-eabi/7.3.1/thumb/v7e-m/fpv4-sp/hard/crti.o
LOAD /usr/local/Cellar/gcc-arm-none-eabi/20180627/bin/../lib/gcc/arm-none-eabi/7.3.1/thumb/v7e-m/fpv4-sp/hard/crtbegin.o
LOAD /usr/local/Cellar/gcc-arm-none-eabi/20180627/bin/../lib/gcc/arm-none-eabi/7.3.1/../../../../arm-none-eabi/lib/thumb/v7e-m/fpv4-sp/hard/crt0.o
LOAD _build/nrf52832_xxaa/gcc_startup_nrf52.S.o
LOAD _build/nrf52832_xxaa/nrf_log_backend_rtt.c.o
LOAD _build/nrf52832_xxaa/nrf_log_backend_serial.c.o
LOAD _build/nrf52832_xxaa/nrf_log_backend_uart.c.o
LOAD _build/nrf52832_xxaa/nrf_log_default_backends.c.o
LOAD _build/nrf52832_xxaa/nrf_log_frontend.c.o
LOAD _build/nrf52832_xxaa/nrf_log_str_formatter.c.o
LOAD _build/nrf52832_xxaa/app_button.c.o
LOAD _build/nrf52832_xxaa/app_error.c.o
LOAD _build/nrf52832_xxaa/app_error_handler_gcc.c.o
LOAD _build/nrf52832_xxaa/app_error_weak.c.o
LOAD _build/nrf52832_xxaa/app_scheduler.c.o
LOAD _build/nrf52832_xxaa/app_timer.c.o
LOAD _build/nrf52832_xxaa/app_util_platform.c.o
LOAD _build/nrf52832_xxaa/crc16.c.o
LOAD _build/nrf52832_xxaa/fds.c.o
LOAD _build/nrf52832_xxaa/hardfault_implementation.c.o
LOAD _build/nrf52832_xxaa/nrf_assert.c.o
LOAD _build/nrf52832_xxaa/nrf_atfifo.c.o
LOAD _build/nrf52832_xxaa/nrf_atflags.c.o
LOAD _build/nrf52832_xxaa/nrf_atomic.c.o
LOAD _build/nrf52832_xxaa/nrf_balloc.c.o
LOAD _build/nrf52832_xxaa/nrf_fprintf.c.o
LOAD _build/nrf52832_xxaa/nrf_fprintf_format.c.o
LOAD _build/nrf52832_xxaa/nrf_fstorage.c.o
LOAD _build/nrf52832_xxaa/nrf_fstorage_sd.c.o
LOAD _build/nrf52832_xxaa/nrf_memobj.c.o
LOAD _build/nrf52832_xxaa/nrf_pwr_mgmt.c.o
LOAD _build/nrf52832_xxaa/nrf_ringbuf.c.o
LOAD _build/nrf52832_xxaa/nrf_section_iter.c.o
LOAD _build/nrf52832_xxaa/nrf_strerror.c.o
LOAD _build/nrf52832_xxaa/sensorsim.c.o
LOAD _build/nrf52832_xxaa/system_nrf52.c.o
LOAD _build/nrf52832_xxaa/boards.c.o
LOAD _build/nrf52832_xxaa/nrf_drv_clock.c.o
LOAD _build/nrf52832_xxaa/nrf_drv_uart.c.o
LOAD _build/nrf52832_xxaa/nrfx_atomic.c.o
LOAD _build/nrf52832_xxaa/nrfx_clock.c.o
LOAD _build/nrf52832_xxaa/nrfx_gpiote.c.o
LOAD _build/nrf52832_xxaa/nrfx_prs.c.o
LOAD _build/nrf52832_xxaa/nrfx_uart.c.o
LOAD _build/nrf52832_xxaa/nrfx_uarte.c.o
LOAD _build/nrf52832_xxaa/bsp.c.o
LOAD _build/nrf52832_xxaa/bsp_btn_ble.c.o
LOAD _build/nrf52832_xxaa/main.c.o
LOAD _build/nrf52832_xxaa/SEGGER_RTT.c.o
LOAD _build/nrf52832_xxaa/SEGGER_RTT_Syscalls_GCC.c.o
LOAD _build/nrf52832_xxaa/SEGGER_RTT_printf.c.o
LOAD _build/nrf52832_xxaa/auth_status_tracker.c.o
LOAD _build/nrf52832_xxaa/ble_advdata.c.o
LOAD _build/nrf52832_xxaa/ble_advertising.c.o
LOAD _build/nrf52832_xxaa/ble_conn_params.c.o
LOAD _build/nrf52832_xxaa/ble_conn_state.c.o
LOAD _build/nrf52832_xxaa/ble_srv_common.c.o
LOAD _build/nrf52832_xxaa/gatt_cache_manager.c.o
LOAD _build/nrf52832_xxaa/gatts_cache_manager.c.o
LOAD _build/nrf52832_xxaa/id_manager.c.o
LOAD _build/nrf52832_xxaa/nrf_ble_gatt.c.o
LOAD _build/nrf52832_xxaa/nrf_ble_qwr.c.o
LOAD _build/nrf52832_xxaa/peer_data_storage.c.o
LOAD _build/nrf52832_xxaa/peer_database.c.o
LOAD _build/nrf52832_xxaa/peer_id.c.o
LOAD _build/nrf52832_xxaa/peer_manager.c.o
LOAD _build/nrf52832_xxaa/peer_manager_handler.c.o
LOAD _build/nrf52832_xxaa/pm_buffer.c.o
LOAD _build/nrf52832_xxaa/security_dispatcher.c.o
LOAD _build/nrf52832_xxaa/security_manager.c.o
LOAD _build/nrf52832_xxaa/utf.c.o
LOAD _build/nrf52832_xxaa/nrf_sdh.c.o
LOAD _build/nrf52832_xxaa/nrf_sdh_ble.c.o
LOAD _build/nrf52832_xxaa/nrf_sdh_soc.c.o
LOAD _build/nrf52832_xxaa/nrf_ble_scan.c.o
LOAD /usr/local/Cellar/gcc-arm-none-eabi/20180627/bin/../lib/gcc/arm-none-eabi/7.3.1/../../../../arm-none-eabi/lib/thumb/v7e-m/fpv4-sp/hard/libc_nano.a
LOAD /usr/local/Cellar/gcc-arm-none-eabi/20180627/bin/../lib/gcc/arm-none-eabi/7.3.1/../../../../arm-none-eabi/lib/thumb/v7e-m/fpv4-sp/hard/libnosys.a
LOAD /usr/local/Cellar/gcc-arm-none-eabi/20180627/bin/../lib/gcc/arm-none-eabi/7.3.1/../../../../arm-none-eabi/lib/thumb/v7e-m/fpv4-sp/hard/libm.a
START GROUP
LOAD /usr/local/Cellar/gcc-arm-none-eabi/20180627/bin/../lib/gcc/arm-none-eabi/7.3.1/thumb/v7e-m/fpv4-sp/hard/libgcc.a
LOAD /usr/local/Cellar/gcc-arm-none-eabi/20180627/bin/../lib/gcc/arm-none-eabi/7.3.1/../../../../arm-none-eabi/lib/thumb/v7e-m/fpv4-sp/hard/libg_nano.a
LOAD /usr/local/Cellar/gcc-arm-none-eabi/20180627/bin/../lib/gcc/arm-none-eabi/7.3.1/../../../../arm-none-eabi/lib/thumb/v7e-m/fpv4-sp/hard/libc_nano.a
END GROUP
START GROUP
LOAD /usr/local/Cellar/gcc-arm-none-eabi/20180627/bin/../lib/gcc/arm-none-eabi/7.3.1/thumb/v7e-m/fpv4-sp/hard/libgcc.a
LOAD /usr/local/Cellar/gcc-arm-none-eabi/20180627/bin/../lib/gcc/arm-none-eabi/7.3.1/../../../../arm-none-eabi/lib/thumb/v7e-m/fpv4-sp/hard/libc_nano.a
END GROUP
LOAD /usr/local/Cellar/gcc-arm-none-eabi/20180627/bin/../lib/gcc/arm-none-eabi/7.3.1/thumb/v7e-m/fpv4-sp/hard/crtend.o
LOAD /usr/local/Cellar/gcc-arm-none-eabi/20180627/bin/../lib/gcc/arm-none-eabi/7.3.1/thumb/v7e-m/fpv4-sp/hard/crtn.o
START GROUP
LOAD /usr/local/Cellar/gcc-arm-none-eabi/20180627/bin/../lib/gcc/arm-none-eabi/7.3.1/thumb/v7e-m/fpv4-sp/hard/libgcc.a
LOAD /usr/local/Cellar/gcc-arm-none-eabi/20180627/bin/../lib/gcc/arm-none-eabi/7.3.1/../../../../arm-none-eabi/lib/thumb/v7e-m/fpv4-sp/hard/libc.a
LOAD /usr/local/Cellar/gcc-arm-none-eabi/20180627/bin/../lib/gcc/arm-none-eabi/7.3.1/../../../../arm-none-eabi/lib/thumb/v7e-m/fpv4-sp/hard/libnosys.a
END GROUP

.igot.plt       0x0000000020001abc        0x0 load address 0x000000000002c69c
 .igot.plt      0x0000000020001abc        0x0 /usr/local/Cellar/gcc-arm-none-eabi/20180627/bin/../lib/gcc/arm-none-eabi/7.3.1/thumb/v7e-m/fpv4-sp/hard/crtbegin.o
                0x0000000020001abc                . = ALIGN (0x4)

.mem_section_dummy_ram

.cli_sorted_cmd_ptrs
                0x0000000020001abc        0x0
                [!provide]                        PROVIDE (__start_cli_sorted_cmd_ptrs = .)
 *(.cli_sorted_cmd_ptrs)
                [!provide]                        PROVIDE (__stop_cli_sorted_cmd_ptrs = .)

.fs_data        0x0000000020001abc        0x0
                [!provide]                        PROVIDE (__start_fs_data = .)
 *(.fs_data)
                [!provide]                        PROVIDE (__stop_fs_data = .)

.log_dynamic_data
                0x0000000020001abc        0x0
                0x0000000020001abc                PROVIDE (__start_log_dynamic_data = .)
 *(SORT_BY_NAME(.log_dynamic_data*))
                [!provide]                        PROVIDE (__stop_log_dynamic_data = .)

.log_filter_data
                0x0000000020001abc        0x0
                [!provide]                        PROVIDE (__start_log_filter_data = .)
 *(SORT_BY_NAME(.log_filter_data*))
                [!provide]                        PROVIDE (__stop_log_filter_data = .)

.bss            0x0000000020001ac0      0x9e8 load address 0x000000000002c6a0
                0x0000000020001ac0                . = ALIGN (0x4)
                0x0000000020001ac0                __bss_start__ = .
 *(.bss*)
 .bss           0x0000000020001ac0       0x1c /usr/local/Cellar/gcc-arm-none-eabi/20180627/bin/../lib/gcc/arm-none-eabi/7.3.1/thumb/v7e-m/fpv4-sp/hard/crtbegin.o
 .bss.m_async_mode
                0x0000000020001adc        0x1 _build/nrf52832_xxaa/nrf_log_backend_uart.c.o
 *fill*         0x0000000020001add        0x3 
 .bss.m_string_buff
                0x0000000020001ae0       0x40 _build/nrf52832_xxaa/nrf_log_backend_uart.c.o
 .bss.m_xfer_done
                0x0000000020001b20        0x1 _build/nrf52832_xxaa/nrf_log_backend_uart.c.o
 *fill*         0x0000000020001b21        0x3 
 .bss.log_mempool_nrf_balloc_cb
                0x0000000020001b24        0x8 _build/nrf52832_xxaa/nrf_log_frontend.c.o
 .bss.log_mempool_nrf_balloc_pool_mem
                0x0000000020001b2c       0xc0 _build/nrf52832_xxaa/nrf_log_frontend.c.o
 .bss.log_mempool_nrf_balloc_pool_stack
                0x0000000020001bec        0x8 _build/nrf52832_xxaa/nrf_log_frontend.c.o
 .bss.m_log_data
                0x0000000020001bf4      0x424 _build/nrf52832_xxaa/nrf_log_frontend.c.o
 .bss.m_log_push_ringbuf_buf
                0x0000000020002018       0x80 _build/nrf52832_xxaa/nrf_log_frontend.c.o
 .bss.m_log_push_ringbuf_cb
                0x0000000020002098       0x18 _build/nrf52832_xxaa/nrf_log_frontend.c.o
 .bss.m_button_count
                0x00000000200020b0        0x1 _build/nrf52832_xxaa/app_button.c.o
 *fill*         0x00000000200020b1        0x3 
 .bss.m_detection_delay
                0x00000000200020b4        0x4 _build/nrf52832_xxaa/app_button.c.o
 .bss.m_detection_delay_timer_id_data
                0x00000000200020b8       0x20 _build/nrf52832_xxaa/app_button.c.o
 .bss.m_pin_state
                0x00000000200020d8        0x8 _build/nrf52832_xxaa/app_button.c.o
 .bss.m_pin_transition
                0x00000000200020e0        0x8 _build/nrf52832_xxaa/app_button.c.o
 .bss.mp_buttons
                0x00000000200020e8        0x4 _build/nrf52832_xxaa/app_button.c.o
 .bss.m_op_queue
                0x00000000200020ec      0x10c _build/nrf52832_xxaa/app_timer.c.o
 .bss.m_rtc1_reset
                0x00000000200021f8        0x1 _build/nrf52832_xxaa/app_timer.c.o
 .bss.m_rtc1_running
                0x00000000200021f9        0x1 _build/nrf52832_xxaa/app_timer.c.o
 *fill*         0x00000000200021fa        0x2 
 .bss.m_ticks_elapsed
                0x00000000200021fc        0x8 _build/nrf52832_xxaa/app_timer.c.o
 .bss.m_ticks_elapsed_q_read_ind
                0x0000000020002204        0x1 _build/nrf52832_xxaa/app_timer.c.o
 .bss.m_ticks_elapsed_q_write_ind
                0x0000000020002205        0x1 _build/nrf52832_xxaa/app_timer.c.o
 *fill*         0x0000000020002206        0x2 
 .bss.m_ticks_latest
                0x0000000020002208        0x4 _build/nrf52832_xxaa/app_timer.c.o
 .bss.mp_timer_id_head
                0x000000002000220c        0x4 _build/nrf52832_xxaa/app_timer.c.o
 .bss.m_handlers_iter
                0x0000000020002210        0x8 _build/nrf52832_xxaa/nrf_pwr_mgmt.c.o
 .bss.m_shutdown_started
                0x0000000020002218        0x1 _build/nrf52832_xxaa/nrf_pwr_mgmt.c.o
 *fill*         0x0000000020002219        0x3 
 .bss.m_sysoff_mtx
                0x000000002000221c        0x4 _build/nrf52832_xxaa/nrf_pwr_mgmt.c.o
 .bss.m_clock_cb
                0x0000000020002220       0x14 _build/nrf52832_xxaa/nrf_drv_clock.c.o
 .bss.m_contexts
                0x0000000020002234        0x4 _build/nrf52832_xxaa/nrf_drv_uart.c.o
 .bss.m_handlers
                0x0000000020002238        0x4 _build/nrf52832_xxaa/nrf_drv_uart.c.o
 .bss.m_clock_cb
                0x000000002000223c        0x8 _build/nrf52832_xxaa/nrfx_clock.c.o
 .bss.m_cb      0x0000000020002244       0x5c _build/nrf52832_xxaa/nrfx_gpiote.c.o
 .bss.m_prs_box_4
                0x00000000200022a0        0x8 _build/nrf52832_xxaa/nrfx_prs.c.o
 .bss.m_cb      0x00000000200022a8       0x2c _build/nrf52832_xxaa/nrfx_uart.c.o
 .bss.m_cb      0x00000000200022d4       0x24 _build/nrf52832_xxaa/nrfx_uarte.c.o
 .bss.current_long_push_pin_no.8878
                0x00000000200022f8        0x1 _build/nrf52832_xxaa/bsp.c.o
 .bss.m_alert_on
                0x00000000200022f9        0x1 _build/nrf52832_xxaa/bsp.c.o
 *fill*         0x00000000200022fa        0x2 
 .bss.m_bsp_alert_tmr_data
                0x00000000200022fc       0x20 _build/nrf52832_xxaa/bsp.c.o
 .bss.m_bsp_button_tmr_data
                0x000000002000231c       0x20 _build/nrf52832_xxaa/bsp.c.o
 .bss.m_bsp_leds_tmr_data
                0x000000002000233c       0x20 _build/nrf52832_xxaa/bsp.c.o
 .bss.m_events_list
                0x000000002000235c        0xc _build/nrf52832_xxaa/bsp.c.o
 .bss.m_indication_type
                0x0000000020002368        0x4 _build/nrf52832_xxaa/bsp.c.o
 .bss.m_leds_clear
                0x000000002000236c        0x1 _build/nrf52832_xxaa/bsp.c.o
 *fill*         0x000000002000236d        0x3 
 .bss.m_registered_callback
                0x0000000020002370        0x4 _build/nrf52832_xxaa/bsp.c.o
 .bss.m_stable_state
                0x0000000020002374        0x1 _build/nrf52832_xxaa/bsp.c.o
 *fill*         0x0000000020002375        0x3 
 .bss.release_event_at_push.8879
                0x0000000020002378        0x4 _build/nrf52832_xxaa/bsp.c.o
 .bss.m_error_handler
                0x000000002000237c        0x4 _build/nrf52832_xxaa/bsp_btn_ble.c.o
 .bss.m_num_connections
                0x0000000020002380        0x4 _build/nrf52832_xxaa/bsp_btn_ble.c.o
 .bss.advertisingUpdateTimer_data
                0x0000000020002384       0x20 _build/nrf52832_xxaa/main.c.o
 .bss.ledUpdateTimer_data
                0x00000000200023a4       0x20 _build/nrf52832_xxaa/main.c.o
 .bss.m_adv_params
                0x00000000200023c4       0x18 _build/nrf52832_xxaa/main.c.o
 .bss.m_enc_advdata
                0x00000000200023dc       0x1f _build/nrf52832_xxaa/main.c.o
 *fill*         0x00000000200023fb        0x1 
 .bss.stretchedData
                0x00000000200023fc       0x1f _build/nrf52832_xxaa/main.c.o
 *fill*         0x000000002000241b        0x1 
 .bss.m_bcs     0x000000002000241c       0x78 _build/nrf52832_xxaa/ble_conn_state.c.o
 .bss.m_nrf_sdh_continue
                0x0000000020002494        0x1 _build/nrf52832_xxaa/nrf_sdh.c.o
 .bss.m_nrf_sdh_enabled
                0x0000000020002495        0x1 _build/nrf52832_xxaa/nrf_sdh.c.o
 .bss.m_nrf_sdh_suspended
                0x0000000020002496        0x1 _build/nrf52832_xxaa/nrf_sdh.c.o
 .bss.m_stack_is_enabled
                0x0000000020002497        0x1 _build/nrf52832_xxaa/nrf_sdh_ble.c.o
 *(COMMON)
 COMMON         0x0000000020002498        0xc _build/nrf52832_xxaa/app_util_platform.c.o
                0x0000000020002498                nrf_nvic_state
 COMMON         0x00000000200024a4        0x1 _build/nrf52832_xxaa/nrf_drv_uart.c.o
                0x00000000200024a4                nrf_drv_uart_use_easy_dma
                0x00000000200024a8                . = ALIGN (0x4)
 *fill*         0x00000000200024a5        0x3 
                0x00000000200024a8                __bss_end__ = .

.heap           0x00000000200024a8     0x2000
                0x00000000200024a8                __HeapBase = .
                0x00000000200024a8                __end__ = .
                [!provide]                        PROVIDE (end = .)
 *(.heap*)
 .heap          0x00000000200024a8     0x2000 _build/nrf52832_xxaa/gcc_startup_nrf52.S.o
                0x00000000200044a8                __HeapLimit = .

.stack_dummy    0x00000000200024a8     0x2000
 *(.stack*)
 .stack         0x00000000200024a8     0x2000 _build/nrf52832_xxaa/gcc_startup_nrf52.S.o
                0x0000000020010000                __StackTop = (ORIGIN (RAM) + LENGTH (RAM))
                0x000000002000e000                __StackLimit = (__StackTop - SIZEOF (.stack_dummy))
                0x0000000020010000                PROVIDE (__stack = __StackTop)
                0x0000000000000001                ASSERT ((__StackLimit >= __HeapLimit), region RAM overflowed with stack)
                0x0000000000000218                DataInitFlashUsed = (__bss_start__ - __data_start__)
                0x0000000000006488                CodeFlashUsed = (__etext - ORIGIN (FLASH))
                0x00000000000066a0                TotalFlashUsed = (CodeFlashUsed + DataInitFlashUsed)
                0x0000000000000001                ASSERT ((TotalFlashUsed <= LENGTH (FLASH)), region FLASH overflowed with .data and user data)
OUTPUT(_build/nrf52832_xxaa.out elf32-littlearm)

.ARM.attributes
                0x0000000000000000       0x30
 .ARM.attributes
                0x0000000000000000       0x22 /usr/local/Cellar/gcc-arm-none-eabi/20180627/bin/../lib/gcc/arm-none-eabi/7.3.1/thumb/v7e-m/fpv4-sp/hard/crti.o
 .ARM.attributes
                0x0000000000000022       0x34 /usr/local/Cellar/gcc-arm-none-eabi/20180627/bin/../lib/gcc/arm-none-eabi/7.3.1/thumb/v7e-m/fpv4-sp/hard/crtbegin.o
 .ARM.attributes
                0x0000000000000056       0x20 /usr/local/Cellar/gcc-arm-none-eabi/20180627/bin/../lib/gcc/arm-none-eabi/7.3.1/../../../../arm-none-eabi/lib/thumb/v7e-m/fpv4-sp/hard/crt0.o
 .ARM.attributes
                0x0000000000000076       0x20 _build/nrf52832_xxaa/gcc_startup_nrf52.S.o
 .ARM.attributes
                0x0000000000000096       0x39 _build/nrf52832_xxaa/nrf_log_backend_serial.c.o
 .ARM.attributes
                0x00000000000000cf       0x39 _build/nrf52832_xxaa/nrf_log_backend_uart.c.o
 .ARM.attributes
                0x0000000000000108       0x39 _build/nrf52832_xxaa/nrf_log_default_backends.c.o
 .ARM.attributes
                0x0000000000000141       0x39 _build/nrf52832_xxaa/nrf_log_frontend.c.o
 .ARM.attributes
                0x000000000000017a       0x39 _build/nrf52832_xxaa/nrf_log_str_formatter.c.o
 .ARM.attributes
                0x00000000000001b3       0x39 _build/nrf52832_xxaa/app_button.c.o
 .ARM.attributes
                0x00000000000001ec       0x39 _build/nrf52832_xxaa/app_error.c.o
 .ARM.attributes
                0x0000000000000225       0x39 _build/nrf52832_xxaa/app_error_weak.c.o
 .ARM.attributes
                0x000000000000025e       0x39 _build/nrf52832_xxaa/app_timer.c.o
 .ARM.attributes
                0x0000000000000297       0x39 _build/nrf52832_xxaa/app_util_platform.c.o
 .ARM.attributes
                0x00000000000002d0       0x39 _build/nrf52832_xxaa/nrf_atflags.c.o
 .ARM.attributes
                0x0000000000000309       0x39 _build/nrf52832_xxaa/nrf_atomic.c.o
 .ARM.attributes
                0x0000000000000342       0x39 _build/nrf52832_xxaa/nrf_balloc.c.o
 .ARM.attributes
                0x000000000000037b       0x39 _build/nrf52832_xxaa/nrf_fprintf.c.o
 .ARM.attributes
                0x00000000000003b4       0x39 _build/nrf52832_xxaa/nrf_fprintf_format.c.o
 .ARM.attributes
                0x00000000000003ed       0x39 _build/nrf52832_xxaa/nrf_memobj.c.o
 .ARM.attributes
                0x0000000000000426       0x39 _build/nrf52832_xxaa/nrf_pwr_mgmt.c.o
 .ARM.attributes
                0x000000000000045f       0x39 _build/nrf52832_xxaa/nrf_ringbuf.c.o
 .ARM.attributes
                0x0000000000000498       0x39 _build/nrf52832_xxaa/nrf_section_iter.c.o
 .ARM.attributes
                0x00000000000004d1       0x39 _build/nrf52832_xxaa/nrf_strerror.c.o
 .ARM.attributes
                0x000000000000050a       0x39 _build/nrf52832_xxaa/system_nrf52.c.o
 .ARM.attributes
                0x0000000000000543       0x39 _build/nrf52832_xxaa/boards.c.o
 .ARM.attributes
                0x000000000000057c       0x39 _build/nrf52832_xxaa/nrf_drv_clock.c.o
 .ARM.attributes
                0x00000000000005b5       0x39 _build/nrf52832_xxaa/nrf_drv_uart.c.o
 .ARM.attributes
                0x00000000000005ee       0x39 _build/nrf52832_xxaa/nrfx_clock.c.o
 .ARM.attributes
                0x0000000000000627       0x39 _build/nrf52832_xxaa/nrfx_gpiote.c.o
 .ARM.attributes
                0x0000000000000660       0x39 _build/nrf52832_xxaa/nrfx_prs.c.o
 .ARM.attributes
                0x0000000000000699       0x39 _build/nrf52832_xxaa/nrfx_uart.c.o
 .ARM.attributes
                0x00000000000006d2       0x39 _build/nrf52832_xxaa/nrfx_uarte.c.o
 .ARM.attributes
                0x000000000000070b       0x39 _build/nrf52832_xxaa/bsp.c.o
 .ARM.attributes
                0x0000000000000744       0x39 _build/nrf52832_xxaa/bsp_btn_ble.c.o
 .ARM.attributes
                0x000000000000077d       0x39 _build/nrf52832_xxaa/main.c.o
 .ARM.attributes
                0x00000000000007b6       0x39 _build/nrf52832_xxaa/ble_conn_state.c.o
 .ARM.attributes
                0x00000000000007ef       0x39 _build/nrf52832_xxaa/peer_manager_handler.c.o
 .ARM.attributes
                0x0000000000000828       0x39 _build/nrf52832_xxaa/nrf_sdh.c.o
 .ARM.attributes
                0x0000000000000861       0x39 _build/nrf52832_xxaa/nrf_sdh_ble.c.o
 .ARM.attributes
                0x000000000000089a       0x39 _build/nrf52832_xxaa/nrf_sdh_soc.c.o
 .ARM.attributes
                0x00000000000008d3       0x34 /usr/local/Cellar/gcc-arm-none-eabi/20180627/bin/../lib/gcc/arm-none-eabi/7.3.1/../../../../arm-none-eabi/lib/thumb/v7e-m/fpv4-sp/hard/libc_nano.a(lib_a-exit.o)
 .ARM.attributes
                0x0000000000000907       0x34 /usr/local/Cellar/gcc-arm-none-eabi/20180627/bin/../lib/gcc/arm-none-eabi/7.3.1/../../../../arm-none-eabi/lib/thumb/v7e-m/fpv4-sp/hard/libc_nano.a(lib_a-impure.o)
 .ARM.attributes
                0x000000000000093b       0x34 /usr/local/Cellar/gcc-arm-none-eabi/20180627/bin/../lib/gcc/arm-none-eabi/7.3.1/../../../../arm-none-eabi/lib/thumb/v7e-m/fpv4-sp/hard/libc_nano.a(lib_a-init.o)
 .ARM.attributes
                0x000000000000096f       0x34 /usr/local/Cellar/gcc-arm-none-eabi/20180627/bin/../lib/gcc/arm-none-eabi/7.3.1/../../../../arm-none-eabi/lib/thumb/v7e-m/fpv4-sp/hard/libc_nano.a(lib_a-locale.o)
 .ARM.attributes
                0x00000000000009a3       0x34 /usr/local/Cellar/gcc-arm-none-eabi/20180627/bin/../lib/gcc/arm-none-eabi/7.3.1/../../../../arm-none-eabi/lib/thumb/v7e-m/fpv4-sp/hard/libc_nano.a(lib_a-mbtowc_r.o)
 .ARM.attributes
                0x00000000000009d7       0x34 /usr/local/Cellar/gcc-arm-none-eabi/20180627/bin/../lib/gcc/arm-none-eabi/7.3.1/../../../../arm-none-eabi/lib/thumb/v7e-m/fpv4-sp/hard/libc_nano.a(lib_a-memcpy-stub.o)
 .ARM.attributes
                0x0000000000000a0b       0x34 /usr/local/Cellar/gcc-arm-none-eabi/20180627/bin/../lib/gcc/arm-none-eabi/7.3.1/../../../../arm-none-eabi/lib/thumb/v7e-m/fpv4-sp/hard/libc_nano.a(lib_a-memset.o)
 .ARM.attributes
                0x0000000000000a3f       0x1b /usr/local/Cellar/gcc-arm-none-eabi/20180627/bin/../lib/gcc/arm-none-eabi/7.3.1/../../../../arm-none-eabi/lib/thumb/v7e-m/fpv4-sp/hard/libc_nano.a(lib_a-strlen.o)
 .ARM.attributes
                0x0000000000000a5a       0x34 /usr/local/Cellar/gcc-arm-none-eabi/20180627/bin/../lib/gcc/arm-none-eabi/7.3.1/../../../../arm-none-eabi/lib/thumb/v7e-m/fpv4-sp/hard/libc_nano.a(lib_a-wctomb_r.o)
 .ARM.attributes
                0x0000000000000a8e       0x34 /usr/local/Cellar/gcc-arm-none-eabi/20180627/bin/../lib/gcc/arm-none-eabi/7.3.1/../../../../arm-none-eabi/lib/thumb/v7e-m/fpv4-sp/hard/libc_nano.a(lib_a-ctype_.o)
 .ARM.attributes
                0x0000000000000ac2       0x34 /usr/local/Cellar/gcc-arm-none-eabi/20180627/bin/../lib/gcc/arm-none-eabi/7.3.1/../../../../arm-none-eabi/lib/thumb/v7e-m/fpv4-sp/hard/libnosys.a(_exit.o)
 .ARM.attributes
                0x0000000000000af6       0x22 /usr/local/Cellar/gcc-arm-none-eabi/20180627/bin/../lib/gcc/arm-none-eabi/7.3.1/thumb/v7e-m/fpv4-sp/hard/libgcc.a(_aeabi_uldivmod.o)
 .ARM.attributes
                0x0000000000000b18       0x34 /usr/local/Cellar/gcc-arm-none-eabi/20180627/bin/../lib/gcc/arm-none-eabi/7.3.1/thumb/v7e-m/fpv4-sp/hard/libgcc.a(_udivmoddi4.o)
 .ARM.attributes
                0x0000000000000b4c       0x22 /usr/local/Cellar/gcc-arm-none-eabi/20180627/bin/../lib/gcc/arm-none-eabi/7.3.1/thumb/v7e-m/fpv4-sp/hard/libgcc.a(_dvmd_tls.o)
 .ARM.attributes
                0x0000000000000b6e       0x34 /usr/local/Cellar/gcc-arm-none-eabi/20180627/bin/../lib/gcc/arm-none-eabi/7.3.1/thumb/v7e-m/fpv4-sp/hard/crtend.o
 .ARM.attributes
                0x0000000000000ba2       0x22 /usr/local/Cellar/gcc-arm-none-eabi/20180627/bin/../lib/gcc/arm-none-eabi/7.3.1/thumb/v7e-m/fpv4-sp/hard/crtn.o

.comment        0x0000000000000000       0x7f
 .comment       0x0000000000000000       0x7f _build/nrf52832_xxaa/nrf_log_backend_serial.c.o
                                         0x80 (size before relaxing)
 .comment       0x000000000000007f       0x80 _build/nrf52832_xxaa/nrf_log_backend_uart.c.o
 .comment       0x000000000000007f       0x80 _build/nrf52832_xxaa/nrf_log_default_backends.c.o
 .comment       0x000000000000007f       0x80 _build/nrf52832_xxaa/nrf_log_frontend.c.o
 .comment       0x000000000000007f       0x80 _build/nrf52832_xxaa/nrf_log_str_formatter.c.o
 .comment       0x000000000000007f       0x80 _build/nrf52832_xxaa/app_button.c.o
 .comment       0x000000000000007f       0x80 _build/nrf52832_xxaa/app_error.c.o
 .comment       0x000000000000007f       0x80 _build/nrf52832_xxaa/app_error_weak.c.o
 .comment       0x000000000000007f       0x80 _build/nrf52832_xxaa/app_timer.c.o
 .comment       0x000000000000007f       0x80 _build/nrf52832_xxaa/app_util_platform.c.o
 .comment       0x000000000000007f       0x80 _build/nrf52832_xxaa/nrf_atflags.c.o
 .comment       0x000000000000007f       0x80 _build/nrf52832_xxaa/nrf_atomic.c.o
 .comment       0x000000000000007f       0x80 _build/nrf52832_xxaa/nrf_balloc.c.o
 .comment       0x000000000000007f       0x80 _build/nrf52832_xxaa/nrf_fprintf.c.o
 .comment       0x000000000000007f       0x80 _build/nrf52832_xxaa/nrf_fprintf_format.c.o
 .comment       0x000000000000007f       0x80 _build/nrf52832_xxaa/nrf_memobj.c.o
 .comment       0x000000000000007f       0x80 _build/nrf52832_xxaa/nrf_pwr_mgmt.c.o
 .comment       0x000000000000007f       0x80 _build/nrf52832_xxaa/nrf_ringbuf.c.o
 .comment       0x000000000000007f       0x80 _build/nrf52832_xxaa/nrf_section_iter.c.o
 .comment       0x000000000000007f       0x80 _build/nrf52832_xxaa/nrf_strerror.c.o
 .comment       0x000000000000007f       0x80 _build/nrf52832_xxaa/system_nrf52.c.o
 .comment       0x000000000000007f       0x80 _build/nrf52832_xxaa/boards.c.o
 .comment       0x000000000000007f       0x80 _build/nrf52832_xxaa/nrf_drv_clock.c.o
 .comment       0x000000000000007f       0x80 _build/nrf52832_xxaa/nrf_drv_uart.c.o
 .comment       0x000000000000007f       0x80 _build/nrf52832_xxaa/nrfx_clock.c.o
 .comment       0x000000000000007f       0x80 _build/nrf52832_xxaa/nrfx_gpiote.c.o
 .comment       0x000000000000007f       0x80 _build/nrf52832_xxaa/nrfx_prs.c.o
 .comment       0x000000000000007f       0x80 _build/nrf52832_xxaa/nrfx_uart.c.o
 .comment       0x000000000000007f       0x80 _build/nrf52832_xxaa/nrfx_uarte.c.o
 .comment       0x000000000000007f       0x80 _build/nrf52832_xxaa/bsp.c.o
 .comment       0x000000000000007f       0x80 _build/nrf52832_xxaa/bsp_btn_ble.c.o
 .comment       0x000000000000007f       0x80 _build/nrf52832_xxaa/main.c.o
 .comment       0x000000000000007f       0x80 _build/nrf52832_xxaa/ble_conn_state.c.o
 .comment       0x000000000000007f       0x80 _build/nrf52832_xxaa/peer_manager_handler.c.o
 .comment       0x000000000000007f       0x80 _build/nrf52832_xxaa/nrf_sdh.c.o
 .comment       0x000000000000007f       0x80 _build/nrf52832_xxaa/nrf_sdh_ble.c.o
 .comment       0x000000000000007f       0x80 _build/nrf52832_xxaa/nrf_sdh_soc.c.o

.debug_line     0x0000000000000000    0x16518
 .debug_line    0x0000000000000000       0x86 _build/nrf52832_xxaa/gcc_startup_nrf52.S.o
 .debug_line    0x0000000000000086      0x82e _build/nrf52832_xxaa/nrf_log_backend_serial.c.o
 .debug_line    0x00000000000008b4      0xab9 _build/nrf52832_xxaa/nrf_log_backend_uart.c.o
 .debug_line    0x000000000000136d      0x7ac _build/nrf52832_xxaa/nrf_log_default_backends.c.o
 .debug_line    0x0000000000001b19      0xf00 _build/nrf52832_xxaa/nrf_log_frontend.c.o
 .debug_line    0x0000000000002a19      0x8a1 _build/nrf52832_xxaa/nrf_log_str_formatter.c.o
 .debug_line    0x00000000000032ba      0x937 _build/nrf52832_xxaa/app_button.c.o
 .debug_line    0x0000000000003bf1      0x4ba _build/nrf52832_xxaa/app_error.c.o
 .debug_line    0x00000000000040ab      0x821 _build/nrf52832_xxaa/app_error_weak.c.o
 .debug_line    0x00000000000048cc      0xcc2 _build/nrf52832_xxaa/app_timer.c.o
 .debug_line    0x000000000000558e      0x5d0 _build/nrf52832_xxaa/app_util_platform.c.o
 .debug_line    0x0000000000005b5e      0x661 _build/nrf52832_xxaa/nrf_atflags.c.o
 .debug_line    0x00000000000061bf      0x6c0 _build/nrf52832_xxaa/nrf_atomic.c.o
 .debug_line    0x000000000000687f      0x77e _build/nrf52832_xxaa/nrf_balloc.c.o
 .debug_line    0x0000000000006ffd      0x559 _build/nrf52832_xxaa/nrf_fprintf.c.o
 .debug_line    0x0000000000007556      0x769 _build/nrf52832_xxaa/nrf_fprintf_format.c.o
 .debug_line    0x0000000000007cbf      0x85b _build/nrf52832_xxaa/nrf_memobj.c.o
 .debug_line    0x000000000000851a      0xbc9 _build/nrf52832_xxaa/nrf_pwr_mgmt.c.o
 .debug_line    0x00000000000090e3      0x71a _build/nrf52832_xxaa/nrf_ringbuf.c.o
 .debug_line    0x00000000000097fd      0x563 _build/nrf52832_xxaa/nrf_section_iter.c.o
 .debug_line    0x0000000000009d60      0x566 _build/nrf52832_xxaa/nrf_strerror.c.o
 .debug_line    0x000000000000a2c6      0x457 _build/nrf52832_xxaa/system_nrf52.c.o
 .debug_line    0x000000000000a71d      0x911 _build/nrf52832_xxaa/boards.c.o
 .debug_line    0x000000000000b02e      0xc22 _build/nrf52832_xxaa/nrf_drv_clock.c.o
 .debug_line    0x000000000000bc50      0x80b _build/nrf52832_xxaa/nrf_drv_uart.c.o
 .debug_line    0x000000000000c45b      0xc9c _build/nrf52832_xxaa/nrfx_clock.c.o
 .debug_line    0x000000000000d0f7     0x131f _build/nrf52832_xxaa/nrfx_gpiote.c.o
 .debug_line    0x000000000000e416      0x909 _build/nrf52832_xxaa/nrfx_prs.c.o
 .debug_line    0x000000000000ed1f      0xffa _build/nrf52832_xxaa/nrfx_uart.c.o
 .debug_line    0x000000000000fd19      0xf22 _build/nrf52832_xxaa/nrfx_uarte.c.o
 .debug_line    0x0000000000010c3b      0xbd7 _build/nrf52832_xxaa/bsp.c.o
 .debug_line    0x0000000000011812      0x9bc _build/nrf52832_xxaa/bsp_btn_ble.c.o
 .debug_line    0x00000000000121ce     0x1116 _build/nrf52832_xxaa/main.c.o
 .debug_line    0x00000000000132e4      0xac7 _build/nrf52832_xxaa/ble_conn_state.c.o
 .debug_line    0x0000000000013dab      0xdf9 _build/nrf52832_xxaa/peer_manager_handler.c.o
 .debug_line    0x0000000000014ba4      0x97c _build/nrf52832_xxaa/nrf_sdh.c.o
 .debug_line    0x0000000000015520      0x8c0 _build/nrf52832_xxaa/nrf_sdh_ble.c.o
 .debug_line    0x0000000000015de0      0x738 _build/nrf52832_xxaa/nrf_sdh_soc.c.o

.debug_info     0x0000000000000000    0x3e9d2
 .debug_info    0x0000000000000000       0x26 _build/nrf52832_xxaa/gcc_startup_nrf52.S.o
 .debug_info    0x0000000000000026     0x1125 _build/nrf52832_xxaa/nrf_log_backend_serial.c.o
 .debug_info    0x000000000000114b     0x1ac6 _build/nrf52832_xxaa/nrf_log_backend_uart.c.o
 .debug_info    0x0000000000002c11      0xccc _build/nrf52832_xxaa/nrf_log_default_backends.c.o
 .debug_info    0x00000000000038dd     0x392c _build/nrf52832_xxaa/nrf_log_frontend.c.o
 .debug_info    0x0000000000007209     0x1380 _build/nrf52832_xxaa/nrf_log_str_formatter.c.o
 .debug_info    0x0000000000008589      0xf13 _build/nrf52832_xxaa/app_button.c.o
 .debug_info    0x000000000000949c      0xaeb _build/nrf52832_xxaa/app_error.c.o
 .debug_info    0x0000000000009f87      0xf19 _build/nrf52832_xxaa/app_error_weak.c.o
 .debug_info    0x000000000000aea0     0x23d3 _build/nrf52832_xxaa/app_timer.c.o
 .debug_info    0x000000000000d273     0x119d _build/nrf52832_xxaa/app_util_platform.c.o
 .debug_info    0x000000000000e410      0xdfe _build/nrf52832_xxaa/nrf_atflags.c.o
 .debug_info    0x000000000000f20e     0x122a _build/nrf52832_xxaa/nrf_atomic.c.o
 .debug_info    0x0000000000010438      0xd8d _build/nrf52832_xxaa/nrf_balloc.c.o
 .debug_info    0x00000000000111c5      0xaa8 _build/nrf52832_xxaa/nrf_fprintf.c.o
 .debug_info    0x0000000000011c6d     0x132f _build/nrf52832_xxaa/nrf_fprintf_format.c.o
 .debug_info    0x0000000000012f9c     0x136c _build/nrf52832_xxaa/nrf_memobj.c.o
 .debug_info    0x0000000000014308     0x1c36 _build/nrf52832_xxaa/nrf_pwr_mgmt.c.o
 .debug_info    0x0000000000015f3e      0xe3a _build/nrf52832_xxaa/nrf_ringbuf.c.o
 .debug_info    0x0000000000016d78      0xa21 _build/nrf52832_xxaa/nrf_section_iter.c.o
 .debug_info    0x0000000000017799      0xaa2 _build/nrf52832_xxaa/nrf_strerror.c.o
 .debug_info    0x000000000001823b     0x1139 _build/nrf52832_xxaa/system_nrf52.c.o
 .debug_info    0x0000000000019374     0x14d0 _build/nrf52832_xxaa/boards.c.o
 .debug_info    0x000000000001a844     0x1e1e _build/nrf52832_xxaa/nrf_drv_clock.c.o
 .debug_info    0x000000000001c662     0x193f _build/nrf52832_xxaa/nrf_drv_uart.c.o
 .debug_info    0x000000000001dfa1     0x1e98 _build/nrf52832_xxaa/nrfx_clock.c.o
 .debug_info    0x000000000001fe39     0x398f _build/nrf52832_xxaa/nrfx_gpiote.c.o
 .debug_info    0x00000000000237c8     0x10d0 _build/nrf52832_xxaa/nrfx_prs.c.o
 .debug_info    0x0000000000024898     0x383f _build/nrf52832_xxaa/nrfx_uart.c.o
 .debug_info    0x00000000000280d7     0x3576 _build/nrf52832_xxaa/nrfx_uarte.c.o
 .debug_info    0x000000000002b64d     0x2160 _build/nrf52832_xxaa/bsp.c.o
 .debug_info    0x000000000002d7ad     0x25b3 _build/nrf52832_xxaa/bsp_btn_ble.c.o
 .debug_info    0x000000000002fd60     0x2155 _build/nrf52832_xxaa/main.c.o
 .debug_info    0x0000000000031eb5     0x32df _build/nrf52832_xxaa/ble_conn_state.c.o
 .debug_info    0x0000000000035194     0x3b07 _build/nrf52832_xxaa/peer_manager_handler.c.o
 .debug_info    0x0000000000038c9b     0x1d9a _build/nrf52832_xxaa/nrf_sdh.c.o
 .debug_info    0x000000000003aa35     0x311b _build/nrf52832_xxaa/nrf_sdh_ble.c.o
 .debug_info    0x000000000003db50      0xe82 _build/nrf52832_xxaa/nrf_sdh_soc.c.o

.debug_abbrev   0x0000000000000000     0x84fc
 .debug_abbrev  0x0000000000000000       0x14 _build/nrf52832_xxaa/gcc_startup_nrf52.S.o
 .debug_abbrev  0x0000000000000014      0x27f _build/nrf52832_xxaa/nrf_log_backend_serial.c.o
 .debug_abbrev  0x0000000000000293      0x3ca _build/nrf52832_xxaa/nrf_log_backend_uart.c.o
 .debug_abbrev  0x000000000000065d      0x256 _build/nrf52832_xxaa/nrf_log_default_backends.c.o
 .debug_abbrev  0x00000000000008b3      0x598 _build/nrf52832_xxaa/nrf_log_frontend.c.o
 .debug_abbrev  0x0000000000000e4b      0x2ba _build/nrf52832_xxaa/nrf_log_str_formatter.c.o
 .debug_abbrev  0x0000000000001105      0x2d9 _build/nrf52832_xxaa/app_button.c.o
 .debug_abbrev  0x00000000000013de      0x235 _build/nrf52832_xxaa/app_error.c.o
 .debug_abbrev  0x0000000000001613      0x298 _build/nrf52832_xxaa/app_error_weak.c.o
 .debug_abbrev  0x00000000000018ab      0x49d _build/nrf52832_xxaa/app_timer.c.o
 .debug_abbrev  0x0000000000001d48      0x381 _build/nrf52832_xxaa/app_util_platform.c.o
 .debug_abbrev  0x00000000000020c9      0x305 _build/nrf52832_xxaa/nrf_atflags.c.o
 .debug_abbrev  0x00000000000023ce      0x31f _build/nrf52832_xxaa/nrf_atomic.c.o
 .debug_abbrev  0x00000000000026ed      0x302 _build/nrf52832_xxaa/nrf_balloc.c.o
 .debug_abbrev  0x00000000000029ef      0x239 _build/nrf52832_xxaa/nrf_fprintf.c.o
 .debug_abbrev  0x0000000000002c28      0x347 _build/nrf52832_xxaa/nrf_fprintf_format.c.o
 .debug_abbrev  0x0000000000002f6f      0x350 _build/nrf52832_xxaa/nrf_memobj.c.o
 .debug_abbrev  0x00000000000032bf      0x46d _build/nrf52832_xxaa/nrf_pwr_mgmt.c.o
 .debug_abbrev  0x000000000000372c      0x265 _build/nrf52832_xxaa/nrf_ringbuf.c.o
 .debug_abbrev  0x0000000000003991      0x1da _build/nrf52832_xxaa/nrf_section_iter.c.o
 .debug_abbrev  0x0000000000003b6b      0x248 _build/nrf52832_xxaa/nrf_strerror.c.o
 .debug_abbrev  0x0000000000003db3      0x1e2 _build/nrf52832_xxaa/system_nrf52.c.o
 .debug_abbrev  0x0000000000003f95      0x3b5 _build/nrf52832_xxaa/boards.c.o
 .debug_abbrev  0x000000000000434a      0x550 _build/nrf52832_xxaa/nrf_drv_clock.c.o
 .debug_abbrev  0x000000000000489a      0x298 _build/nrf52832_xxaa/nrf_drv_uart.c.o
 .debug_abbrev  0x0000000000004b32      0x4e2 _build/nrf52832_xxaa/nrfx_clock.c.o
 .debug_abbrev  0x0000000000005014      0x522 _build/nrf52832_xxaa/nrfx_gpiote.c.o
 .debug_abbrev  0x0000000000005536      0x30c _build/nrf52832_xxaa/nrfx_prs.c.o
 .debug_abbrev  0x0000000000005842      0x4fe _build/nrf52832_xxaa/nrfx_uart.c.o
 .debug_abbrev  0x0000000000005d40      0x4c8 _build/nrf52832_xxaa/nrfx_uarte.c.o
 .debug_abbrev  0x0000000000006208      0x4bf _build/nrf52832_xxaa/bsp.c.o
 .debug_abbrev  0x00000000000066c7      0x37d _build/nrf52832_xxaa/bsp_btn_ble.c.o
 .debug_abbrev  0x0000000000006a44      0x521 _build/nrf52832_xxaa/main.c.o
 .debug_abbrev  0x0000000000006f65      0x4f5 _build/nrf52832_xxaa/ble_conn_state.c.o
 .debug_abbrev  0x000000000000745a      0x4be _build/nrf52832_xxaa/peer_manager_handler.c.o
 .debug_abbrev  0x0000000000007918      0x4e7 _build/nrf52832_xxaa/nrf_sdh.c.o
 .debug_abbrev  0x0000000000007dff      0x43b _build/nrf52832_xxaa/nrf_sdh_ble.c.o
 .debug_abbrev  0x000000000000823a      0x2c2 _build/nrf52832_xxaa/nrf_sdh_soc.c.o

.debug_aranges  0x0000000000000000      0xcd8
 .debug_aranges
                0x0000000000000000       0x20 _build/nrf52832_xxaa/gcc_startup_nrf52.S.o
 .debug_aranges
                0x0000000000000020       0x20 _build/nrf52832_xxaa/nrf_log_backend_serial.c.o
 .debug_aranges
                0x0000000000000040       0x48 _build/nrf52832_xxaa/nrf_log_backend_uart.c.o
 .debug_aranges
                0x0000000000000088       0x20 _build/nrf52832_xxaa/nrf_log_default_backends.c.o
 .debug_aranges
                0x00000000000000a8       0xc8 _build/nrf52832_xxaa/nrf_log_frontend.c.o
 .debug_aranges
                0x0000000000000170       0x30 _build/nrf52832_xxaa/nrf_log_str_formatter.c.o
 .debug_aranges
                0x00000000000001a0       0x48 _build/nrf52832_xxaa/app_button.c.o
 .debug_aranges
                0x00000000000001e8       0x28 _build/nrf52832_xxaa/app_error.c.o
 .debug_aranges
                0x0000000000000210       0x20 _build/nrf52832_xxaa/app_error_weak.c.o
 .debug_aranges
                0x0000000000000230       0x70 _build/nrf52832_xxaa/app_timer.c.o
 .debug_aranges
                0x00000000000002a0       0x48 _build/nrf52832_xxaa/app_util_platform.c.o
 .debug_aranges
                0x00000000000002e8       0x58 _build/nrf52832_xxaa/nrf_atflags.c.o
 .debug_aranges
                0x0000000000000340       0xb0 _build/nrf52832_xxaa/nrf_atomic.c.o
 .debug_aranges
                0x00000000000003f0       0x30 _build/nrf52832_xxaa/nrf_balloc.c.o
 .debug_aranges
                0x0000000000000420       0x28 _build/nrf52832_xxaa/nrf_fprintf.c.o
 .debug_aranges
                0x0000000000000448       0x28 _build/nrf52832_xxaa/nrf_fprintf_format.c.o
 .debug_aranges
                0x0000000000000470       0x50 _build/nrf52832_xxaa/nrf_memobj.c.o
 .debug_aranges
                0x00000000000004c0       0x48 _build/nrf52832_xxaa/nrf_pwr_mgmt.c.o
 .debug_aranges
                0x0000000000000508       0x50 _build/nrf52832_xxaa/nrf_ringbuf.c.o
 .debug_aranges
                0x0000000000000558       0x28 _build/nrf52832_xxaa/nrf_section_iter.c.o
 .debug_aranges
                0x0000000000000580       0x28 _build/nrf52832_xxaa/nrf_strerror.c.o
 .debug_aranges
                0x00000000000005a8       0x28 _build/nrf52832_xxaa/system_nrf52.c.o
 .debug_aranges
                0x00000000000005d0       0x78 _build/nrf52832_xxaa/boards.c.o
 .debug_aranges
                0x0000000000000648       0xa8 _build/nrf52832_xxaa/nrf_drv_clock.c.o
 .debug_aranges
                0x00000000000006f0       0x30 _build/nrf52832_xxaa/nrf_drv_uart.c.o
 .debug_aranges
                0x0000000000000720       0x80 _build/nrf52832_xxaa/nrfx_clock.c.o
 .debug_aranges
                0x00000000000007a0       0xd8 _build/nrf52832_xxaa/nrfx_gpiote.c.o
 .debug_aranges
                0x0000000000000878       0x30 _build/nrf52832_xxaa/nrfx_prs.c.o
 .debug_aranges
                0x00000000000008a8       0x78 _build/nrf52832_xxaa/nrfx_uart.c.o
 .debug_aranges
                0x0000000000000920       0x68 _build/nrf52832_xxaa/nrfx_uarte.c.o
 .debug_aranges
                0x0000000000000988       0x78 _build/nrf52832_xxaa/bsp.c.o
 .debug_aranges
                0x0000000000000a00       0x30 _build/nrf52832_xxaa/bsp_btn_ble.c.o
 .debug_aranges
                0x0000000000000a30       0xa8 _build/nrf52832_xxaa/main.c.o
 .debug_aranges
                0x0000000000000ad8       0xc0 _build/nrf52832_xxaa/ble_conn_state.c.o
 .debug_aranges
                0x0000000000000b98       0x58 _build/nrf52832_xxaa/peer_manager_handler.c.o
 .debug_aranges
                0x0000000000000bf0       0x70 _build/nrf52832_xxaa/nrf_sdh.c.o
 .debug_aranges
                0x0000000000000c60       0x50 _build/nrf52832_xxaa/nrf_sdh_ble.c.o
 .debug_aranges
                0x0000000000000cb0       0x28 _build/nrf52832_xxaa/nrf_sdh_soc.c.o

.debug_str      0x0000000000000000    0x94c37
 .debug_str     0x0000000000000000       0xa8 _build/nrf52832_xxaa/gcc_startup_nrf52.S.o
 .debug_str     0x00000000000000a8    0x7387f _build/nrf52832_xxaa/nrf_log_backend_serial.c.o
                                      0x7591c (size before relaxing)
 .debug_str     0x0000000000073927     0x8533 _build/nrf52832_xxaa/nrf_log_backend_uart.c.o
                                      0x7d93a (size before relaxing)
 .debug_str     0x000000000007be5a      0x11c _build/nrf52832_xxaa/nrf_log_default_backends.c.o
                                      0x756d3 (size before relaxing)
 .debug_str     0x000000000007bf76     0x1372 _build/nrf52832_xxaa/nrf_log_frontend.c.o
                                      0x76b8a (size before relaxing)
 .debug_str     0x000000000007d2e8      0x6a4 _build/nrf52832_xxaa/nrf_log_str_formatter.c.o
                                      0x75e34 (size before relaxing)
 .debug_str     0x000000000007d98c     0x1636 _build/nrf52832_xxaa/app_button.c.o
                                      0x7a8b7 (size before relaxing)
 .debug_str     0x000000000007efc2       0xf4 _build/nrf52832_xxaa/app_error.c.o
                                      0x609c0 (size before relaxing)
 .debug_str     0x000000000007f0b6      0xa52 _build/nrf52832_xxaa/app_error_weak.c.o
                                      0x76715 (size before relaxing)
 .debug_str     0x000000000007fb08      0xb33 _build/nrf52832_xxaa/app_timer.c.o
                                      0x7a281 (size before relaxing)
 .debug_str     0x000000000008063b      0x24e _build/nrf52832_xxaa/app_util_platform.c.o
                                      0x61ed8 (size before relaxing)
 .debug_str     0x0000000000080889      0x3c4 _build/nrf52832_xxaa/nrf_atflags.c.o
                                      0x708ec (size before relaxing)
 .debug_str     0x0000000000080c4d      0x663 _build/nrf52832_xxaa/nrf_atomic.c.o
                                      0x70c47 (size before relaxing)
 .debug_str     0x00000000000812b0      0x164 _build/nrf52832_xxaa/nrf_balloc.c.o
                                      0x756cd (size before relaxing)
 .debug_str     0x0000000000081414      0x144 _build/nrf52832_xxaa/nrf_fprintf.c.o
                                      0x708a0 (size before relaxing)
 .debug_str     0x0000000000081558      0x11d _build/nrf52832_xxaa/nrf_fprintf_format.c.o
                                      0x70995 (size before relaxing)
 .debug_str     0x0000000000081675      0x1a5 _build/nrf52832_xxaa/nrf_memobj.c.o
                                      0x73a85 (size before relaxing)
 .debug_str     0x000000000008181a     0x16c5 _build/nrf52832_xxaa/nrf_pwr_mgmt.c.o
                                      0x7eae7 (size before relaxing)
 .debug_str     0x0000000000082edf       0xdc _build/nrf52832_xxaa/nrf_ringbuf.c.o
                                      0x72177 (size before relaxing)
 .debug_str     0x0000000000082fbb       0x54 _build/nrf52832_xxaa/nrf_section_iter.c.o
                                      0x70a6f (size before relaxing)
 .debug_str     0x000000000008300f       0xed _build/nrf52832_xxaa/nrf_strerror.c.o
                                      0x7060c (size before relaxing)
 .debug_str     0x00000000000830fc      0x368 _build/nrf52832_xxaa/system_nrf52.c.o
                                      0x5c4c2 (size before relaxing)
 .debug_str     0x0000000000083464     0x148e _build/nrf52832_xxaa/boards.c.o
                                      0x7a26f (size before relaxing)
 .debug_str     0x00000000000848f2      0xe8b _build/nrf52832_xxaa/nrf_drv_clock.c.o
                                      0x7d7ae (size before relaxing)
 .debug_str     0x000000000008577d      0x470 _build/nrf52832_xxaa/nrf_drv_uart.c.o
                                      0x7a14d (size before relaxing)
 .debug_str     0x0000000000085bed      0x942 _build/nrf52832_xxaa/nrfx_clock.c.o
                                      0x7cd86 (size before relaxing)
 .debug_str     0x000000000008652f      0xd47 _build/nrf52832_xxaa/nrfx_gpiote.c.o
                                      0x7de8e (size before relaxing)
 .debug_str     0x0000000000087276      0x334 _build/nrf52832_xxaa/nrfx_prs.c.o
                                      0x7c37c (size before relaxing)
 .debug_str     0x00000000000875aa      0x6a7 _build/nrf52832_xxaa/nrfx_uart.c.o
                                      0x7d50a (size before relaxing)
 .debug_str     0x0000000000087c51      0x976 _build/nrf52832_xxaa/nrfx_uarte.c.o
                                      0x7d99e (size before relaxing)
 .debug_str     0x00000000000885c7      0xfe6 _build/nrf52832_xxaa/bsp.c.o
                                      0x7b32b (size before relaxing)
 .debug_str     0x00000000000895ad     0x6af0 _build/nrf52832_xxaa/bsp_btn_ble.c.o
                                      0x813a7 (size before relaxing)
 .debug_str     0x000000000009009d     0x2267 _build/nrf52832_xxaa/main.c.o
                                      0x86dbe (size before relaxing)
 .debug_str     0x0000000000092304      0x8ac _build/nrf52832_xxaa/ble_conn_state.c.o
                                      0x795df (size before relaxing)
 .debug_str     0x0000000000092bb0     0x12b8 _build/nrf52832_xxaa/peer_manager_handler.c.o
                                      0x7d86b (size before relaxing)
 .debug_str     0x0000000000093e68      0x4f4 _build/nrf52832_xxaa/nrf_sdh.c.o
                                      0x760fc (size before relaxing)
 .debug_str     0x000000000009435c      0x757 _build/nrf52832_xxaa/nrf_sdh_ble.c.o